Archive member included to satisfy reference by file (symbol)

c:/program files (x86)/atmel/studio/7.0/toolchain/arm/arm-gnu-toolchain/bin/../lib/gcc/arm-none-eabi/6.3.1/thumb/v6-m\libgcc.a(_udivsi3.o)
                              src/ASF/common2/components/memory/sd_mmc/sd_mmc.o (__aeabi_uidiv)
c:/program files (x86)/atmel/studio/7.0/toolchain/arm/arm-gnu-toolchain/bin/../lib/gcc/arm-none-eabi/6.3.1/thumb/v6-m\libgcc.a(_divsi3.o)
                              src/ASF/thirdparty/fatfs/fatfs-r0.09/src/ff.o (__aeabi_idiv)
c:/program files (x86)/atmel/studio/7.0/toolchain/arm/arm-gnu-toolchain/bin/../lib/gcc/arm-none-eabi/6.3.1/thumb/v6-m\libgcc.a(_dvmd_tls.o)
                              c:/program files (x86)/atmel/studio/7.0/toolchain/arm/arm-gnu-toolchain/bin/../lib/gcc/arm-none-eabi/6.3.1/thumb/v6-m\libgcc.a(_udivsi3.o) (__aeabi_idiv0)
c:/program files (x86)/atmel/studio/7.0/toolchain/arm/arm-gnu-toolchain/bin/../lib/gcc/arm-none-eabi/6.3.1/thumb/v6-m\libgcc.a(_clzsi2.o)
                              src/ASF/sam0/drivers/usb/usb_sam_d_r/usb.o (__clzsi2)
c:/program files (x86)/atmel/studio/7.0/toolchain/arm/arm-gnu-toolchain/bin/../lib/gcc/arm-none-eabi/6.3.1/thumb/v6-m\libgcc.a(_ctzsi2.o)
                              src/ASF/sam0/drivers/usb/usb_sam_d_r/usb.o (__ctzsi2)
c:/program files (x86)/atmel/studio/7.0/toolchain/arm/arm-gnu-toolchain/bin/../lib/gcc/arm-none-eabi/6.3.1/thumb/v6-m\libgcc.a(_aeabi_uldivmod.o)
                              src/ASF/common2/components/memory/sd_mmc/sd_mmc.o (__aeabi_uldivmod)
c:/program files (x86)/atmel/studio/7.0/toolchain/arm/arm-gnu-toolchain/bin/../lib/gcc/arm-none-eabi/6.3.1/thumb/v6-m\libgcc.a(_muldi3.o)
                              src/ASF/common2/components/memory/sd_mmc/sd_mmc.o (__aeabi_lmul)
c:/program files (x86)/atmel/studio/7.0/toolchain/arm/arm-gnu-toolchain/bin/../lib/gcc/arm-none-eabi/6.3.1/thumb/v6-m\libgcc.a(_udivmoddi4.o)
                              c:/program files (x86)/atmel/studio/7.0/toolchain/arm/arm-gnu-toolchain/bin/../lib/gcc/arm-none-eabi/6.3.1/thumb/v6-m\libgcc.a(_aeabi_uldivmod.o) (__udivmoddi4)
c:/program files (x86)/atmel/studio/7.0/toolchain/arm/arm-gnu-toolchain/bin/../lib/gcc/arm-none-eabi/6.3.1/thumb/v6-m\libgcc.a(_clzdi2.o)
                              c:/program files (x86)/atmel/studio/7.0/toolchain/arm/arm-gnu-toolchain/bin/../lib/gcc/arm-none-eabi/6.3.1/thumb/v6-m\libgcc.a(_udivmoddi4.o) (__clzdi2)
c:/program files (x86)/atmel/studio/7.0/toolchain/arm/arm-gnu-toolchain/bin/../lib/gcc/arm-none-eabi/6.3.1/../../../../arm-none-eabi/lib/thumb/v6-m\libc_nano.a(lib_a-exit.o)
                              c:/program files (x86)/atmel/studio/7.0/toolchain/arm/arm-gnu-toolchain/bin/../lib/gcc/arm-none-eabi/6.3.1/../../../../arm-none-eabi/lib/thumb/v6-m/crt0.o (exit)
c:/program files (x86)/atmel/studio/7.0/toolchain/arm/arm-gnu-toolchain/bin/../lib/gcc/arm-none-eabi/6.3.1/../../../../arm-none-eabi/lib/thumb/v6-m\libc_nano.a(lib_a-impure.o)
                              c:/program files (x86)/atmel/studio/7.0/toolchain/arm/arm-gnu-toolchain/bin/../lib/gcc/arm-none-eabi/6.3.1/../../../../arm-none-eabi/lib/thumb/v6-m\libc_nano.a(lib_a-exit.o) (_global_impure_ptr)
c:/program files (x86)/atmel/studio/7.0/toolchain/arm/arm-gnu-toolchain/bin/../lib/gcc/arm-none-eabi/6.3.1/../../../../arm-none-eabi/lib/thumb/v6-m\libc_nano.a(lib_a-init.o)
                              c:/program files (x86)/atmel/studio/7.0/toolchain/arm/arm-gnu-toolchain/bin/../lib/gcc/arm-none-eabi/6.3.1/../../../../arm-none-eabi/lib/thumb/v6-m/crt0.o (__libc_init_array)
c:/program files (x86)/atmel/studio/7.0/toolchain/arm/arm-gnu-toolchain/bin/../lib/gcc/arm-none-eabi/6.3.1/../../../../arm-none-eabi/lib/thumb/v6-m\libc_nano.a(lib_a-memcpy-stub.o)
                              src/ASF/common/services/usb/class/msc/device/udi_msc.o (memcpy)
c:/program files (x86)/atmel/studio/7.0/toolchain/arm/arm-gnu-toolchain/bin/../lib/gcc/arm-none-eabi/6.3.1/../../../../arm-none-eabi/lib/thumb/v6-m\libc_nano.a(lib_a-memset.o)
                              c:/program files (x86)/atmel/studio/7.0/toolchain/arm/arm-gnu-toolchain/bin/../lib/gcc/arm-none-eabi/6.3.1/../../../../arm-none-eabi/lib/thumb/v6-m/crt0.o (memset)

Allocating common symbols
Common symbol       size              file

_rtc_instance       0x4               src/ASF/sam0/drivers/rtc/rtc_sam_d_r_h/rtc_calendar.o
udd_ep_out_cache_buffer
                    0x80              src/ASF/sam0/drivers/usb/stack_interface/usb_device_udd.o
usb_descriptor_table
                    0x100             src/ASF/sam0/drivers/usb/usb_sam_d_r/usb.o
rtc_instance        0x8               src/ASF/thirdparty/fatfs/fatfs-port-r0.09/diskio.o
udi_msc_b_abort_trans
                    0x1               src/ASF/common/services/usb/class/msc/device/udi_msc.o
usb_device          0x168             src/ASF/sam0/drivers/usb/stack_interface/usb_device_udd.o
ptr_get             0x4               src/ASF/sam0/utils/stdio/read.o
[...]
Memory Configuration

Name             Origin             Length             Attributes
rom              0x00000000         0x00040000         xr
ram              0x20000000         0x00008000         xrw
*default*        0x00000000         0xffffffff

Linker script and memory map

LOAD c:/program files (x86)/atmel/studio/7.0/toolchain/arm/arm-gnu-toolchain/bin/../lib/gcc/arm-none-eabi/6.3.1/thumb/v6-m/crti.o
LOAD c:/program files (x86)/atmel/studio/7.0/toolchain/arm/arm-gnu-toolchain/bin/../lib/gcc/arm-none-eabi/6.3.1/thumb/v6-m/crtbegin.o
LOAD c:/program files (x86)/atmel/studio/7.0/toolchain/arm/arm-gnu-toolchain/bin/../lib/gcc/arm-none-eabi/6.3.1/../../../../arm-none-eabi/lib/thumb/v6-m/crt0.o
LOAD src/ASF/common2/components/memory/sd_mmc/sd_mmc.o
LOAD src/ASF/sam0/drivers/sercom/sercom_interrupt.o
LOAD src/ASF/sam0/utils/stdio/read.o
LOAD src/ASF/sam0/utils/stdio/write.o
LOAD src/memories_initialization_samd.o
LOAD src/ui.o
LOAD src/ASF/sam0/drivers/sercom/usart/usart.o
LOAD src/ASF/sam0/drivers/sercom/usart/usart_interrupt.o
LOAD src/ASF/common/services/sleepmgr/samd/sleepmgr.o
LOAD src/ASF/common/services/usb/class/msc/device/udi_msc.o
LOAD src/ASF/common/services/usb/udc/udc.o
LOAD src/ASF/sam0/drivers/extint/extint_sam_d_r_h/extint.o
LOAD src/ASF/sam0/drivers/usb/stack_interface/usb_device_udd.o
LOAD src/ASF/sam0/drivers/usb/stack_interface/usb_dual.o
LOAD src/ASF/sam0/drivers/usb/usb_sam_d_r/usb.o
LOAD src/ASF/sam0/drivers/extint/extint_callback.o
LOAD src/ASF/common/services/usb/class/msc/device/udi_msc_desc.o
LOAD src/ASF/sam0/drivers/sercom/sercom.o
LOAD src/ASF/sam0/drivers/sercom/spi/spi.o
LOAD src/ASF/common2/services/delay/sam0/cycle_counter.o
LOAD src/ASF/common2/components/memory/sd_mmc/sd_mmc_mem.o
LOAD src/ASF/common2/components/memory/sd_mmc/sd_mmc_spi.o
LOAD src/ASF/common/services/storage/ctrl_access/ctrl_access.o
LOAD src/ASF/sam0/drivers/port/port.o
LOAD src/ASF/sam0/drivers/rtc/rtc_sam_d_r_h/rtc_calendar.o
LOAD src/ASF/thirdparty/fatfs/fatfs-port-r0.09/diskio.o
LOAD src/ASF/thirdparty/fatfs/fatfs-port-r0.09/sam0/fattime_rtc.o
LOAD src/ASF/thirdparty/fatfs/fatfs-r0.09/src/option/ccsbcs.o
LOAD src/ASF/thirdparty/fatfs/fatfs-r0.09/src/ff.o
LOAD src/ASF/common2/boards/user_board/init.o
LOAD src/ASF/common/utils/interrupt/interrupt_sam_nvic.o
LOAD src/ASF/sam0/drivers/system/clock/clock_samd21_r21_da_ha1/clock.o
LOAD src/ASF/sam0/drivers/system/clock/clock_samd21_r21_da_ha1/gclk.o
LOAD src/ASF/sam0/drivers/system/interrupt/system_interrupt.o
LOAD src/ASF/sam0/drivers/system/pinmux/pinmux.o
LOAD src/ASF/sam0/drivers/system/system.o
LOAD src/ASF/sam0/utils/cmsis/samd21/source/gcc/startup_samd21.o
LOAD src/ASF/sam0/utils/cmsis/samd21/source/system_samd21.o
LOAD src/ASF/sam0/utils/syscalls/gcc/syscalls.o
LOAD src/main.o
START GROUP
LOAD ../src/ASF/thirdparty/CMSIS/Lib/GCC\libarm_cortexM0l_math.a
LOAD c:/program files (x86)/atmel/studio/7.0/toolchain/arm/arm-gnu-toolchain/bin/../lib/gcc/arm-none-eabi/6.3.1/../../../../arm-none-eabi/lib/thumb/v6-m\libm.a
END GROUP
START GROUP
LOAD c:/program files (x86)/atmel/studio/7.0/toolchain/arm/arm-gnu-toolchain/bin/../lib/gcc/arm-none-eabi/6.3.1/thumb/v6-m\libgcc.a
LOAD c:/program files (x86)/atmel/studio/7.0/toolchain/arm/arm-gnu-toolchain/bin/../lib/gcc/arm-none-eabi/6.3.1/../../../../arm-none-eabi/lib/thumb/v6-m\libc_nano.a
END GROUP
START GROUP
LOAD c:/program files (x86)/atmel/studio/7.0/toolchain/arm/arm-gnu-toolchain/bin/../lib/gcc/arm-none-eabi/6.3.1/thumb/v6-m\libgcc.a
LOAD c:/program files (x86)/atmel/studio/7.0/toolchain/arm/arm-gnu-toolchain/bin/../lib/gcc/arm-none-eabi/6.3.1/../../../../arm-none-eabi/lib/thumb/v6-m\libc_nano.a
END GROUP
LOAD c:/program files (x86)/atmel/studio/7.0/toolchain/arm/arm-gnu-toolchain/bin/../lib/gcc/arm-none-eabi/6.3.1/thumb/v6-m/crtend.o
LOAD c:/program files (x86)/atmel/studio/7.0/toolchain/arm/arm-gnu-toolchain/bin/../lib/gcc/arm-none-eabi/6.3.1/thumb/v6-m/crtn.o
                0x00002000                STACK_SIZE = DEFINED (STACK_SIZE)?STACK_SIZE:DEFINED (__stack_size__)?__stack_size__:0x2000

.text           0x00000000     0x5e94
                0x00000000                . = ALIGN (0x4)
                0x00000000                _sfixed = .
 *(.vectors .vectors.*)
 .vectors       0x00000000       0xb4 src/ASF/sam0/utils/cmsis/samd21/source/gcc/startup_samd21.o
                0x00000000                exception_table
 *(.text .text.* .gnu.linkonce.t.*)
 .text          0x000000b4       0x60 c:/program files (x86)/atmel/studio/7.0/toolchain/arm/arm-gnu-toolchain/bin/../lib/gcc/arm-none-eabi/6.3.1/thumb/v6-m/crtbegin.o
 .text.sd_mmc_configure_slot
                0x00000114       0x2c src/ASF/common2/components/memory/sd_mmc/sd_mmc.o
 .text.sd_mmc_select_slot
                0x00000140      0x14c src/ASF/common2/components/memory/sd_mmc/sd_mmc.o
 .text.sd_mmc_cmd13
                0x0000028c       0x38 src/ASF/common2/components/memory/sd_mmc/sd_mmc.o
 .text.sd_mmc_cmd9_spi
                0x000002c4       0x4c src/ASF/common2/components/memory/sd_mmc/sd_mmc.o
 .text.sd_mmc_deselect_slot
                0x00000310       0x1c src/ASF/common2/components/memory/sd_mmc/sd_mmc.o
 .text.sd_mmc_init
                0x0000032c       0x20 src/ASF/common2/components/memory/sd_mmc/sd_mmc.o
                0x0000032c                sd_mmc_init
 .text.sd_mmc_check
                0x0000034c      0x4b0 src/ASF/common2/components/memory/sd_mmc/sd_mmc.o
                0x0000034c                sd_mmc_check
 .text.sd_mmc_get_type
                0x000007fc       0x28 src/ASF/common2/components/memory/sd_mmc/sd_mmc.o
                0x000007fc                sd_mmc_get_type
 .text.sd_mmc_get_capacity
                0x00000824       0x28 src/ASF/common2/components/memory/sd_mmc/sd_mmc.o
                0x00000824                sd_mmc_get_capacity
 .text.sd_mmc_is_write_protected
                0x0000084c        0x4 src/ASF/common2/components/memory/sd_mmc/sd_mmc.o
                0x0000084c                sd_mmc_is_write_protected
 .text.sd_mmc_init_read_blocks
                0x00000850       0x88 src/ASF/common2/components/memory/sd_mmc/sd_mmc.o
                0x00000850                sd_mmc_init_read_blocks
 .text.sd_mmc_start_read_blocks
                0x000008d8       0x2c src/ASF/common2/components/memory/sd_mmc/sd_mmc.o
                0x000008d8                sd_mmc_start_read_blocks
 .text.sd_mmc_wait_end_of_read_blocks
                0x00000904       0x70 src/ASF/common2/components/memory/sd_mmc/sd_mmc.o
                0x00000904                sd_mmc_wait_end_of_read_blocks
 .text.sd_mmc_init_write_blocks
                0x00000974       0x70 src/ASF/common2/components/memory/sd_mmc/sd_mmc.o
                0x00000974                sd_mmc_init_write_blocks
 .text.sd_mmc_start_write_blocks
                0x000009e4       0x2c src/ASF/common2/components/memory/sd_mmc/sd_mmc.o
                0x000009e4                sd_mmc_start_write_blocks
 .text.sd_mmc_wait_end_of_write_blocks
                0x00000a10       0x50 src/ASF/common2/components/memory/sd_mmc/sd_mmc.o
                0x00000a10                sd_mmc_wait_end_of_write_blocks
 .text.SERCOM0_Handler
                0x00000a60       0x10 src/ASF/sam0/drivers/sercom/sercom_interrupt.o
                0x00000a60                SERCOM0_Handler
 .text.SERCOM1_Handler
                0x00000a70       0x10 src/ASF/sam0/drivers/sercom/sercom_interrupt.o
                0x00000a70                SERCOM1_Handler
 .text.SERCOM2_Handler
                0x00000a80       0x10 src/ASF/sam0/drivers/sercom/sercom_interrupt.o
                0x00000a80                SERCOM2_Handler
 .text.SERCOM3_Handler
                0x00000a90       0x10 src/ASF/sam0/drivers/sercom/sercom_interrupt.o
                0x00000a90                SERCOM3_Handler
 .text.SERCOM4_Handler
                0x00000aa0       0x10 src/ASF/sam0/drivers/sercom/sercom_interrupt.o
                0x00000aa0                SERCOM4_Handler
 .text.SERCOM5_Handler
                0x00000ab0       0x10 src/ASF/sam0/drivers/sercom/sercom_interrupt.o
                0x00000ab0                SERCOM5_Handler
 .text.memories_initialization
                0x00000ac0        0x2 src/memories_initialization_samd.o
                0x00000ac0                memories_initialization
 *fill*         0x00000ac2        0x2 
 .text.ui_init  0x00000ac4       0x1c src/ui.o
                0x00000ac4                ui_init
 .text.ui_powerdown
                0x00000ae0       0x1c src/ui.o
                0x00000ae0                ui_powerdown
 .text.ui_wakeup
                0x00000afc       0x1c src/ui.o
                0x00000afc                ui_wakeup
 .text.ui_start_read
                0x00000b18        0x2 src/ui.o
                0x00000b18                ui_start_read
 .text.ui_stop_read
                0x00000b1a        0x2 src/ui.o
                0x00000b1a                ui_stop_read
 .text.ui_start_write
                0x00000b1c        0x2 src/ui.o
                0x00000b1c                ui_start_write
 .text.ui_stop_write
                0x00000b1e        0x2 src/ui.o
                0x00000b1e                ui_stop_write
 .text.ui_process
                0x00000b20       0x3c src/ui.o
                0x00000b20                ui_process
 .text.udi_msc_getsetting
                0x00000b5c        0x4 src/ASF/common/services/usb/class/msc/device/udi_msc.o
                0x00000b5c                udi_msc_getsetting
 .text.udi_msc_trans_ack
                0x00000b60       0x1c src/ASF/common/services/usb/class/msc/device/udi_msc.o
 .text.udi_msc_cbw_wait
                0x00000b7c       0x3c src/ASF/common/services/usb/class/msc/device/udi_msc.o
 .text.udi_msc_enable
                0x00000bb8       0x78 src/ASF/common/services/usb/class/msc/device/udi_msc.o
                0x00000bb8                udi_msc_enable
 .text.udi_msc_csw_sent
                0x00000c30        0xc src/ASF/common/services/usb/class/msc/device/udi_msc.o
 .text.udi_msc_csw_send
                0x00000c3c       0x3c src/ASF/common/services/usb/class/msc/device/udi_msc.o
                0x00000c3c                udi_msc_csw_send
 .text.udi_msc_cbw_invalid
                0x00000c78       0x2c src/ASF/common/services/usb/class/msc/device/udi_msc.o
 .text.udi_msc_csw_invalid
                0x00000ca4       0x2c src/ASF/common/services/usb/class/msc/device/udi_msc.o
 .text.udi_msc_csw_process
                0x00000cd0       0x40 src/ASF/common/services/usb/class/msc/device/udi_msc.o
 .text.udi_msc_clear_sense
                0x00000d10       0x20 src/ASF/common/services/usb/class/msc/device/udi_msc.o
 .text.udi_msc_sense_fail
                0x00000d30       0x38 src/ASF/common/services/usb/class/msc/device/udi_msc.o
 .text.udi_msc_sense_fail_cdb_invalid
                0x00000d68       0x14 src/ASF/common/services/usb/class/msc/device/udi_msc.o
 .text.udi_msc_cbw_validate
                0x00000d7c       0x38 src/ASF/common/services/usb/class/msc/device/udi_msc.o
 .text.udi_msc_sense_fail_hardware
                0x00000db4       0x14 src/ASF/common/services/usb/class/msc/device/udi_msc.o
 .text.udi_msc_data_send
                0x00000dc8       0x38 src/ASF/common/services/usb/class/msc/device/udi_msc.o
 .text.udi_msc_sense_fail_busy_or_change
                0x00000e00       0x14 src/ASF/common/services/usb/class/msc/device/udi_msc.o
 .text.udi_msc_sense_fail_not_present
                0x00000e14       0x14 src/ASF/common/services/usb/class/msc/device/udi_msc.o
 .text.udi_msc_sense_pass
                0x00000e28       0x18 src/ASF/common/services/usb/class/msc/device/udi_msc.o
 .text.udi_msc_data_sent
                0x00000e40       0x28 src/ASF/common/services/usb/class/msc/device/udi_msc.o
 .text.udi_msc_spc_mode_sense
                0x00000e68       0xb0 src/ASF/common/services/usb/class/msc/device/udi_msc.o
 .text.udi_msc_sbc_trans
                0x00000f18       0x88 src/ASF/common/services/usb/class/msc/device/udi_msc.o
 .text.udi_msc_cbw_received
                0x00000fa0      0x28c src/ASF/common/services/usb/class/msc/device/udi_msc.o
 .text.udi_msc_disable
                0x0000122c       0x28 src/ASF/common/services/usb/class/msc/device/udi_msc.o
                0x0000122c                udi_msc_disable
 .text.udi_msc_setup
                0x00001254       0x9c src/ASF/common/services/usb/class/msc/device/udi_msc.o
                0x00001254                udi_msc_setup
 .text.udi_msc_process_trans
                0x000012f0       0xb0 src/ASF/common/services/usb/class/msc/device/udi_msc.o
                0x000012f0                udi_msc_process_trans
 .text.udi_msc_trans_block
                0x000013a0       0x94 src/ASF/common/services/usb/class/msc/device/udi_msc.o
                0x000013a0                udi_msc_trans_block
 .text.udc_next_desc_in_iface
                0x00001434       0x4c src/ASF/common/services/usb/udc/udc.o
 .text.udc_valid_address
                0x00001480       0x18 src/ASF/common/services/usb/udc/udc.o
 .text.udc_update_iface_desc
                0x00001498       0x74 src/ASF/common/services/usb/udc/udc.o
 .text.udc_iface_disable
                0x0000150c       0x6c src/ASF/common/services/usb/udc/udc.o
 .text.udc_iface_enable
                0x00001578       0x58 src/ASF/common/services/usb/udc/udc.o
 .text.udc_start
                0x000015d0        0xc src/ASF/common/services/usb/udc/udc.o
                0x000015d0                udc_start
 .text.udc_reset
                0x000015dc       0x4c src/ASF/common/services/usb/udc/udc.o
                0x000015dc                udc_reset
 .text.udc_sof_notify
                0x00001628       0x44 src/ASF/common/services/usb/udc/udc.o
                0x00001628                udc_sof_notify
 .text.udc_process_setup
                0x0000166c      0x454 src/ASF/common/services/usb/udc/udc.o
                0x0000166c                udc_process_setup
 .text._extint_enable
                0x00001ac0       0x18 src/ASF/sam0/drivers/extint/extint_sam_d_r_h/extint.o
 .text._system_extint_init
                0x00001ad8       0x6c src/ASF/sam0/drivers/extint/extint_sam_d_r_h/extint.o
                0x00001ad8                _system_extint_init
 .text.udd_sleep_mode
                0x00001b44       0xc0 src/ASF/sam0/drivers/usb/stack_interface/usb_device_udd.o
 .text.udd_ep_get_job
                0x00001c04       0x24 src/ASF/sam0/drivers/usb/stack_interface/usb_device_udd.o
 .text.udd_ep_transfer_process
                0x00001c28      0x1b4 src/ASF/sam0/drivers/usb/stack_interface/usb_device_udd.o
 .text.udd_ctrl_stall_data
                0x00001ddc       0x2c src/ASF/sam0/drivers/usb/stack_interface/usb_device_udd.o
 .text._usb_device_lpm_suspend
                0x00001e08       0x34 src/ASF/sam0/drivers/usb/stack_interface/usb_device_udd.o
 .text._usb_on_wakeup
                0x00001e3c       0x70 src/ASF/sam0/drivers/usb/stack_interface/usb_device_udd.o
 .text._usb_on_bus_reset
                0x00001eac       0xb0 src/ASF/sam0/drivers/usb/stack_interface/usb_device_udd.o
 .text.udd_ctrl_send_zlp_in
                0x00001f5c       0x3c src/ASF/sam0/drivers/usb/stack_interface/usb_device_udd.o
 .text._usb_ep0_on_tansfer_fail
                0x00001f98       0x54 src/ASF/sam0/drivers/usb/stack_interface/usb_device_udd.o
 .text.udd_ctrl_in_sent
                0x00001fec       0xa8 src/ASF/sam0/drivers/usb/stack_interface/usb_device_udd.o
 .text._usb_ep0_on_setup
                0x00002094       0xe4 src/ASF/sam0/drivers/usb/stack_interface/usb_device_udd.o
 .text._usb_on_sof_notify
                0x00002178       0x14 src/ASF/sam0/drivers/usb/stack_interface/usb_device_udd.o
 .text._usb_on_suspend
                0x0000218c       0x34 src/ASF/sam0/drivers/usb/stack_interface/usb_device_udd.o
 .text.udd_ep_abort
                0x000021c0       0x3c src/ASF/sam0/drivers/usb/stack_interface/usb_device_udd.o
                0x000021c0                udd_ep_abort
 .text.udd_get_frame_number
                0x000021fc       0x10 src/ASF/sam0/drivers/usb/stack_interface/usb_device_udd.o
                0x000021fc                udd_get_frame_number
 .text.udd_ep_free
                0x0000220c       0x58 src/ASF/sam0/drivers/usb/stack_interface/usb_device_udd.o
                0x0000220c                udd_ep_free
 .text.udd_ep_alloc
                0x00002264      0x108 src/ASF/sam0/drivers/usb/stack_interface/usb_device_udd.o
                0x00002264                udd_ep_alloc
 .text.udd_ep_is_halted
                0x0000236c       0x14 src/ASF/sam0/drivers/usb/stack_interface/usb_device_udd.o
                0x0000236c                udd_ep_is_halted
 .text.udd_ep_set_halt
                0x00002380       0x30 src/ASF/sam0/drivers/usb/stack_interface/usb_device_udd.o
                0x00002380                udd_ep_set_halt
 .text._usb_ep0_on_tansfer_ok
                0x000023b0      0x100 src/ASF/sam0/drivers/usb/stack_interface/usb_device_udd.o
 .text.udd_ep_clear_halt
                0x000024b0       0x44 src/ASF/sam0/drivers/usb/stack_interface/usb_device_udd.o
                0x000024b0                udd_ep_clear_halt
 .text.udd_ep_wait_stall_clear
                0x000024f4       0x58 src/ASF/sam0/drivers/usb/stack_interface/usb_device_udd.o
                0x000024f4                udd_ep_wait_stall_clear
 .text.udd_ep_run
                0x0000254c      0x1d8 src/ASF/sam0/drivers/usb/stack_interface/usb_device_udd.o
                0x0000254c                udd_ep_run
 .text.udd_set_address
                0x00002724       0x10 src/ASF/sam0/drivers/usb/stack_interface/usb_device_udd.o
                0x00002724                udd_set_address
 .text.udd_getaddress
                0x00002734       0x10 src/ASF/sam0/drivers/usb/stack_interface/usb_device_udd.o
                0x00002734                udd_getaddress
 .text.udd_set_setup_payload
                0x00002744        0xc src/ASF/sam0/drivers/usb/stack_interface/usb_device_udd.o
                0x00002744                udd_set_setup_payload
 .text.udd_attach
                0x00002750       0x84 src/ASF/sam0/drivers/usb/stack_interface/usb_device_udd.o
                0x00002750                udd_attach
 .text.udd_enable
                0x000027d4       0x9c src/ASF/sam0/drivers/usb/stack_interface/usb_device_udd.o
                0x000027d4                udd_enable
 .text.usb_device_register_callback
                0x00002870       0x24 src/ASF/sam0/drivers/usb/usb_sam_d_r/usb.o
                0x00002870                usb_device_register_callback
 .text.usb_device_enable_callback
                0x00002894       0x20 src/ASF/sam0/drivers/usb/usb_sam_d_r/usb.o
                0x00002894                usb_device_enable_callback
 .text.usb_device_disable_callback
                0x000028b4       0x1c src/ASF/sam0/drivers/usb/usb_sam_d_r/usb.o
                0x000028b4                usb_device_disable_callback
 .text.usb_device_endpoint_register_callback
                0x000028d0       0x28 src/ASF/sam0/drivers/usb/usb_sam_d_r/usb.o
                0x000028d0                usb_device_endpoint_register_callback
 .text.usb_device_endpoint_unregister_callback
                0x000028f8       0x28 src/ASF/sam0/drivers/usb/usb_sam_d_r/usb.o
                0x000028f8                usb_device_endpoint_unregister_callback
 .text.usb_device_endpoint_enable_callback
                0x00002920       0xd0 src/ASF/sam0/drivers/usb/usb_sam_d_r/usb.o
                0x00002920                usb_device_endpoint_enable_callback
 .text.usb_device_endpoint_disable_callback
                0x000029f0       0xd0 src/ASF/sam0/drivers/usb/usb_sam_d_r/usb.o
                0x000029f0                usb_device_endpoint_disable_callback
 .text.usb_device_endpoint_get_config_defaults
                0x00002ac0        0xe src/ASF/sam0/drivers/usb/usb_sam_d_r/usb.o
                0x00002ac0                usb_device_endpoint_get_config_defaults
 *fill*         0x00002ace        0x2 
 .text.usb_device_endpoint_set_config
                0x00002ad0      0x244 src/ASF/sam0/drivers/usb/usb_sam_d_r/usb.o
                0x00002ad0                usb_device_endpoint_set_config
 .text.usb_device_endpoint_is_configured
                0x00002d14       0x2c src/ASF/sam0/drivers/usb/usb_sam_d_r/usb.o
                0x00002d14                usb_device_endpoint_is_configured
 .text.usb_device_endpoint_abort_job
                0x00002d40       0x36 src/ASF/sam0/drivers/usb/usb_sam_d_r/usb.o
                0x00002d40                usb_device_endpoint_abort_job
 .text.usb_device_endpoint_is_halted
                0x00002d76       0x2a src/ASF/sam0/drivers/usb/usb_sam_d_r/usb.o
                0x00002d76                usb_device_endpoint_is_halted
 .text.usb_device_endpoint_set_halt
                0x00002da0       0x26 src/ASF/sam0/drivers/usb/usb_sam_d_r/usb.o
                0x00002da0                usb_device_endpoint_set_halt
 .text.usb_device_endpoint_clear_halt
                0x00002dc6       0x84 src/ASF/sam0/drivers/usb/usb_sam_d_r/usb.o
                0x00002dc6                usb_device_endpoint_clear_halt
 *fill*         0x00002e4a        0x2 
 .text.usb_device_endpoint_write_buffer_job
                0x00002e4c       0x54 src/ASF/sam0/drivers/usb/usb_sam_d_r/usb.o
                0x00002e4c                usb_device_endpoint_write_buffer_job
 .text.usb_device_endpoint_read_buffer_job
                0x00002ea0       0x50 src/ASF/sam0/drivers/usb/usb_sam_d_r/usb.o
                0x00002ea0                usb_device_endpoint_read_buffer_job
 .text.usb_device_endpoint_setup_buffer_job
                0x00002ef0       0x30 src/ASF/sam0/drivers/usb/usb_sam_d_r/usb.o
                0x00002ef0                usb_device_endpoint_setup_buffer_job
 .text.usb_enable
                0x00002f20       0x14 src/ASF/sam0/drivers/usb/usb_sam_d_r/usb.o
                0x00002f20                usb_enable
 .text.USB_Handler
                0x00002f34      0x5c8 src/ASF/sam0/drivers/usb/usb_sam_d_r/usb.o
                0x00002f34                USB_Handler
 .text.usb_get_config_defaults
                0x000034fc        0xe src/ASF/sam0/drivers/usb/usb_sam_d_r/usb.o
                0x000034fc                usb_get_config_defaults
 *fill*         0x0000350a        0x2 
 .text.usb_init
                0x0000350c      0x200 src/ASF/sam0/drivers/usb/usb_sam_d_r/usb.o
                0x0000350c                usb_init
 .text.EIC_Handler
                0x0000370c       0x54 src/ASF/sam0/drivers/extint/extint_callback.o
                0x0000370c                EIC_Handler
 .text._sercom_get_sync_baud_val
                0x00003760       0x28 src/ASF/sam0/drivers/sercom/sercom.o
                0x00003760                _sercom_get_sync_baud_val
 .text.sercom_set_gclk_generator
                0x00003788       0x4c src/ASF/sam0/drivers/sercom/sercom.o
                0x00003788                sercom_set_gclk_generator
 .text._sercom_get_default_pad
                0x000037d4      0x178 src/ASF/sam0/drivers/sercom/sercom.o
                0x000037d4                _sercom_get_default_pad
 .text._sercom_get_sercom_inst_index
                0x0000394c       0x38 src/ASF/sam0/drivers/sercom/sercom.o
                0x0000394c                _sercom_get_sercom_inst_index
 .text.spi_set_baudrate
                0x00003984       0x84 src/ASF/sam0/drivers/sercom/spi/spi.o
                0x00003984                spi_set_baudrate
 .text.spi_init
                0x00003a08      0x334 src/ASF/sam0/drivers/sercom/spi/spi.o
                0x00003a08                spi_init
 .text.spi_read_buffer_wait
                0x00003d3c      0x118 src/ASF/sam0/drivers/sercom/spi/spi.o
                0x00003d3c                spi_read_buffer_wait
 .text.spi_select_slave
                0x00003e54       0xf4 src/ASF/sam0/drivers/sercom/spi/spi.o
                0x00003e54                spi_select_slave
 .text.spi_write_buffer_wait
                0x00003f48      0x204 src/ASF/sam0/drivers/sercom/spi/spi.o
                0x00003f48                spi_write_buffer_wait
 .text.sd_mmc_test_unit_ready
                0x0000414c       0x50 src/ASF/common2/components/memory/sd_mmc/sd_mmc_mem.o
                0x0000414c                sd_mmc_test_unit_ready
 .text.sd_mmc_test_unit_ready_0
                0x0000419c       0x10 src/ASF/common2/components/memory/sd_mmc/sd_mmc_mem.o
                0x0000419c                sd_mmc_test_unit_ready_0
 .text.sd_mmc_read_capacity
                0x000041ac       0x20 src/ASF/common2/components/memory/sd_mmc/sd_mmc_mem.o
                0x000041ac                sd_mmc_read_capacity
 .text.sd_mmc_read_capacity_0
                0x000041cc       0x10 src/ASF/common2/components/memory/sd_mmc/sd_mmc_mem.o
                0x000041cc                sd_mmc_read_capacity_0
 .text.sd_mmc_wr_protect_0
                0x000041dc       0x10 src/ASF/common2/components/memory/sd_mmc/sd_mmc_mem.o
                0x000041dc                sd_mmc_wr_protect_0
 .text.sd_mmc_removal_0
                0x000041ec        0x4 src/ASF/common2/components/memory/sd_mmc/sd_mmc_mem.o
                0x000041ec                sd_mmc_removal_0
 .text.sd_mmc_usb_read_10
                0x000041f0       0xb0 src/ASF/common2/components/memory/sd_mmc/sd_mmc_mem.o
                0x000041f0                sd_mmc_usb_read_10
 .text.sd_mmc_usb_read_10_0
                0x000042a0       0x14 src/ASF/common2/components/memory/sd_mmc/sd_mmc_mem.o
                0x000042a0                sd_mmc_usb_read_10_0
 .text.sd_mmc_usb_write_10
                0x000042b4       0xa4 src/ASF/common2/components/memory/sd_mmc/sd_mmc_mem.o
                0x000042b4                sd_mmc_usb_write_10
 .text.sd_mmc_usb_write_10_0
                0x00004358       0x14 src/ASF/common2/components/memory/sd_mmc/sd_mmc_mem.o
                0x00004358                sd_mmc_usb_write_10_0
 .text.sd_mmc_spi_start_write_block
                0x0000436c       0x48 src/ASF/common2/components/memory/sd_mmc/sd_mmc_spi.o
 .text.sd_mmc_spi_wait_busy
                0x000043b4       0x64 src/ASF/common2/components/memory/sd_mmc/sd_mmc_spi.o
 .text.sd_mmc_spi_stop_multiwrite_block
                0x00004418       0x78 src/ASF/common2/components/memory/sd_mmc/sd_mmc_spi.o
 .text.sd_mmc_spi_start_read_block
                0x00004490       0x6c src/ASF/common2/components/memory/sd_mmc/sd_mmc_spi.o
 .text.sd_mmc_spi_stop_write_block
                0x000044fc       0x70 src/ASF/common2/components/memory/sd_mmc/sd_mmc_spi.o
 .text.sd_mmc_spi_init
                0x0000456c       0xd4 src/ASF/common2/components/memory/sd_mmc/sd_mmc_spi.o
                0x0000456c                sd_mmc_spi_init
 .text.sd_mmc_spi_select_device
                0x00004640       0x54 src/ASF/common2/components/memory/sd_mmc/sd_mmc_spi.o
                0x00004640                sd_mmc_spi_select_device
 .text.sd_mmc_spi_deselect_device
                0x00004694       0x28 src/ASF/common2/components/memory/sd_mmc/sd_mmc_spi.o
                0x00004694                sd_mmc_spi_deselect_device
 .text.sd_mmc_spi_send_clock
                0x000046bc       0x38 src/ASF/common2/components/memory/sd_mmc/sd_mmc_spi.o
                0x000046bc                sd_mmc_spi_send_clock
 .text.sd_mmc_spi_adtc_start
                0x000046f4      0x190 src/ASF/common2/components/memory/sd_mmc/sd_mmc_spi.o
                0x000046f4                sd_mmc_spi_adtc_start
 .text.sd_mmc_spi_send_cmd
                0x00004884       0x18 src/ASF/common2/components/memory/sd_mmc/sd_mmc_spi.o
                0x00004884                sd_mmc_spi_send_cmd
 .text.sd_mmc_spi_get_response
                0x0000489c        0xc src/ASF/common2/components/memory/sd_mmc/sd_mmc_spi.o
                0x0000489c                sd_mmc_spi_get_response
 .text.sd_mmc_spi_read_word
                0x000048a8       0x78 src/ASF/common2/components/memory/sd_mmc/sd_mmc_spi.o
                0x000048a8                sd_mmc_spi_read_word
 .text.sd_mmc_spi_start_read_blocks
                0x00004920       0x8c src/ASF/common2/components/memory/sd_mmc/sd_mmc_spi.o
                0x00004920                sd_mmc_spi_start_read_blocks
 .text.sd_mmc_spi_wait_end_of_read_blocks
                0x000049ac        0x4 src/ASF/common2/components/memory/sd_mmc/sd_mmc_spi.o
                0x000049ac                sd_mmc_spi_wait_end_of_read_blocks
 .text.sd_mmc_spi_start_write_blocks
                0x000049b0       0x80 src/ASF/common2/components/memory/sd_mmc/sd_mmc_spi.o
                0x000049b0                sd_mmc_spi_start_write_blocks
 .text.sd_mmc_spi_wait_end_of_write_blocks
                0x00004a30       0x24 src/ASF/common2/components/memory/sd_mmc/sd_mmc_spi.o
                0x00004a30                sd_mmc_spi_wait_end_of_write_blocks
 .text.get_nb_lun
                0x00004a54        0x4 src/ASF/common/services/storage/ctrl_access/ctrl_access.o
                0x00004a54                get_nb_lun
 .text.mem_test_unit_ready
                0x00004a58       0x18 src/ASF/common/services/storage/ctrl_access/ctrl_access.o
                0x00004a58                mem_test_unit_ready
 .text.mem_read_capacity
                0x00004a70       0x1c src/ASF/common/services/storage/ctrl_access/ctrl_access.o
                0x00004a70                mem_read_capacity
 .text.mem_unload
                0x00004a8c        0xe src/ASF/common/services/storage/ctrl_access/ctrl_access.o
                0x00004a8c                mem_unload
 *fill*         0x00004a9a        0x2 
 .text.mem_wr_protect
                0x00004a9c       0x18 src/ASF/common/services/storage/ctrl_access/ctrl_access.o
                0x00004a9c                mem_wr_protect
 .text.mem_removal
                0x00004ab4       0x18 src/ASF/common/services/storage/ctrl_access/ctrl_access.o
                0x00004ab4                mem_removal
 .text.mem_name
                0x00004acc       0x10 src/ASF/common/services/storage/ctrl_access/ctrl_access.o
                0x00004acc                mem_name
 .text.memory_2_usb
                0x00004adc       0x34 src/ASF/common/services/storage/ctrl_access/ctrl_access.o
                0x00004adc                memory_2_usb
 .text.usb_2_memory
                0x00004b10       0x34 src/ASF/common/services/storage/ctrl_access/ctrl_access.o
                0x00004b10                usb_2_memory
 .text.port_pin_set_config
                0x00004b44       0x24 src/ASF/sam0/drivers/port/port.o
                0x00004b44                port_pin_set_config
 .text.system_board_init
                0x00004b68       0x6c src/ASF/common2/boards/user_board/init.o
                0x00004b68                board_init
                0x00004b68                system_board_init
 .text.cpu_irq_enter_critical
                0x00004bd4       0x40 src/ASF/common/utils/interrupt/interrupt_sam_nvic.o
                0x00004bd4                cpu_irq_enter_critical
 .text.cpu_irq_leave_critical
                0x00004c14       0x30 src/ASF/common/utils/interrupt/interrupt_sam_nvic.o
                0x00004c14                cpu_irq_leave_critical
 .text.system_clock_source_get_hz
                0x00004c44       0x9c src/ASF/sam0/drivers/system/clock/clock_samd21_r21_da_ha1/clock.o
                0x00004c44                system_clock_source_get_hz
 .text.system_clock_source_osc8m_set_config
                0x00004ce0       0x3c src/ASF/sam0/drivers/system/clock/clock_samd21_r21_da_ha1/clock.o
                0x00004ce0                system_clock_source_osc8m_set_config
 .text.system_clock_source_dfll_set_config
                0x00004d1c       0x80 src/ASF/sam0/drivers/system/clock/clock_samd21_r21_da_ha1/clock.o
                0x00004d1c                system_clock_source_dfll_set_config
 .text.system_clock_source_enable
                0x00004d9c       0xa8 src/ASF/sam0/drivers/system/clock/clock_samd21_r21_da_ha1/clock.o
                0x00004d9c                system_clock_source_enable
 .text.system_clock_init
                0x00004e44      0x100 src/ASF/sam0/drivers/system/clock/clock_samd21_r21_da_ha1/clock.o
                0x00004e44                system_clock_init
 .text.system_gclk_init
                0x00004f44       0x24 src/ASF/sam0/drivers/system/clock/clock_samd21_r21_da_ha1/gclk.o
                0x00004f44                system_gclk_init
 .text.system_gclk_gen_set_config
                0x00004f68       0xb8 src/ASF/sam0/drivers/system/clock/clock_samd21_r21_da_ha1/gclk.o
                0x00004f68                system_gclk_gen_set_config
 .text.system_gclk_gen_enable
                0x00005020       0x44 src/ASF/sam0/drivers/system/clock/clock_samd21_r21_da_ha1/gclk.o
                0x00005020                system_gclk_gen_enable
 .text.system_gclk_gen_get_hz
                0x00005064       0x8c src/ASF/sam0/drivers/system/clock/clock_samd21_r21_da_ha1/gclk.o
                0x00005064                system_gclk_gen_get_hz
 .text.system_gclk_chan_enable
                0x000050f0       0x30 src/ASF/sam0/drivers/system/clock/clock_samd21_r21_da_ha1/gclk.o
                0x000050f0                system_gclk_chan_enable
 .text.system_gclk_chan_disable
                0x00005120       0x5c src/ASF/sam0/drivers/system/clock/clock_samd21_r21_da_ha1/gclk.o
                0x00005120                system_gclk_chan_disable
 .text.system_gclk_chan_set_config
                0x0000517c       0x1c src/ASF/sam0/drivers/system/clock/clock_samd21_r21_da_ha1/gclk.o
                0x0000517c                system_gclk_chan_set_config
 .text.system_gclk_chan_get_hz
                0x00005198       0x34 src/ASF/sam0/drivers/system/clock/clock_samd21_r21_da_ha1/gclk.o
                0x00005198                system_gclk_chan_get_hz
 .text._system_pinmux_config
                0x000051cc       0xa8 src/ASF/sam0/drivers/system/pinmux/pinmux.o
 .text.system_pinmux_pin_set_config
                0x00005274       0x30 src/ASF/sam0/drivers/system/pinmux/pinmux.o
                0x00005274                system_pinmux_pin_set_config
 .text._system_dummy_init
                0x000052a4        0x2 src/ASF/sam0/drivers/system/system.o
                0x000052a4                _system_events_init
                0x000052a4                _system_dummy_init
                0x000052a4                _system_divas_init
 *fill*         0x000052a6        0x2 
 .text.system_init
                0x000052a8       0x2c src/ASF/sam0/drivers/system/system.o
                0x000052a8                system_init
 .text.Dummy_Handler
                0x000052d4        0x2 src/ASF/sam0/utils/cmsis/samd21/source/gcc/startup_samd21.o
                0x000052d4                DMAC_Handler
                0x000052d4                HardFault_Handler
                0x000052d4                AC_Handler
                0x000052d4                SysTick_Handler
                0x000052d4                PendSV_Handler
                0x000052d4                NMI_Handler
                0x000052d4                TC7_Handler
                0x000052d4                ADC_Handler
                0x000052d4                TCC1_Handler
                0x000052d4                TCC0_Handler
                0x000052d4                RTC_Handler
                0x000052d4                TC6_Handler
                0x000052d4                WDT_Handler
                0x000052d4                TC4_Handler
                0x000052d4                TC3_Handler
                0x000052d4                Dummy_Handler
                0x000052d4                PM_Handler
                0x000052d4                SVC_Handler
                0x000052d4                TCC2_Handler
                0x000052d4                EVSYS_Handler
                0x000052d4                I2S_Handler
                0x000052d4                NVMCTRL_Handler
                0x000052d4                DAC_Handler
                0x000052d4                PTC_Handler
                0x000052d4                TC5_Handler
                0x000052d4                SYSCTRL_Handler
 *fill*         0x000052d6        0x2 
 .text.Reset_Handler
                0x000052d8       0xe4 src/ASF/sam0/utils/cmsis/samd21/source/gcc/startup_samd21.o
                0x000052d8                Reset_Handler
 .text.main     0x000053bc      0x1a8 src/main.o
                0x000053bc                main
 .text.main_suspend_action
                0x00005564        0xc src/main.o
                0x00005564                main_suspend_action
 .text.main_resume_action
                0x00005570        0xc src/main.o
                0x00005570                main_resume_action
 .text.main_sof_action
                0x0000557c       0x24 src/main.o
                0x0000557c                main_sof_action
 .text.main_msc_enable
                0x000055a0       0x10 src/main.o
                0x000055a0                main_msc_enable
 .text.main_msc_disable
                0x000055b0        0xc src/main.o
                0x000055b0                main_msc_disable
 .text          0x000055bc      0x114 c:/program files (x86)/atmel/studio/7.0/toolchain/arm/arm-gnu-toolchain/bin/../lib/gcc/arm-none-eabi/6.3.1/thumb/v6-m\libgcc.a(_udivsi3.o)
                0x000055bc                __aeabi_uidiv
                0x000055bc                __udivsi3
                0x000056c8                __aeabi_uidivmod
 .text          0x000056d0      0x1d4 c:/program files (x86)/atmel/studio/7.0/toolchain/arm/arm-gnu-toolchain/bin/../lib/gcc/arm-none-eabi/6.3.1/thumb/v6-m\libgcc.a(_divsi3.o)
                0x000056d0                __divsi3
                0x000056d0                __aeabi_idiv
                0x0000589c                __aeabi_idivmod
 .text          0x000058a4        0x4 c:/program files (x86)/atmel/studio/7.0/toolchain/arm/arm-gnu-toolchain/bin/../lib/gcc/arm-none-eabi/6.3.1/thumb/v6-m\libgcc.a(_dvmd_tls.o)
                0x000058a4                __aeabi_idiv0
                0x000058a4                __aeabi_ldiv0
 .text          0x000058a8       0x3c c:/program files (x86)/atmel/studio/7.0/toolchain/arm/arm-gnu-toolchain/bin/../lib/gcc/arm-none-eabi/6.3.1/thumb/v6-m\libgcc.a(_clzsi2.o)
                0x000058a8                __clzsi2
 .text          0x000058e4       0x40 c:/program files (x86)/atmel/studio/7.0/toolchain/arm/arm-gnu-toolchain/bin/../lib/gcc/arm-none-eabi/6.3.1/thumb/v6-m\libgcc.a(_ctzsi2.o)
                0x000058e4                __ctzsi2
 .text          0x00005924       0x40 c:/program files (x86)/atmel/studio/7.0/toolchain/arm/arm-gnu-toolchain/bin/../lib/gcc/arm-none-eabi/6.3.1/thumb/v6-m\libgcc.a(_aeabi_uldivmod.o)
                0x00005924                __aeabi_uldivmod
 .text          0x00005964       0x54 c:/program files (x86)/atmel/studio/7.0/toolchain/arm/arm-gnu-toolchain/bin/../lib/gcc/arm-none-eabi/6.3.1/thumb/v6-m\libgcc.a(_muldi3.o)
                0x00005964                __muldi3
                0x00005964                __aeabi_lmul
 .text          0x000059b8      0x180 c:/program files (x86)/atmel/studio/7.0/toolchain/arm/arm-gnu-toolchain/bin/../lib/gcc/arm-none-eabi/6.3.1/thumb/v6-m\libgcc.a(_udivmoddi4.o)
                0x000059b8                __udivmoddi4
 .text          0x00005b38       0x18 c:/program files (x86)/atmel/studio/7.0/toolchain/arm/arm-gnu-toolchain/bin/../lib/gcc/arm-none-eabi/6.3.1/thumb/v6-m\libgcc.a(_clzdi2.o)
                0x00005b38                __clzdi2
 .text.__libc_init_array
                0x00005b50       0x48 c:/program files (x86)/atmel/studio/7.0/toolchain/arm/arm-gnu-toolchain/bin/../lib/gcc/arm-none-eabi/6.3.1/../../../../arm-none-eabi/lib/thumb/v6-m\libc_nano.a(lib_a-init.o)
                0x00005b50                __libc_init_array
 .text.memcpy   0x00005b98       0x12 c:/program files (x86)/atmel/studio/7.0/toolchain/arm/arm-gnu-toolchain/bin/../lib/gcc/arm-none-eabi/6.3.1/../../../../arm-none-eabi/lib/thumb/v6-m\libc_nano.a(lib_a-memcpy-stub.o)
                0x00005b98                memcpy
 .text.memset   0x00005baa       0x10 c:/program files (x86)/atmel/studio/7.0/toolchain/arm/arm-gnu-toolchain/bin/../lib/gcc/arm-none-eabi/6.3.1/../../../../arm-none-eabi/lib/thumb/v6-m\libc_nano.a(lib_a-memset.o)
                0x00005baa                memset
 *(.glue_7t)
 .glue_7t       0x00005bba        0x0 linker stubs
 *(.glue_7)
 .glue_7        0x00005bba        0x0 linker stubs
 *(.rodata .rodata* .gnu.linkonce.r.*)
 *fill*         0x00005bba        0x2 
 .rodata.mmc_trans_multipliers
                0x00005bbc       0x40 src/ASF/common2/components/memory/sd_mmc/sd_mmc.o
                0x00005bbc                mmc_trans_multipliers
 .rodata.sd_mmc_trans_units
                0x00005bfc       0x1c src/ASF/common2/components/memory/sd_mmc/sd_mmc.o
                0x00005bfc                sd_mmc_trans_units
 .rodata.sd_trans_multipliers
                0x00005c18       0x40 src/ASF/common2/components/memory/sd_mmc/sd_mmc.o
                0x00005c18                sd_trans_multipliers
 .rodata.udi_msc_cbw_received
                0x00005c58      0x16c src/ASF/common/services/usb/class/msc/device/udi_msc.o
 .rodata.udc_process_setup.str1.4
                0x00005dc4        0xd src/ASF/common/services/usb/udc/udc.o
 *fill*         0x00005dd1        0x3 
 .rodata.usb_device_endpoint_set_config
                0x00005dd4       0x14 src/ASF/sam0/drivers/usb/usb_sam_d_r/usb.o
 .rodata._usb_device_irq_bits
                0x00005de8        0xe src/ASF/sam0/drivers/usb/usb_sam_d_r/usb.o
 *fill*         0x00005df6        0x2 
 .rodata._usb_endpoint_irq_bits
                0x00005df8        0x4 src/ASF/sam0/drivers/usb/usb_sam_d_r/usb.o
 .rodata        0x00005dfc       0x18 src/ASF/sam0/drivers/sercom/sercom.o
 .rodata.mem_name.str1.4
                0x00005e14       0x18 src/ASF/common/services/storage/ctrl_access/ctrl_access.o
                                 0x17 (size before relaxing)
 .rodata.system_clock_source_get_hz
                0x00005e2c       0x24 src/ASF/sam0/drivers/system/clock/clock_samd21_r21_da_ha1/clock.o
 .rodata.system_clock_source_enable
                0x00005e50       0x24 src/ASF/sam0/drivers/system/clock/clock_samd21_r21_da_ha1/clock.o
 *(.ARM.extab* .gnu.linkonce.armextab.*)
                0x00005e74                . = ALIGN (0x4)
 *(.init)
 .init          0x00005e74        0x4 c:/program files (x86)/atmel/studio/7.0/toolchain/arm/arm-gnu-toolchain/bin/../lib/gcc/arm-none-eabi/6.3.1/thumb/v6-m/crti.o
                0x00005e74                _init
 .init          0x00005e78        0x8 c:/program files (x86)/atmel/studio/7.0/toolchain/arm/arm-gnu-toolchain/bin/../lib/gcc/arm-none-eabi/6.3.1/thumb/v6-m/crtn.o
                0x00005e80                . = ALIGN (0x4)
                0x00005e80                __preinit_array_start = .
 *(.preinit_array)
                0x00005e80                __preinit_array_end = .
                0x00005e80                . = ALIGN (0x4)
                0x00005e80                __init_array_start = .
 *(SORT(.init_array.*))
 *(.init_array)
 .init_array    0x00005e80        0x4 c:/program files (x86)/atmel/studio/7.0/toolchain/arm/arm-gnu-toolchain/bin/../lib/gcc/arm-none-eabi/6.3.1/thumb/v6-m/crtbegin.o
                0x00005e84                __init_array_end = .
                0x00005e84                . = ALIGN (0x4)
 *crtbegin.o(.ctors)
 *(EXCLUDE_FILE(*crtend.o) .ctors)
 *(SORT(.ctors.*))
 *crtend.o(.ctors)
                0x00005e84                . = ALIGN (0x4)
 *(.fini)
 .fini          0x00005e84        0x4 c:/program files (x86)/atmel/studio/7.0/toolchain/arm/arm-gnu-toolchain/bin/../lib/gcc/arm-none-eabi/6.3.1/thumb/v6-m/crti.o
                0x00005e84                _fini
 .fini          0x00005e88        0x8 c:/program files (x86)/atmel/studio/7.0/toolchain/arm/arm-gnu-toolchain/bin/../lib/gcc/arm-none-eabi/6.3.1/thumb/v6-m/crtn.o
                0x00005e90                . = ALIGN (0x4)
                0x00005e90                __fini_array_start = .
 *(.fini_array)
 .fini_array    0x00005e90        0x4 c:/program files (x86)/atmel/studio/7.0/toolchain/arm/arm-gnu-toolchain/bin/../lib/gcc/arm-none-eabi/6.3.1/thumb/v6-m/crtbegin.o
 *(SORT(.fini_array.*))
                0x00005e94                __fini_array_end = .
 *crtbegin.o(.dtors)
 *(EXCLUDE_FILE(*crtend.o) .dtors)
 *(SORT(.dtors.*))
 *crtend.o(.dtors)
                0x00005e94                . = ALIGN (0x4)
                0x00005e94                _efixed = .
                [!provide]                PROVIDE (__exidx_start, .)

.vfp11_veneer   0x00005e94        0x0
 .vfp11_veneer  0x00005e94        0x0 linker stubs

.v4_bx          0x00005e94        0x0
 .v4_bx         0x00005e94        0x0 linker stubs

.iplt           0x00005e94        0x0
 .iplt          0x00005e94        0x0 c:/program files (x86)/atmel/studio/7.0/toolchain/arm/arm-gnu-toolchain/bin/../lib/gcc/arm-none-eabi/6.3.1/thumb/v6-m/crtbegin.o

.ARM.exidx      0x00005e94        0x8
 *(.ARM.exidx* .gnu.linkonce.armexidx.*)
 .ARM.exidx     0x00005e94        0x8 c:/program files (x86)/atmel/studio/7.0/toolchain/arm/arm-gnu-toolchain/bin/../lib/gcc/arm-none-eabi/6.3.1/thumb/v6-m\libgcc.a(_udivmoddi4.o)
                [!provide]                PROVIDE (__exidx_end, .)

.eh_frame       0x00005e9c        0x0
 .eh_frame      0x00005e9c        0x0 c:/program files (x86)/atmel/studio/7.0/toolchain/arm/arm-gnu-toolchain/bin/../lib/gcc/arm-none-eabi/6.3.1/thumb/v6-m/crtbegin.o

.rel.dyn        0x00005e9c        0x0
 .rel.iplt      0x00005e9c        0x0 c:/program files (x86)/atmel/studio/7.0/toolchain/arm/arm-gnu-toolchain/bin/../lib/gcc/arm-none-eabi/6.3.1/thumb/v6-m/crtbegin.o

.jcr            0x00005e9c        0x0
 .jcr           0x00005e9c        0x0 c:/program files (x86)/atmel/studio/7.0/toolchain/arm/arm-gnu-toolchain/bin/../lib/gcc/arm-none-eabi/6.3.1/thumb/v6-m/crtbegin.o

.igot.plt       0x00005e9c        0x0
 .igot.plt      0x00005e9c        0x0 c:/program files (x86)/atmel/studio/7.0/toolchain/arm/arm-gnu-toolchain/bin/../lib/gcc/arm-none-eabi/6.3.1/thumb/v6-m/crtbegin.o
                0x00005e9c                . = ALIGN (0x4)
                0x00005e9c                _etext = .

.relocate       0x20000000       0xd8 load address 0x00005e9c
                0x20000000                . = ALIGN (0x4)
                0x20000000                _srelocate = .
 *(.ramfunc .ramfunc.*)
 .ramfunc       0x20000000        0xc src/ASF/common2/services/delay/sam0/cycle_counter.o
                0x20000000                portable_delay_cycles
 *(.data .data.*)
 .data.udi_api_msc
                0x2000000c       0x14 src/ASF/common/services/usb/class/msc/device/udi_msc.o
                0x2000000c                udi_api_msc
 .data.udi_msc_b_ack_trans
                0x20000020        0x1 src/ASF/common/services/usb/class/msc/device/udi_msc.o
                0x20000020                udi_msc_b_ack_trans
 .data.udi_msc_b_reset_trans
                0x20000021        0x1 src/ASF/common/services/usb/class/msc/device/udi_msc.o
                0x20000021                udi_msc_b_reset_trans
 *fill*         0x20000022        0x2 
 .data.udi_msc_csw
                0x20000024        0xd src/ASF/common/services/usb/class/msc/device/udi_msc.o
 *fill*         0x20000031        0x3 
 .data.udi_msc_inquiry_data.12568
                0x20000034       0x24 src/ASF/common/services/usb/class/msc/device/udi_msc.o
 .data.udc_string_desc
                0x20000058       0x1a src/ASF/common/services/usb/udc/udc.o
 *fill*         0x20000072        0x2 
 .data.udc_string_desc_languageid
                0x20000074        0x4 src/ASF/common/services/usb/udc/udc.o
 .data.udc_string_manufacturer_name
                0x20000078        0xa src/ASF/common/services/usb/udc/udc.o
 *fill*         0x20000082        0x2 
 .data.udc_string_product_name
                0x20000084        0x4 src/ASF/common/services/usb/udc/udc.o
 .data.udc_config
                0x20000088        0xc src/ASF/common/services/usb/class/msc/device/udi_msc_desc.o
                0x20000088                udc_config
 .data.udc_config_lsfs
                0x20000094        0x8 src/ASF/common/services/usb/class/msc/device/udi_msc_desc.o
                0x20000094                udc_config_lsfs
 .data.udc_desc_fs
                0x2000009c       0x20 src/ASF/common/services/usb/class/msc/device/udi_msc_desc.o
                0x2000009c                udc_desc_fs
 .data.udc_device_desc
                0x200000bc       0x12 src/ASF/common/services/usb/class/msc/device/udi_msc_desc.o
                0x200000bc                udc_device_desc
 *fill*         0x200000ce        0x2 
 .data.udi_apis
                0x200000d0        0x4 src/ASF/common/services/usb/class/msc/device/udi_msc_desc.o
                0x200000d0                udi_apis
 .data.g_interrupt_enabled
                0x200000d4        0x1 src/ASF/common/utils/interrupt/interrupt_sam_nvic.o
                0x200000d4                g_interrupt_enabled
                0x200000d8                . = ALIGN (0x4)
 *fill*         0x200000d5        0x3 
                0x200000d8                _erelocate = .

.bss            0x200000d8      0x930 load address 0x00005f74
                0x200000d8                . = ALIGN (0x4)
                0x200000d8                _sbss = .
                0x200000d8                _szero = .
 *(.bss .bss.*)
 .bss           0x200000d8       0x1c c:/program files (x86)/atmel/studio/7.0/toolchain/arm/arm-gnu-toolchain/bin/../lib/gcc/arm-none-eabi/6.3.1/thumb/v6-m/crtbegin.o
 .bss.sd_mmc_card
                0x200000f4        0x4 src/ASF/common2/components/memory/sd_mmc/sd_mmc.o
 .bss.sd_mmc_cards
                0x200000f8       0x24 src/ASF/common2/components/memory/sd_mmc/sd_mmc.o
 .bss.sd_mmc_nb_block_remaining
                0x2000011c        0x2 src/ASF/common2/components/memory/sd_mmc/sd_mmc.o
 .bss.sd_mmc_nb_block_to_tranfer
                0x2000011e        0x2 src/ASF/common2/components/memory/sd_mmc/sd_mmc.o
 .bss.sd_mmc_sam_systick_used
                0x20000120        0x1 src/ASF/common2/components/memory/sd_mmc/sd_mmc.o
 .bss.sd_mmc_slot_sel
                0x20000121        0x1 src/ASF/common2/components/memory/sd_mmc/sd_mmc.o
 *fill*         0x20000122        0x2 
 .bss._sercom_interrupt_handlers
                0x20000124       0x18 src/ASF/sam0/drivers/sercom/sercom_interrupt.o
 .bss.sense.12604
                0x2000013c       0x14 src/ASF/common/services/usb/class/msc/device/udi_msc.o
 .bss.udi_msc_addr
                0x20000150        0x4 src/ASF/common/services/usb/class/msc/device/udi_msc.o
 .bss.udi_msc_b_cbw_invalid
                0x20000154        0x1 src/ASF/common/services/usb/class/msc/device/udi_msc.o
 .bss.udi_msc_b_read
                0x20000155        0x1 src/ASF/common/services/usb/class/msc/device/udi_msc.o
 .bss.udi_msc_b_trans_req
                0x20000156        0x1 src/ASF/common/services/usb/class/msc/device/udi_msc.o
 *fill*         0x20000157        0x1 
 .bss.udi_msc_capacity.12617
                0x20000158        0x8 src/ASF/common/services/usb/class/msc/device/udi_msc.o
 .bss.udi_msc_cbw
                0x20000160       0x1f src/ASF/common/services/usb/class/msc/device/udi_msc.o
 *fill*         0x2000017f        0x1 
 .bss.udi_msc_nb_block
                0x20000180        0x2 src/ASF/common/services/usb/class/msc/device/udi_msc.o
 *fill*         0x20000182        0x2 
 .bss.udi_msc_nb_lun
                0x20000184        0x1 src/ASF/common/services/usb/class/msc/device/udi_msc.o
 *fill*         0x20000185        0x3 
 .bss.udi_msc_sense
                0x20000188       0x12 src/ASF/common/services/usb/class/msc/device/udi_msc.o
 .bss.udc_device_status
                0x2000019a        0x2 src/ASF/common/services/usb/udc/udc.o
 .bss.udc_ep_status.12036
                0x2000019c        0x2 src/ASF/common/services/usb/udc/udc.o
 *fill*         0x2000019e        0x2 
 .bss.udc_iface_setting
                0x200001a0        0x1 src/ASF/common/services/usb/udc/udc.o
 *fill*         0x200001a1        0x3 
 .bss.udc_num_configuration
                0x200001a4        0x1 src/ASF/common/services/usb/udc/udc.o
 *fill*         0x200001a5        0x3 
 .bss.udc_ptr_conf
                0x200001a8        0x4 src/ASF/common/services/usb/udc/udc.o
 .bss.udc_ptr_iface
                0x200001ac        0x4 src/ASF/common/services/usb/udc/udc.o
 .bss.b_shortpacket.13317
                0x200001b0        0x1 src/ASF/sam0/drivers/usb/stack_interface/usb_device_udd.o
 *fill*         0x200001b1        0x1 
 .bss.udd_ctrl_payload_nb_trans
                0x200001b2        0x2 src/ASF/sam0/drivers/usb/stack_interface/usb_device_udd.o
 .bss.udd_ctrl_prev_payload_nb_trans
                0x200001b4        0x2 src/ASF/sam0/drivers/usb/stack_interface/usb_device_udd.o
 .bss.udd_ep_control_state
                0x200001b6        0x1 src/ASF/sam0/drivers/usb/stack_interface/usb_device_udd.o
 *fill*         0x200001b7        0x1 
 .bss.udd_ep_job
                0x200001b8       0x50 src/ASF/sam0/drivers/usb/stack_interface/usb_device_udd.o
 .bss.udd_state.13174
                0x20000208        0x1 src/ASF/sam0/drivers/usb/stack_interface/usb_device_udd.o
 *fill*         0x20000209        0x3 
 .bss._usb_instances
                0x2000020c        0x4 src/ASF/sam0/drivers/usb/usb_sam_d_r/usb.o
 .bss.device_callback_lpm_wakeup_enable
                0x20000210        0x4 src/ASF/sam0/drivers/usb/usb_sam_d_r/usb.o
 .bss.ep_callback_para
                0x20000214        0x8 src/ASF/sam0/drivers/usb/usb_sam_d_r/usb.o
 .bss.host_pipe_job_busy_status
                0x2000021c        0x4 src/ASF/sam0/drivers/usb/usb_sam_d_r/usb.o
                0x2000021c                host_pipe_job_busy_status
 .bss.pipe_callback_para
                0x20000220        0x6 src/ASF/sam0/drivers/usb/usb_sam_d_r/usb.o
 *fill*         0x20000226        0x2 
 .bss._sercom_config
                0x20000228        0x2 src/ASF/sam0/drivers/sercom/sercom.o
 *fill*         0x2000022a        0x2 
 .bss.sd_mmc_ejected
                0x2000022c        0x2 src/ASF/common2/components/memory/sd_mmc/sd_mmc_mem.o
 *fill*         0x2000022e        0x2 
 .bss.sd_mmc_master
                0x20000230        0xc src/ASF/common2/components/memory/sd_mmc/sd_mmc_spi.o
 .bss.sd_mmc_spi_block_size
                0x2000023c        0x2 src/ASF/common2/components/memory/sd_mmc/sd_mmc_spi.o
 *fill*         0x2000023e        0x2 
 .bss.sd_mmc_spi_devices
                0x20000240        0x3 src/ASF/common2/components/memory/sd_mmc/sd_mmc_spi.o
 .bss.sd_mmc_spi_err
                0x20000243        0x1 src/ASF/common2/components/memory/sd_mmc/sd_mmc_spi.o
 .bss.sd_mmc_spi_nb_block
                0x20000244        0x2 src/ASF/common2/components/memory/sd_mmc/sd_mmc_spi.o
 *fill*         0x20000246        0x2 
 .bss.sd_mmc_spi_response_32
                0x20000248        0x4 src/ASF/common2/components/memory/sd_mmc/sd_mmc_spi.o
 .bss.sd_mmc_spi_transfert_pos
                0x2000024c        0x4 src/ASF/common2/components/memory/sd_mmc/sd_mmc_spi.o
 .bss.slave_configs
                0x20000250        0x3 src/ASF/common2/components/memory/sd_mmc/sd_mmc_spi.o
 *fill*         0x20000253        0x1 
 .bss.ss_pins   0x20000254        0x1 src/ASF/common2/components/memory/sd_mmc/sd_mmc_spi.o
                0x20000254                ss_pins
 *fill*         0x20000255        0x3 
 .bss.cpu_irq_critical_section_counter
                0x20000258        0x4 src/ASF/common/utils/interrupt/interrupt_sam_nvic.o
 .bss.cpu_irq_prev_interrupt_state
                0x2000025c        0x1 src/ASF/common/utils/interrupt/interrupt_sam_nvic.o
 *fill*         0x2000025d        0x3 
 .bss._system_clock_inst
                0x20000260       0x18 src/ASF/sam0/drivers/system/clock/clock_samd21_r21_da_ha1/clock.o
 .bss.main_b_msc_enable
                0x20000278        0x1 src/main.o
 *(COMMON)
 *fill*         0x20000279        0x3 
 COMMON         0x2000027c        0x5 src/ASF/common/services/sleepmgr/samd/sleepmgr.o
                0x2000027c                sleepmgr_locks
 COMMON         0x20000281        0x1 src/ASF/common/services/usb/class/msc/device/udi_msc.o
                0x20000281                udi_msc_b_abort_trans
 *fill*         0x20000282        0x2 
 COMMON         0x20000284       0x40 src/ASF/sam0/drivers/extint/extint_sam_d_r_h/extint.o
                0x20000284                _extint_dev
 COMMON         0x200002c4      0x240 src/ASF/sam0/drivers/usb/stack_interface/usb_device_udd.o
                0x200002c4                udd_ep_out_cache_buffer
                0x20000344                usb_device
                0x200004ac                udd_g_ctrlreq
                0x200004c4                udd_ctrl_buffer
 COMMON         0x20000504      0x100 src/ASF/sam0/drivers/usb/usb_sam_d_r/usb.o
                0x20000504                usb_descriptor_table
 COMMON         0x20000604        0x1 src/ASF/sam0/drivers/extint/extint_callback.o
                0x20000604                _current_channel
 *fill*         0x20000605        0x3 
 COMMON         0x20000608      0x400 src/ASF/common2/components/memory/sd_mmc/sd_mmc_mem.o
                0x20000608                sector_buf_1
                0x20000808                sector_buf_0
                0x20000a08                . = ALIGN (0x4)
                0x20000a08                _ebss = .
                0x20000a08                _ezero = .

.stack          0x20000a08     0x2000 load address 0x000068a4
                0x20000a08                . = ALIGN (0x8)
                0x20000a08                _sstack = .
                0x20002a08                . = (. + STACK_SIZE)
 *fill*         0x20000a08     0x2000 
                0x20002a08                . = ALIGN (0x8)
                0x20002a08                _estack = .
                0x20002a08                . = ALIGN (0x4)
                0x20002a08                _end = .
OUTPUT(SoundingSoil_1_custom.elf elf32-littlearm)

.ARM.attributes
                0x00000000       0x28
 .ARM.attributes
                0x00000000       0x1e c:/program files (x86)/atmel/studio/7.0/toolchain/arm/arm-gnu-toolchain/bin/../lib/gcc/arm-none-eabi/6.3.1/thumb/v6-m/crti.o
 .ARM.attributes
                0x0000001e       0x2c c:/program files (x86)/atmel/studio/7.0/toolchain/arm/arm-gnu-toolchain/bin/../lib/gcc/arm-none-eabi/6.3.1/thumb/v6-m/crtbegin.o
 .ARM.attributes
                0x0000004a       0x32 src/ASF/common2/components/memory/sd_mmc/sd_mmc.o
 .ARM.attributes
                0x0000007c       0x32 src/ASF/sam0/drivers/sercom/sercom_interrupt.o
 .ARM.attributes
                0x000000ae       0x32 src/memories_initialization_samd.o
 .ARM.attributes
                0x000000e0       0x32 src/ui.o
 .ARM.attributes
                0x00000112       0x32 src/ASF/common/services/sleepmgr/samd/sleepmgr.o
 .ARM.attributes
                0x00000144       0x32 src/ASF/common/services/usb/class/msc/device/udi_msc.o
 .ARM.attributes
                0x00000176       0x32 src/ASF/common/services/usb/udc/udc.o
 .ARM.attributes
                0x000001a8       0x32 src/ASF/sam0/drivers/extint/extint_sam_d_r_h/extint.o
 .ARM.attributes
                0x000001da       0x32 src/ASF/sam0/drivers/usb/stack_interface/usb_device_udd.o
 .ARM.attributes
                0x0000020c       0x32 src/ASF/sam0/drivers/usb/usb_sam_d_r/usb.o
 .ARM.attributes
                0x0000023e       0x32 src/ASF/sam0/drivers/extint/extint_callback.o
 .ARM.attributes
                0x00000270       0x32 src/ASF/common/services/usb/class/msc/device/udi_msc_desc.o
 .ARM.attributes
                0x000002a2       0x32 src/ASF/sam0/drivers/sercom/sercom.o
 .ARM.attributes
                0x000002d4       0x32 src/ASF/sam0/drivers/sercom/spi/spi.o
 .ARM.attributes
                0x00000306       0x32 src/ASF/common2/services/delay/sam0/cycle_counter.o
 .ARM.attributes
                0x00000338       0x32 src/ASF/common2/components/memory/sd_mmc/sd_mmc_mem.o
 .ARM.attributes
                0x0000036a       0x32 src/ASF/common2/components/memory/sd_mmc/sd_mmc_spi.o
 .ARM.attributes
                0x0000039c       0x32 src/ASF/common/services/storage/ctrl_access/ctrl_access.o
 .ARM.attributes
                0x000003ce       0x32 src/ASF/sam0/drivers/port/port.o
 .ARM.attributes
                0x00000400       0x32 src/ASF/common2/boards/user_board/init.o
 .ARM.attributes
                0x00000432       0x32 src/ASF/common/utils/interrupt/interrupt_sam_nvic.o
 .ARM.attributes
                0x00000464       0x32 src/ASF/sam0/drivers/system/clock/clock_samd21_r21_da_ha1/clock.o
 .ARM.attributes
                0x00000496       0x32 src/ASF/sam0/drivers/system/clock/clock_samd21_r21_da_ha1/gclk.o
 .ARM.attributes
                0x000004c8       0x32 src/ASF/sam0/drivers/system/pinmux/pinmux.o
 .ARM.attributes
                0x000004fa       0x32 src/ASF/sam0/drivers/system/system.o
 .ARM.attributes
                0x0000052c       0x32 src/ASF/sam0/utils/cmsis/samd21/source/gcc/startup_samd21.o
 .ARM.attributes
                0x0000055e       0x32 src/main.o
 .ARM.attributes
                0x00000590       0x1e c:/program files (x86)/atmel/studio/7.0/toolchain/arm/arm-gnu-toolchain/bin/../lib/gcc/arm-none-eabi/6.3.1/thumb/v6-m\libgcc.a(_udivsi3.o)
 .ARM.attributes
                0x000005ae       0x1e c:/program files (x86)/atmel/studio/7.0/toolchain/arm/arm-gnu-toolchain/bin/../lib/gcc/arm-none-eabi/6.3.1/thumb/v6-m\libgcc.a(_divsi3.o)
 .ARM.attributes
                0x000005cc       0x1e c:/program files (x86)/atmel/studio/7.0/toolchain/arm/arm-gnu-toolchain/bin/../lib/gcc/arm-none-eabi/6.3.1/thumb/v6-m\libgcc.a(_dvmd_tls.o)
 .ARM.attributes
                0x000005ea       0x1e c:/program files (x86)/atmel/studio/7.0/toolchain/arm/arm-gnu-toolchain/bin/../lib/gcc/arm-none-eabi/6.3.1/thumb/v6-m\libgcc.a(_clzsi2.o)
 .ARM.attributes
                0x00000608       0x1e c:/program files (x86)/atmel/studio/7.0/toolchain/arm/arm-gnu-toolchain/bin/../lib/gcc/arm-none-eabi/6.3.1/thumb/v6-m\libgcc.a(_ctzsi2.o)
 .ARM.attributes
                0x00000626       0x1e c:/program files (x86)/atmel/studio/7.0/toolchain/arm/arm-gnu-toolchain/bin/../lib/gcc/arm-none-eabi/6.3.1/thumb/v6-m\libgcc.a(_aeabi_uldivmod.o)
 .ARM.attributes
                0x00000644       0x2c c:/program files (x86)/atmel/studio/7.0/toolchain/arm/arm-gnu-toolchain/bin/../lib/gcc/arm-none-eabi/6.3.1/thumb/v6-m\libgcc.a(_muldi3.o)
 .ARM.attributes
                0x00000670       0x2c c:/program files (x86)/atmel/studio/7.0/toolchain/arm/arm-gnu-toolchain/bin/../lib/gcc/arm-none-eabi/6.3.1/thumb/v6-m\libgcc.a(_udivmoddi4.o)
 .ARM.attributes
                0x0000069c       0x1e c:/program files (x86)/atmel/studio/7.0/toolchain/arm/arm-gnu-toolchain/bin/../lib/gcc/arm-none-eabi/6.3.1/thumb/v6-m\libgcc.a(_clzdi2.o)
 .ARM.attributes
                0x000006ba       0x2c c:/program files (x86)/atmel/studio/7.0/toolchain/arm/arm-gnu-toolchain/bin/../lib/gcc/arm-none-eabi/6.3.1/../../../../arm-none-eabi/lib/thumb/v6-m\libc_nano.a(lib_a-init.o)
 .ARM.attributes
                0x000006e6       0x2c c:/program files (x86)/atmel/studio/7.0/toolchain/arm/arm-gnu-toolchain/bin/../lib/gcc/arm-none-eabi/6.3.1/../../../../arm-none-eabi/lib/thumb/v6-m\libc_nano.a(lib_a-memcpy-stub.o)
 .ARM.attributes
                0x00000712       0x2c c:/program files (x86)/atmel/studio/7.0/toolchain/arm/arm-gnu-toolchain/bin/../lib/gcc/arm-none-eabi/6.3.1/../../../../arm-none-eabi/lib/thumb/v6-m\libc_nano.a(lib_a-memset.o)
 .ARM.attributes
                0x0000073e       0x1e c:/program files (x86)/atmel/studio/7.0/toolchain/arm/arm-gnu-toolchain/bin/../lib/gcc/arm-none-eabi/6.3.1/thumb/v6-m/crtn.o

.comment        0x00000000       0x59
 .comment       0x00000000       0x59 src/ASF/common2/components/memory/sd_mmc/sd_mmc.o
                                 0x5a (size before relaxing)
 .comment       0x00000059       0x5a src/ASF/sam0/drivers/sercom/sercom_interrupt.o
 .comment       0x00000059       0x5a src/memories_initialization_samd.o
 .comment       0x00000059       0x5a src/ui.o
 .comment       0x00000059       0x5a src/ASF/common/services/sleepmgr/samd/sleepmgr.o
 .comment       0x00000059       0x5a src/ASF/common/services/usb/class/msc/device/udi_msc.o
 .comment       0x00000059       0x5a src/ASF/common/services/usb/udc/udc.o
 .comment       0x00000059       0x5a src/ASF/sam0/drivers/extint/extint_sam_d_r_h/extint.o
 .comment       0x00000059       0x5a src/ASF/sam0/drivers/usb/stack_interface/usb_device_udd.o
 .comment       0x00000059       0x5a src/ASF/sam0/drivers/usb/usb_sam_d_r/usb.o
 .comment       0x00000059       0x5a src/ASF/sam0/drivers/extint/extint_callback.o
 .comment       0x00000059       0x5a src/ASF/common/services/usb/class/msc/device/udi_msc_desc.o
 .comment       0x00000059       0x5a src/ASF/sam0/drivers/sercom/sercom.o
 .comment       0x00000059       0x5a src/ASF/sam0/drivers/sercom/spi/spi.o
 .comment       0x00000059       0x5a src/ASF/common2/services/delay/sam0/cycle_counter.o
 .comment       0x00000059       0x5a src/ASF/common2/components/memory/sd_mmc/sd_mmc_mem.o
 .comment       0x00000059       0x5a src/ASF/common2/components/memory/sd_mmc/sd_mmc_spi.o
 .comment       0x00000059       0x5a src/ASF/common/services/storage/ctrl_access/ctrl_access.o
 .comment       0x00000059       0x5a src/ASF/sam0/drivers/port/port.o
 .comment       0x00000059       0x5a src/ASF/common2/boards/user_board/init.o
 .comment       0x00000059       0x5a src/ASF/common/utils/interrupt/interrupt_sam_nvic.o
 .comment       0x00000059       0x5a src/ASF/sam0/drivers/system/clock/clock_samd21_r21_da_ha1/clock.o
 .comment       0x00000059       0x5a src/ASF/sam0/drivers/system/clock/clock_samd21_r21_da_ha1/gclk.o
 .comment       0x00000059       0x5a src/ASF/sam0/drivers/system/pinmux/pinmux.o
 .comment       0x00000059       0x5a src/ASF/sam0/drivers/system/system.o
 .comment       0x00000059       0x5a src/ASF/sam0/utils/cmsis/samd21/source/gcc/startup_samd21.o
 .comment       0x00000059       0x5a src/main.o

.debug_info     0x00000000    0x3f705
 .debug_info    0x00000000     0x2be7 src/ASF/common2/components/memory/sd_mmc/sd_mmc.o
 .debug_info    0x00002be7     0x2bea src/ASF/sam0/drivers/sercom/sercom_interrupt.o
 .debug_info    0x000057d1      0xec4 src/memories_initialization_samd.o
 .debug_info    0x00006695     0x1a07 src/ui.o
 .debug_info    0x0000809c      0xa8e src/ASF/common/services/sleepmgr/samd/sleepmgr.o
 .debug_info    0x00008b2a     0x224c src/ASF/common/services/usb/class/msc/device/udi_msc.o
 .debug_info    0x0000ad76     0x1a8b src/ASF/common/services/usb/udc/udc.o
 .debug_info    0x0000c801     0x2b26 src/ASF/sam0/drivers/extint/extint_sam_d_r_h/extint.o
 .debug_info    0x0000f327     0x6443 src/ASF/sam0/drivers/usb/stack_interface/usb_device_udd.o
 .debug_info    0x0001576a     0x5279 src/ASF/sam0/drivers/usb/usb_sam_d_r/usb.o
 .debug_info    0x0001a9e3     0x19a7 src/ASF/sam0/drivers/extint/extint_callback.o
 .debug_info    0x0001c38a     0x1082 src/ASF/common/services/usb/class/msc/device/udi_msc_desc.o
 .debug_info    0x0001d40c     0x2de4 src/ASF/sam0/drivers/sercom/sercom.o
 .debug_info    0x000201f0     0x6619 src/ASF/sam0/drivers/sercom/spi/spi.o
 .debug_info    0x00026809      0xa64 src/ASF/common2/services/delay/sam0/cycle_counter.o
 .debug_info    0x0002726d     0x161a src/ASF/common2/components/memory/sd_mmc/sd_mmc_mem.o
 .debug_info    0x00028887     0x493f src/ASF/common2/components/memory/sd_mmc/sd_mmc_spi.o
 .debug_info    0x0002d1c6      0xf67 src/ASF/common/services/storage/ctrl_access/ctrl_access.o
 .debug_info    0x0002e12d     0x12b6 src/ASF/sam0/drivers/port/port.o
 .debug_info    0x0002f3e3     0x1818 src/ASF/common2/boards/user_board/init.o
 .debug_info    0x00030bfb      0xb07 src/ASF/common/utils/interrupt/interrupt_sam_nvic.o
 .debug_info    0x00031702     0x388c src/ASF/sam0/drivers/system/clock/clock_samd21_r21_da_ha1/clock.o
 .debug_info    0x00034f8e     0x1ed1 src/ASF/sam0/drivers/system/clock/clock_samd21_r21_da_ha1/gclk.o
 .debug_info    0x00036e5f     0x13f5 src/ASF/sam0/drivers/system/pinmux/pinmux.o
 .debug_info    0x00038254      0xa73 src/ASF/sam0/drivers/system/system.o
 .debug_info    0x00038cc7     0x3a49 src/ASF/sam0/utils/cmsis/samd21/source/gcc/startup_samd21.o
 .debug_info    0x0003c710     0x2ff5 src/main.o

.debug_abbrev   0x00000000     0x5bde
 .debug_abbrev  0x00000000      0x4ca src/ASF/common2/components/memory/sd_mmc/sd_mmc.o
 .debug_abbrev  0x000004ca      0x2d8 src/ASF/sam0/drivers/sercom/sercom_interrupt.o
 .debug_abbrev  0x000007a2      0x1d1 src/memories_initialization_samd.o
 .debug_abbrev  0x00000973      0x301 src/ui.o
 .debug_abbrev  0x00000c74      0x1b2 src/ASF/common/services/sleepmgr/samd/sleepmgr.o
 .debug_abbrev  0x00000e26      0x3f2 src/ASF/common/services/usb/class/msc/device/udi_msc.o
 .debug_abbrev  0x00001218      0x3f5 src/ASF/common/services/usb/udc/udc.o
 .debug_abbrev  0x0000160d      0x4a7 src/ASF/sam0/drivers/extint/extint_sam_d_r_h/extint.o
 .debug_abbrev  0x00001ab4      0x607 src/ASF/sam0/drivers/usb/stack_interface/usb_device_udd.o
 .debug_abbrev  0x000020bb      0x4e9 src/ASF/sam0/drivers/usb/usb_sam_d_r/usb.o
 .debug_abbrev  0x000025a4      0x333 src/ASF/sam0/drivers/extint/extint_callback.o
 .debug_abbrev  0x000028d7      0x1d8 src/ASF/common/services/usb/class/msc/device/udi_msc_desc.o
 .debug_abbrev  0x00002aaf      0x378 src/ASF/sam0/drivers/sercom/sercom.o
 .debug_abbrev  0x00002e27      0x532 src/ASF/sam0/drivers/sercom/spi/spi.o
 .debug_abbrev  0x00003359      0x1e7 src/ASF/common2/services/delay/sam0/cycle_counter.o
 .debug_abbrev  0x00003540      0x31b src/ASF/common2/components/memory/sd_mmc/sd_mmc_mem.o
 .debug_abbrev  0x0000385b      0x508 src/ASF/common2/components/memory/sd_mmc/sd_mmc_spi.o
 .debug_abbrev  0x00003d63      0x2a9 src/ASF/common/services/storage/ctrl_access/ctrl_access.o
 .debug_abbrev  0x0000400c      0x298 src/ASF/sam0/drivers/port/port.o
 .debug_abbrev  0x000042a4      0x2ef src/ASF/common2/boards/user_board/init.o
 .debug_abbrev  0x00004593      0x22c src/ASF/common/utils/interrupt/interrupt_sam_nvic.o
 .debug_abbrev  0x000047bf      0x493 src/ASF/sam0/drivers/system/clock/clock_samd21_r21_da_ha1/clock.o
 .debug_abbrev  0x00004c52      0x3f1 src/ASF/sam0/drivers/system/clock/clock_samd21_r21_da_ha1/gclk.o
 .debug_abbrev  0x00005043      0x37b src/ASF/sam0/drivers/system/pinmux/pinmux.o
 .debug_abbrev  0x000053be      0x1e1 src/ASF/sam0/drivers/system/system.o
 .debug_abbrev  0x0000559f      0x234 src/ASF/sam0/utils/cmsis/samd21/source/gcc/startup_samd21.o
 .debug_abbrev  0x000057d3      0x40b src/main.o

.debug_loc      0x00000000     0xc035
 .debug_loc     0x00000000     0x1000 src/ASF/common2/components/memory/sd_mmc/sd_mmc.o
 .debug_loc     0x00001000      0x161 src/ASF/sam0/drivers/sercom/sercom_interrupt.o
 .debug_loc     0x00001161      0x364 src/ui.o
 .debug_loc     0x000014c5      0xa53 src/ASF/common/services/usb/class/msc/device/udi_msc.o
 .debug_loc     0x00001f18      0x4f9 src/ASF/common/services/usb/udc/udc.o
 .debug_loc     0x00002411      0x43d src/ASF/sam0/drivers/extint/extint_sam_d_r_h/extint.o
 .debug_loc     0x0000284e     0x12d4 src/ASF/sam0/drivers/usb/stack_interface/usb_device_udd.o
 .debug_loc     0x00003b22     0x1aff src/ASF/sam0/drivers/usb/usb_sam_d_r/usb.o
 .debug_loc     0x00005621      0x2ac src/ASF/sam0/drivers/extint/extint_callback.o
 .debug_loc     0x000058cd      0x9d5 src/ASF/sam0/drivers/sercom/sercom.o
 .debug_loc     0x000062a2     0x2d19 src/ASF/sam0/drivers/sercom/spi/spi.o
 .debug_loc     0x00008fbb      0x686 src/ASF/common2/components/memory/sd_mmc/sd_mmc_mem.o
 .debug_loc     0x00009641      0x957 src/ASF/common2/components/memory/sd_mmc/sd_mmc_spi.o
 .debug_loc     0x00009f98      0x3ed src/ASF/common/services/storage/ctrl_access/ctrl_access.o
 .debug_loc     0x0000a385      0x13d src/ASF/sam0/drivers/port/port.o
 .debug_loc     0x0000a4c2      0x125 src/ASF/common2/boards/user_board/init.o
 .debug_loc     0x0000a5e7      0xf61 src/ASF/sam0/drivers/system/clock/clock_samd21_r21_da_ha1/clock.o
 .debug_loc     0x0000b548      0x504 src/ASF/sam0/drivers/system/clock/clock_samd21_r21_da_ha1/gclk.o
 .debug_loc     0x0000ba4c      0x36d src/ASF/sam0/drivers/system/pinmux/pinmux.o
 .debug_loc     0x0000bdb9       0x20 src/ASF/sam0/drivers/system/system.o
 .debug_loc     0x0000bdd9       0x40 src/ASF/sam0/utils/cmsis/samd21/source/gcc/startup_samd21.o
 .debug_loc     0x0000be19      0x21c src/main.o

.debug_aranges  0x00000000      0xb08
 .debug_aranges
                0x00000000       0xa8 src/ASF/common2/components/memory/sd_mmc/sd_mmc.o
 .debug_aranges
                0x000000a8       0x60 src/ASF/sam0/drivers/sercom/sercom_interrupt.o
 .debug_aranges
                0x00000108       0x20 src/memories_initialization_samd.o
 .debug_aranges
                0x00000128       0x58 src/ui.o
 .debug_aranges
                0x00000180       0x18 src/ASF/common/services/sleepmgr/samd/sleepmgr.o
 .debug_aranges
                0x00000198       0xe8 src/ASF/common/services/usb/class/msc/device/udi_msc.o
 .debug_aranges
                0x00000280       0x70 src/ASF/common/services/usb/udc/udc.o
 .debug_aranges
                0x000002f0       0x50 src/ASF/sam0/drivers/extint/extint_sam_d_r_h/extint.o
 .debug_aranges
                0x00000340      0x128 src/ASF/sam0/drivers/usb/stack_interface/usb_device_udd.o
 .debug_aranges
                0x00000468      0x158 src/ASF/sam0/drivers/usb/usb_sam_d_r/usb.o
 .debug_aranges
                0x000005c0       0x48 src/ASF/sam0/drivers/extint/extint_callback.o
 .debug_aranges
                0x00000608       0x18 src/ASF/common/services/usb/class/msc/device/udi_msc_desc.o
 .debug_aranges
                0x00000620       0x48 src/ASF/sam0/drivers/sercom/sercom.o
 .debug_aranges
                0x00000668       0x58 src/ASF/sam0/drivers/sercom/spi/spi.o
 .debug_aranges
                0x000006c0       0x28 src/ASF/common2/services/delay/sam0/cycle_counter.o
 .debug_aranges
                0x000006e8       0xc0 src/ASF/common2/components/memory/sd_mmc/sd_mmc_mem.o
 .debug_aranges
                0x000007a8       0xb0 src/ASF/common2/components/memory/sd_mmc/sd_mmc_spi.o
 .debug_aranges
                0x00000858       0x70 src/ASF/common/services/storage/ctrl_access/ctrl_access.o
 .debug_aranges
                0x000008c8       0x28 src/ASF/sam0/drivers/port/port.o
 .debug_aranges
                0x000008f0       0x20 src/ASF/common2/boards/user_board/init.o
 .debug_aranges
                0x00000910       0x28 src/ASF/common/utils/interrupt/interrupt_sam_nvic.o
 .debug_aranges
                0x00000938       0x78 src/ASF/sam0/drivers/system/clock/clock_samd21_r21_da_ha1/clock.o
 .debug_aranges
                0x000009b0       0x80 src/ASF/sam0/drivers/system/clock/clock_samd21_r21_da_ha1/gclk.o
 .debug_aranges
                0x00000a30       0x40 src/ASF/sam0/drivers/system/pinmux/pinmux.o
 .debug_aranges
                0x00000a70       0x28 src/ASF/sam0/drivers/system/system.o
 .debug_aranges
                0x00000a98       0x28 src/ASF/sam0/utils/cmsis/samd21/source/gcc/startup_samd21.o
 .debug_aranges
                0x00000ac0       0x48 src/main.o

.debug_ranges   0x00000000     0x11a0
 .debug_ranges  0x00000000      0x208 src/ASF/common2/components/memory/sd_mmc/sd_mmc.o
 .debug_ranges  0x00000208       0x50 src/ASF/sam0/drivers/sercom/sercom_interrupt.o
 .debug_ranges  0x00000258       0x10 src/memories_initialization_samd.o
 .debug_ranges  0x00000268       0x48 src/ui.o
 .debug_ranges  0x000002b0       0xf0 src/ASF/common/services/usb/class/msc/device/udi_msc.o
 .debug_ranges  0x000003a0       0xf0 src/ASF/common/services/usb/udc/udc.o
 .debug_ranges  0x00000490       0x40 src/ASF/sam0/drivers/extint/extint_sam_d_r_h/extint.o
 .debug_ranges  0x000004d0      0x1a8 src/ASF/sam0/drivers/usb/stack_interface/usb_device_udd.o
 .debug_ranges  0x00000678      0x190 src/ASF/sam0/drivers/usb/usb_sam_d_r/usb.o
 .debug_ranges  0x00000808       0x90 src/ASF/sam0/drivers/extint/extint_callback.o
 .debug_ranges  0x00000898       0x50 src/ASF/sam0/drivers/sercom/sercom.o
 .debug_ranges  0x000008e8      0x490 src/ASF/sam0/drivers/sercom/spi/spi.o
 .debug_ranges  0x00000d78       0x18 src/ASF/common2/services/delay/sam0/cycle_counter.o
 .debug_ranges  0x00000d90       0xb0 src/ASF/common2/components/memory/sd_mmc/sd_mmc_mem.o
 .debug_ranges  0x00000e40       0xa0 src/ASF/common2/components/memory/sd_mmc/sd_mmc_spi.o
 .debug_ranges  0x00000ee0       0x60 src/ASF/common/services/storage/ctrl_access/ctrl_access.o
 .debug_ranges  0x00000f40       0x18 src/ASF/sam0/drivers/port/port.o
 .debug_ranges  0x00000f58       0x10 src/ASF/common2/boards/user_board/init.o
 .debug_ranges  0x00000f68       0x18 src/ASF/common/utils/interrupt/interrupt_sam_nvic.o
 .debug_ranges  0x00000f80       0x68 src/ASF/sam0/drivers/system/clock/clock_samd21_r21_da_ha1/clock.o
 .debug_ranges  0x00000fe8       0x88 src/ASF/sam0/drivers/system/clock/clock_samd21_r21_da_ha1/gclk.o
 .debug_ranges  0x00001070       0x30 src/ASF/sam0/drivers/system/pinmux/pinmux.o
 .debug_ranges  0x000010a0       0x18 src/ASF/sam0/drivers/system/system.o
 .debug_ranges  0x000010b8       0x18 src/ASF/sam0/utils/cmsis/samd21/source/gcc/startup_samd21.o
 .debug_ranges  0x000010d0       0xd0 src/main.o

.debug_macro    0x00000000    0x20b28
 .debug_macro   0x00000000      0x8ec src/ASF/common2/components/memory/sd_mmc/sd_mmc.o
 .debug_macro   0x000008ec      0x8e0 src/ASF/common2/components/memory/sd_mmc/sd_mmc.o
 .debug_macro   0x000011cc      0x16d src/ASF/common2/components/memory/sd_mmc/sd_mmc.o
 .debug_macro   0x00001339      0x64b src/ASF/common2/components/memory/sd_mmc/sd_mmc.o
 .debug_macro   0x00001984       0x22 src/ASF/common2/components/memory/sd_mmc/sd_mmc.o
 .debug_macro   0x000019a6       0x87 src/ASF/common2/components/memory/sd_mmc/sd_mmc.o
 .debug_macro   0x00001a2d       0x51 src/ASF/common2/components/memory/sd_mmc/sd_mmc.o
 .debug_macro   0x00001a7e       0xef src/ASF/common2/components/memory/sd_mmc/sd_mmc.o
 .debug_macro   0x00001b6d       0x6a src/ASF/common2/components/memory/sd_mmc/sd_mmc.o
 .debug_macro   0x00001bd7      0x1df src/ASF/common2/components/memory/sd_mmc/sd_mmc.o
 .debug_macro   0x00001db6       0x10 src/ASF/common2/components/memory/sd_mmc/sd_mmc.o
 .debug_macro   0x00001dc6       0x76 src/ASF/common2/components/memory/sd_mmc/sd_mmc.o
 .debug_macro   0x00001e3c       0x16 src/ASF/common2/components/memory/sd_mmc/sd_mmc.o
 .debug_macro   0x00001e52      0x6e5 src/ASF/common2/components/memory/sd_mmc/sd_mmc.o
 .debug_macro   0x00002537      0xde2 src/ASF/common2/components/memory/sd_mmc/sd_mmc.o
 .debug_macro   0x00003319       0x22 src/ASF/common2/components/memory/sd_mmc/sd_mmc.o
 .debug_macro   0x0000333b       0x40 src/ASF/common2/components/memory/sd_mmc/sd_mmc.o
 .debug_macro   0x0000337b       0x3a src/ASF/common2/components/memory/sd_mmc/sd_mmc.o
 .debug_macro   0x000033b5       0x1f src/ASF/common2/components/memory/sd_mmc/sd_mmc.o
 .debug_macro   0x000033d4      0x250 src/ASF/common2/components/memory/sd_mmc/sd_mmc.o
 .debug_macro   0x00003624      0x682 src/ASF/common2/components/memory/sd_mmc/sd_mmc.o
 .debug_macro   0x00003ca6      0x8bf src/ASF/common2/components/memory/sd_mmc/sd_mmc.o
 .debug_macro   0x00004565      0x235 src/ASF/common2/components/memory/sd_mmc/sd_mmc.o
 .debug_macro   0x0000479a      0xd6a src/ASF/common2/components/memory/sd_mmc/sd_mmc.o
 .debug_macro   0x00005504      0x4ce src/ASF/common2/components/memory/sd_mmc/sd_mmc.o
 .debug_macro   0x000059d2      0x9f8 src/ASF/common2/components/memory/sd_mmc/sd_mmc.o
 .debug_macro   0x000063ca      0x82b src/ASF/common2/components/memory/sd_mmc/sd_mmc.o
 .debug_macro   0x00006bf5      0x45f src/ASF/common2/components/memory/sd_mmc/sd_mmc.o
 .debug_macro   0x00007054       0x5e src/ASF/common2/components/memory/sd_mmc/sd_mmc.o
 .debug_macro   0x000070b2      0x906 src/ASF/common2/components/memory/sd_mmc/sd_mmc.o
 .debug_macro   0x000079b8      0x225 src/ASF/common2/components/memory/sd_mmc/sd_mmc.o
 .debug_macro   0x00007bdd      0x963 src/ASF/common2/components/memory/sd_mmc/sd_mmc.o
 .debug_macro   0x00008540       0x5e src/ASF/common2/components/memory/sd_mmc/sd_mmc.o
 .debug_macro   0x0000859e      0x671 src/ASF/common2/components/memory/sd_mmc/sd_mmc.o
 .debug_macro   0x00008c0f      0x3af src/ASF/common2/components/memory/sd_mmc/sd_mmc.o
 .debug_macro   0x00008fbe      0xc7f src/ASF/common2/components/memory/sd_mmc/sd_mmc.o
 .debug_macro   0x00009c3d     0x1092 src/ASF/common2/components/memory/sd_mmc/sd_mmc.o
 .debug_macro   0x0000accf      0xc4a src/ASF/common2/components/memory/sd_mmc/sd_mmc.o
 .debug_macro   0x0000b919      0x6bf src/ASF/common2/components/memory/sd_mmc/sd_mmc.o
 .debug_macro   0x0000bfd8     0x1bc9 src/ASF/common2/components/memory/sd_mmc/sd_mmc.o
 .debug_macro   0x0000dba1     0x144a src/ASF/common2/components/memory/sd_mmc/sd_mmc.o
 .debug_macro   0x0000efeb      0x34e src/ASF/common2/components/memory/sd_mmc/sd_mmc.o
 .debug_macro   0x0000f339       0x7c src/ASF/common2/components/memory/sd_mmc/sd_mmc.o
 .debug_macro   0x0000f3b5       0xa0 src/ASF/common2/components/memory/sd_mmc/sd_mmc.o
 .debug_macro   0x0000f455       0x4c src/ASF/common2/components/memory/sd_mmc/sd_mmc.o
 .debug_macro   0x0000f4a1       0xca src/ASF/common2/components/memory/sd_mmc/sd_mmc.o
 .debug_macro   0x0000f56b       0x94 src/ASF/common2/components/memory/sd_mmc/sd_mmc.o
 .debug_macro   0x0000f5ff       0x58 src/ASF/common2/components/memory/sd_mmc/sd_mmc.o
 .debug_macro   0x0000f657      0x387 src/ASF/common2/components/memory/sd_mmc/sd_mmc.o
 .debug_macro   0x0000f9de       0x82 src/ASF/common2/components/memory/sd_mmc/sd_mmc.o
 .debug_macro   0x0000fa60      0x197 src/ASF/common2/components/memory/sd_mmc/sd_mmc.o
 .debug_macro   0x0000fbf7       0xb8 src/ASF/common2/components/memory/sd_mmc/sd_mmc.o
 .debug_macro   0x0000fcaf       0xa0 src/ASF/common2/components/memory/sd_mmc/sd_mmc.o
 .debug_macro   0x0000fd4f       0xb8 src/ASF/common2/components/memory/sd_mmc/sd_mmc.o
 .debug_macro   0x0000fe07       0x1c src/ASF/common2/components/memory/sd_mmc/sd_mmc.o
 .debug_macro   0x0000fe23       0x1c src/ASF/common2/components/memory/sd_mmc/sd_mmc.o
 .debug_macro   0x0000fe3f       0x1c src/ASF/common2/components/memory/sd_mmc/sd_mmc.o
 .debug_macro   0x0000fe5b       0x82 src/ASF/common2/components/memory/sd_mmc/sd_mmc.o
 .debug_macro   0x0000fedd      0x161 src/ASF/common2/components/memory/sd_mmc/sd_mmc.o
 .debug_macro   0x0001003e       0xdc src/ASF/common2/components/memory/sd_mmc/sd_mmc.o
 .debug_macro   0x0001011a      0x12f src/ASF/common2/components/memory/sd_mmc/sd_mmc.o
 .debug_macro   0x00010249      0x12f src/ASF/common2/components/memory/sd_mmc/sd_mmc.o
 .debug_macro   0x00010378      0x12f src/ASF/common2/components/memory/sd_mmc/sd_mmc.o
 .debug_macro   0x000104a7      0x12f src/ASF/common2/components/memory/sd_mmc/sd_mmc.o
 .debug_macro   0x000105d6      0x12f src/ASF/common2/components/memory/sd_mmc/sd_mmc.o
 .debug_macro   0x00010705      0x12f src/ASF/common2/components/memory/sd_mmc/sd_mmc.o
 .debug_macro   0x00010834      0x124 src/ASF/common2/components/memory/sd_mmc/sd_mmc.o
 .debug_macro   0x00010958       0xe2 src/ASF/common2/components/memory/sd_mmc/sd_mmc.o
 .debug_macro   0x00010a3a       0xe2 src/ASF/common2/components/memory/sd_mmc/sd_mmc.o
 .debug_macro   0x00010b1c       0xe2 src/ASF/common2/components/memory/sd_mmc/sd_mmc.o
 .debug_macro   0x00010bfe       0xe2 src/ASF/common2/components/memory/sd_mmc/sd_mmc.o
 .debug_macro   0x00010ce0       0xe2 src/ASF/common2/components/memory/sd_mmc/sd_mmc.o
 .debug_macro   0x00010dc2      0x133 src/ASF/common2/components/memory/sd_mmc/sd_mmc.o
 .debug_macro   0x00010ef5      0x106 src/ASF/common2/components/memory/sd_mmc/sd_mmc.o
 .debug_macro   0x00010ffb       0xfa src/ASF/common2/components/memory/sd_mmc/sd_mmc.o
 .debug_macro   0x000110f5      0x40f src/ASF/common2/components/memory/sd_mmc/sd_mmc.o
 .debug_macro   0x00011504       0x40 src/ASF/common2/components/memory/sd_mmc/sd_mmc.o
 .debug_macro   0x00011544      0x37d src/ASF/common2/components/memory/sd_mmc/sd_mmc.o
 .debug_macro   0x000118c1     0x1e5c src/ASF/common2/components/memory/sd_mmc/sd_mmc.o
 .debug_macro   0x0001371d       0x6d src/ASF/common2/components/memory/sd_mmc/sd_mmc.o
 .debug_macro   0x0001378a       0x58 src/ASF/common2/components/memory/sd_mmc/sd_mmc.o
 .debug_macro   0x000137e2       0x35 src/ASF/common2/components/memory/sd_mmc/sd_mmc.o
 .debug_macro   0x00013817       0x9c src/ASF/common2/components/memory/sd_mmc/sd_mmc.o
 .debug_macro   0x000138b3       0x16 src/ASF/common2/components/memory/sd_mmc/sd_mmc.o
 .debug_macro   0x000138c9       0x35 src/ASF/common2/components/memory/sd_mmc/sd_mmc.o
 .debug_macro   0x000138fe      0x353 src/ASF/common2/components/memory/sd_mmc/sd_mmc.o
 .debug_macro   0x00013c51       0x10 src/ASF/common2/components/memory/sd_mmc/sd_mmc.o
 .debug_macro   0x00013c61       0x58 src/ASF/common2/components/memory/sd_mmc/sd_mmc.o
 .debug_macro   0x00013cb9       0x1f src/ASF/common2/components/memory/sd_mmc/sd_mmc.o
 .debug_macro   0x00013cd8       0x43 src/ASF/common2/components/memory/sd_mmc/sd_mmc.o
 .debug_macro   0x00013d1b       0x20 src/ASF/common2/components/memory/sd_mmc/sd_mmc.o
 .debug_macro   0x00013d3b      0x187 src/ASF/common2/components/memory/sd_mmc/sd_mmc.o
 .debug_macro   0x00013ec2       0x10 src/ASF/common2/components/memory/sd_mmc/sd_mmc.o
 .debug_macro   0x00013ed2       0x1c src/ASF/common2/components/memory/sd_mmc/sd_mmc.o
 .debug_macro   0x00013eee       0x52 src/ASF/common2/components/memory/sd_mmc/sd_mmc.o
 .debug_macro   0x00013f40       0x40 src/ASF/common2/components/memory/sd_mmc/sd_mmc.o
 .debug_macro   0x00013f80       0x10 src/ASF/common2/components/memory/sd_mmc/sd_mmc.o
 .debug_macro   0x00013f90       0x40 src/ASF/common2/components/memory/sd_mmc/sd_mmc.o
 .debug_macro   0x00013fd0       0xd7 src/ASF/common2/components/memory/sd_mmc/sd_mmc.o
 .debug_macro   0x000140a7       0x16 src/ASF/common2/components/memory/sd_mmc/sd_mmc.o
 .debug_macro   0x000140bd      0x18b src/ASF/common2/components/memory/sd_mmc/sd_mmc.o
 .debug_macro   0x00014248       0x16 src/ASF/common2/components/memory/sd_mmc/sd_mmc.o
 .debug_macro   0x0001425e       0x16 src/ASF/common2/components/memory/sd_mmc/sd_mmc.o
 .debug_macro   0x00014274       0x29 src/ASF/common2/components/memory/sd_mmc/sd_mmc.o
 .debug_macro   0x0001429d       0x51 src/ASF/common2/components/memory/sd_mmc/sd_mmc.o
 .debug_macro   0x000142ee       0x3f src/ASF/common2/components/memory/sd_mmc/sd_mmc.o
 .debug_macro   0x0001432d      0x3df src/ASF/common2/components/memory/sd_mmc/sd_mmc.o
 .debug_macro   0x0001470c      0x100 src/ASF/common2/components/memory/sd_mmc/sd_mmc.o
 .debug_macro   0x0001480c       0x2e src/ASF/common2/components/memory/sd_mmc/sd_mmc.o
 .debug_macro   0x0001483a       0x11 src/ASF/common2/components/memory/sd_mmc/sd_mmc.o
 .debug_macro   0x0001484b       0x2e src/ASF/common2/components/memory/sd_mmc/sd_mmc.o
 .debug_macro   0x00014879       0x16 src/ASF/common2/components/memory/sd_mmc/sd_mmc.o
 .debug_macro   0x0001488f       0x18 src/ASF/common2/components/memory/sd_mmc/sd_mmc.o
 .debug_macro   0x000148a7       0x19 src/ASF/common2/components/memory/sd_mmc/sd_mmc.o
 .debug_macro   0x000148c0       0x10 src/ASF/common2/components/memory/sd_mmc/sd_mmc.o
 .debug_macro   0x000148d0       0x82 src/ASF/common2/components/memory/sd_mmc/sd_mmc.o
 .debug_macro   0x00014952       0x9b src/ASF/common2/components/memory/sd_mmc/sd_mmc.o
 .debug_macro   0x000149ed       0xe7 src/ASF/common2/components/memory/sd_mmc/sd_mmc.o
 .debug_macro   0x00014ad4      0x2c6 src/ASF/common2/components/memory/sd_mmc/sd_mmc.o
 .debug_macro   0x00014d9a      0x137 src/ASF/common2/components/memory/sd_mmc/sd_mmc.o
 .debug_macro   0x00014ed1       0x35 src/ASF/common2/components/memory/sd_mmc/sd_mmc.o
 .debug_macro   0x00014f06       0x4f src/ASF/common2/components/memory/sd_mmc/sd_mmc.o
 .debug_macro   0x00014f55       0x18 src/ASF/common2/components/memory/sd_mmc/sd_mmc.o
 .debug_macro   0x00014f6d      0x29d src/ASF/common2/components/memory/sd_mmc/sd_mmc.o
 .debug_macro   0x0001520a       0x22 src/ASF/common2/components/memory/sd_mmc/sd_mmc.o
 .debug_macro   0x0001522c       0x58 src/ASF/common2/components/memory/sd_mmc/sd_mmc.o
 .debug_macro   0x00015284       0x9a src/ASF/common2/components/memory/sd_mmc/sd_mmc.o
 .debug_macro   0x0001531e       0x16 src/ASF/common2/components/memory/sd_mmc/sd_mmc.o
 .debug_macro   0x00015334       0x2e src/ASF/common2/components/memory/sd_mmc/sd_mmc.o
 .debug_macro   0x00015362       0xb2 src/ASF/common2/components/memory/sd_mmc/sd_mmc.o
 .debug_macro   0x00015414       0x10 src/ASF/common2/components/memory/sd_mmc/sd_mmc.o
 .debug_macro   0x00015424       0x16 src/ASF/common2/components/memory/sd_mmc/sd_mmc.o
 .debug_macro   0x0001543a       0x16 src/ASF/common2/components/memory/sd_mmc/sd_mmc.o
 .debug_macro   0x00015450       0x35 src/ASF/common2/components/memory/sd_mmc/sd_mmc.o
 .debug_macro   0x00015485       0x49 src/ASF/common2/components/memory/sd_mmc/sd_mmc.o
 .debug_macro   0x000154ce       0x10 src/ASF/common2/components/memory/sd_mmc/sd_mmc.o
 .debug_macro   0x000154de       0x71 src/ASF/common2/components/memory/sd_mmc/sd_mmc.o
 .debug_macro   0x0001554f       0x2e src/ASF/common2/components/memory/sd_mmc/sd_mmc.o
 .debug_macro   0x0001557d      0x24b src/ASF/common2/components/memory/sd_mmc/sd_mmc.o
 .debug_macro   0x000157c8      0x162 src/ASF/common2/components/memory/sd_mmc/sd_mmc.o
 .debug_macro   0x0001592a       0x80 src/ASF/common2/components/memory/sd_mmc/sd_mmc.o
 .debug_macro   0x000159aa       0x16 src/ASF/common2/components/memory/sd_mmc/sd_mmc.o
 .debug_macro   0x000159c0       0x1c src/ASF/common2/components/memory/sd_mmc/sd_mmc.o
 .debug_macro   0x000159dc       0x28 src/ASF/common2/components/memory/sd_mmc/sd_mmc.o
 .debug_macro   0x00015a04      0xd3f src/ASF/common2/components/memory/sd_mmc/sd_mmc.o
 .debug_macro   0x00016743       0x52 src/ASF/common2/components/memory/sd_mmc/sd_mmc.o
 .debug_macro   0x00016795      0x59c src/ASF/sam0/drivers/sercom/sercom_interrupt.o
 .debug_macro   0x00016d31      0x826 src/memories_initialization_samd.o
 .debug_macro   0x00017557      0x832 src/ui.o
 .debug_macro   0x00017d89      0x572 src/ASF/common/services/sleepmgr/samd/sleepmgr.o
 .debug_macro   0x000182fb      0x64c src/ASF/common/services/usb/class/msc/device/udi_msc.o
 .debug_macro   0x00018947       0x6b src/ASF/common/services/usb/class/msc/device/udi_msc.o
 .debug_macro   0x000189b2      0x222 src/ASF/common/services/usb/class/msc/device/udi_msc.o
 .debug_macro   0x00018bd4       0xd6 src/ASF/common/services/usb/class/msc/device/udi_msc.o
 .debug_macro   0x00018caa      0x131 src/ASF/common/services/usb/class/msc/device/udi_msc.o
 .debug_macro   0x00018ddb      0x5bb src/ASF/common/services/usb/udc/udc.o
 .debug_macro   0x00019396      0x591 src/ASF/sam0/drivers/extint/extint_sam_d_r_h/extint.o
 .debug_macro   0x00019927       0x1f src/ASF/sam0/drivers/extint/extint_sam_d_r_h/extint.o
 .debug_macro   0x00019946       0x10 src/ASF/sam0/drivers/extint/extint_sam_d_r_h/extint.o
 .debug_macro   0x00019956      0x6c7 src/ASF/sam0/drivers/usb/stack_interface/usb_device_udd.o
 .debug_macro   0x0001a01d       0x52 src/ASF/sam0/drivers/usb/stack_interface/usb_device_udd.o
 .debug_macro   0x0001a06f       0x8d src/ASF/sam0/drivers/usb/stack_interface/usb_device_udd.o
 .debug_macro   0x0001a0fc       0x57 src/ASF/sam0/drivers/usb/stack_interface/usb_device_udd.o
 .debug_macro   0x0001a153       0x10 src/ASF/sam0/drivers/usb/stack_interface/usb_device_udd.o
 .debug_macro   0x0001a163       0x1c src/ASF/sam0/drivers/usb/stack_interface/usb_device_udd.o
 .debug_macro   0x0001a17f       0x34 src/ASF/sam0/drivers/usb/stack_interface/usb_device_udd.o
 .debug_macro   0x0001a1b3       0x1c src/ASF/sam0/drivers/usb/stack_interface/usb_device_udd.o
 .debug_macro   0x0001a1cf      0x5dc src/ASF/sam0/drivers/usb/usb_sam_d_r/usb.o
 .debug_macro   0x0001a7ab      0x537 src/ASF/sam0/drivers/extint/extint_callback.o
 .debug_macro   0x0001ace2      0x5a0 src/ASF/common/services/usb/class/msc/device/udi_msc_desc.o
 .debug_macro   0x0001b282      0x59f src/ASF/sam0/drivers/sercom/sercom.o
 .debug_macro   0x0001b821      0x5d4 src/ASF/sam0/drivers/sercom/spi/spi.o
 .debug_macro   0x0001bdf5       0x12 src/ASF/sam0/drivers/sercom/spi/spi.o
 .debug_macro   0x0001be07      0x54d src/ASF/common2/services/delay/sam0/cycle_counter.o
 .debug_macro   0x0001c354      0x602 src/ASF/common2/components/memory/sd_mmc/sd_mmc_mem.o
 .debug_macro   0x0001c956       0xa0 src/ASF/common2/components/memory/sd_mmc/sd_mmc_mem.o
 .debug_macro   0x0001c9f6       0x55 src/ASF/common2/components/memory/sd_mmc/sd_mmc_mem.o
 .debug_macro   0x0001ca4b      0x83a src/ASF/common2/components/memory/sd_mmc/sd_mmc_spi.o
 .debug_macro   0x0001d285      0x58b src/ASF/common/services/storage/ctrl_access/ctrl_access.o
 .debug_macro   0x0001d810      0x52c src/ASF/sam0/drivers/port/port.o
 .debug_macro   0x0001dd3c      0x821 src/ASF/common2/boards/user_board/init.o
 .debug_macro   0x0001e55d      0x512 src/ASF/common/utils/interrupt/interrupt_sam_nvic.o
 .debug_macro   0x0001ea6f      0x591 src/ASF/sam0/drivers/system/clock/clock_samd21_r21_da_ha1/clock.o
 .debug_macro   0x0001f000      0x548 src/ASF/sam0/drivers/system/clock/clock_samd21_r21_da_ha1/gclk.o
 .debug_macro   0x0001f548      0x522 src/ASF/sam0/drivers/system/pinmux/pinmux.o
 .debug_macro   0x0001fa6a       0x12 src/ASF/sam0/drivers/system/pinmux/pinmux.o
 .debug_macro   0x0001fa7c      0x555 src/ASF/sam0/drivers/system/system.o
 .debug_macro   0x0001ffd1      0x2f9 src/ASF/sam0/utils/cmsis/samd21/source/gcc/startup_samd21.o
 .debug_macro   0x000202ca       0x3a src/ASF/sam0/utils/cmsis/samd21/source/gcc/startup_samd21.o
 .debug_macro   0x00020304      0x824 src/main.o

.debug_line     0x00000000    0x16733
 .debug_line    0x00000000     0x14bc src/ASF/common2/components/memory/sd_mmc/sd_mmc.o
 .debug_line    0x000014bc      0xb81 src/ASF/sam0/drivers/sercom/sercom_interrupt.o
 .debug_line    0x0000203d     0x1109 src/memories_initialization_samd.o
 .debug_line    0x00003146     0x119e src/ui.o