Archive member included to satisfy reference by file (symbol)

c:/program files (x86)/atmel/studio/7.0/toolchain/arm/arm-gnu-toolchain/bin/../lib/gcc/arm-none-eabi/6.3.1/thumb/v6-m\libgcc.a(_udivsi3.o)
                              src/ASF/common2/components/memory/sd_mmc/sd_mmc.o (__aeabi_uidiv)
c:/program files (x86)/atmel/studio/7.0/toolchain/arm/arm-gnu-toolchain/bin/../lib/gcc/arm-none-eabi/6.3.1/thumb/v6-m\libgcc.a(_divsi3.o)
                              src/ASF/sam0/drivers/usb/stack_interface/usb_device_udd.o (__aeabi_idivmod)
c:/program files (x86)/atmel/studio/7.0/toolchain/arm/arm-gnu-toolchain/bin/../lib/gcc/arm-none-eabi/6.3.1/thumb/v6-m\libgcc.a(_dvmd_tls.o)
                              c:/program files (x86)/atmel/studio/7.0/toolchain/arm/arm-gnu-toolchain/bin/../lib/gcc/arm-none-eabi/6.3.1/thumb/v6-m\libgcc.a(_udivsi3.o) (__aeabi_idiv0)
c:/program files (x86)/atmel/studio/7.0/toolchain/arm/arm-gnu-toolchain/bin/../lib/gcc/arm-none-eabi/6.3.1/thumb/v6-m\libgcc.a(_clzsi2.o)
                              src/ASF/sam0/drivers/usb/usb_sam_d_r/usb.o (__clzsi2)
c:/program files (x86)/atmel/studio/7.0/toolchain/arm/arm-gnu-toolchain/bin/../lib/gcc/arm-none-eabi/6.3.1/thumb/v6-m\libgcc.a(_ctzsi2.o)
                              src/ASF/sam0/drivers/usb/usb_sam_d_r/usb.o (__ctzsi2)
c:/program files (x86)/atmel/studio/7.0/toolchain/arm/arm-gnu-toolchain/bin/../lib/gcc/arm-none-eabi/6.3.1/thumb/v6-m\libgcc.a(_aeabi_uldivmod.o)
                              src/ASF/common2/components/memory/sd_mmc/sd_mmc.o (__aeabi_uldivmod)
c:/program files (x86)/atmel/studio/7.0/toolchain/arm/arm-gnu-toolchain/bin/../lib/gcc/arm-none-eabi/6.3.1/thumb/v6-m\libgcc.a(_muldi3.o)
                              src/ASF/common2/components/memory/sd_mmc/sd_mmc.o (__aeabi_lmul)
c:/program files (x86)/atmel/studio/7.0/toolchain/arm/arm-gnu-toolchain/bin/../lib/gcc/arm-none-eabi/6.3.1/thumb/v6-m\libgcc.a(_udivmoddi4.o)
                              c:/program files (x86)/atmel/studio/7.0/toolchain/arm/arm-gnu-toolchain/bin/../lib/gcc/arm-none-eabi/6.3.1/thumb/v6-m\libgcc.a(_aeabi_uldivmod.o) (__udivmoddi4)
c:/program files (x86)/atmel/studio/7.0/toolchain/arm/arm-gnu-toolchain/bin/../lib/gcc/arm-none-eabi/6.3.1/thumb/v6-m\libgcc.a(_clzdi2.o)
                              c:/program files (x86)/atmel/studio/7.0/toolchain/arm/arm-gnu-toolchain/bin/../lib/gcc/arm-none-eabi/6.3.1/thumb/v6-m\libgcc.a(_udivmoddi4.o) (__clzdi2)
c:/program files (x86)/atmel/studio/7.0/toolchain/arm/arm-gnu-toolchain/bin/../lib/gcc/arm-none-eabi/6.3.1/../../../../arm-none-eabi/lib/thumb/v6-m\libc_nano.a(lib_a-exit.o)
                              c:/program files (x86)/atmel/studio/7.0/toolchain/arm/arm-gnu-toolchain/bin/../lib/gcc/arm-none-eabi/6.3.1/../../../../arm-none-eabi/lib/thumb/v6-m/crt0.o (exit)
c:/program files (x86)/atmel/studio/7.0/toolchain/arm/arm-gnu-toolchain/bin/../lib/gcc/arm-none-eabi/6.3.1/../../../../arm-none-eabi/lib/thumb/v6-m\libc_nano.a(lib_a-impure.o)
                              c:/program files (x86)/atmel/studio/7.0/toolchain/arm/arm-gnu-toolchain/bin/../lib/gcc/arm-none-eabi/6.3.1/../../../../arm-none-eabi/lib/thumb/v6-m\libc_nano.a(lib_a-exit.o) (_global_impure_ptr)
c:/program files (x86)/atmel/studio/7.0/toolchain/arm/arm-gnu-toolchain/bin/../lib/gcc/arm-none-eabi/6.3.1/../../../../arm-none-eabi/lib/thumb/v6-m\libc_nano.a(lib_a-init.o)
                              c:/program files (x86)/atmel/studio/7.0/toolchain/arm/arm-gnu-toolchain/bin/../lib/gcc/arm-none-eabi/6.3.1/../../../../arm-none-eabi/lib/thumb/v6-m/crt0.o (__libc_init_array)
c:/program files (x86)/atmel/studio/7.0/toolchain/arm/arm-gnu-toolchain/bin/../lib/gcc/arm-none-eabi/6.3.1/../../../../arm-none-eabi/lib/thumb/v6-m\libc_nano.a(lib_a-memcpy-stub.o)
                              src/ASF/common/services/usb/class/msc/device/udi_msc.o (memcpy)
c:/program files (x86)/atmel/studio/7.0/toolchain/arm/arm-gnu-toolchain/bin/../lib/gcc/arm-none-eabi/6.3.1/../../../../arm-none-eabi/lib/thumb/v6-m\libc_nano.a(lib_a-memset.o)
                              c:/program files (x86)/atmel/studio/7.0/toolchain/arm/arm-gnu-toolchain/bin/../lib/gcc/arm-none-eabi/6.3.1/../../../../arm-none-eabi/lib/thumb/v6-m/crt0.o (memset)

Allocating common symbols
Common symbol       size              file

udd_ep_out_cache_buffer
                    0x80              src/ASF/sam0/drivers/usb/stack_interface/usb_device_udd.o
usb_descriptor_table
                    0x100             src/ASF/sam0/drivers/usb/usb_sam_d_r/usb.o
udi_msc_b_abort_trans
                    0x1               src/ASF/common/services/usb/class/msc/device/udi_msc.o
usb_device          0x168             src/ASF/sam0/drivers/usb/stack_interface/usb_device_udd.o
_extint_dev         0x40              src/ASF/sam0/drivers/extint/extint_sam_d_r_h/extint.o
sector_buf_1        0x200             src/ASF/common2/components/memory/sd_mmc/sd_mmc_mem.o
[...]
Memory Configuration

Name             Origin             Length             Attributes
rom              0x00000000         0x00040000         xr
ram              0x20000000         0x00008000         xrw
*default*        0x00000000         0xffffffff

Linker script and memory map

LOAD c:/program files (x86)/atmel/studio/7.0/toolchain/arm/arm-gnu-toolchain/bin/../lib/gcc/arm-none-eabi/6.3.1/thumb/v6-m/crti.o
LOAD c:/program files (x86)/atmel/studio/7.0/toolchain/arm/arm-gnu-toolchain/bin/../lib/gcc/arm-none-eabi/6.3.1/thumb/v6-m/crtbegin.o
LOAD c:/program files (x86)/atmel/studio/7.0/toolchain/arm/arm-gnu-toolchain/bin/../lib/gcc/arm-none-eabi/6.3.1/../../../../arm-none-eabi/lib/thumb/v6-m/crt0.o
LOAD src/ASF/common2/components/memory/sd_mmc/sd_mmc.o
LOAD src/ASF/common/services/usb/class/msc/device/example/samd21j18a_samd21_xplained_pro/ui.o
LOAD src/ASF/common/services/usb/class/msc/device/udi_msc.o
LOAD src/ASF/common/services/usb/udc/udc.o
LOAD src/ASF/sam0/drivers/extint/extint_sam_d_r_h/extint.o
LOAD src/ASF/sam0/drivers/system/clock/clock_samd21_r21_da_ha1/clock.o
LOAD src/ASF/sam0/drivers/usb/stack_interface/usb_device_udd.o
LOAD src/ASF/sam0/drivers/usb/stack_interface/usb_dual.o
LOAD src/main.o
LOAD src/memories_initialization_samd.o
LOAD src/ASF/sam0/drivers/usb/usb_sam_d_r/usb.o
LOAD src/ASF/sam0/drivers/extint/extint_callback.o
LOAD src/ASF/common/services/usb/class/msc/device/udi_msc_desc.o
LOAD src/ASF/sam0/drivers/sercom/sercom.o
LOAD src/ASF/sam0/drivers/sercom/spi/spi.o
LOAD src/ASF/common2/services/delay/sam0/cycle_counter.o
LOAD src/ASF/common2/components/memory/sd_mmc/sd_mmc_mem.o
LOAD src/ASF/common2/components/memory/sd_mmc/sd_mmc_spi.o
LOAD src/ASF/common/services/sleepmgr/samd/sleepmgr.o
LOAD src/ASF/common/services/storage/ctrl_access/ctrl_access.o
LOAD src/ASF/common/utils/interrupt/interrupt_sam_nvic.o
LOAD src/ASF/sam0/boards/samd21_xplained_pro/board_init.o
LOAD src/ASF/sam0/drivers/port/port.o
LOAD src/ASF/sam0/drivers/system/clock/clock_samd21_r21_da_ha1/gclk.o
LOAD src/ASF/sam0/drivers/system/interrupt/system_interrupt.o
LOAD src/ASF/sam0/drivers/system/pinmux/pinmux.o
LOAD src/ASF/sam0/drivers/system/system.o
LOAD src/ASF/sam0/utils/cmsis/samd21/source/gcc/startup_samd21.o
LOAD src/ASF/sam0/utils/cmsis/samd21/source/system_samd21.o
LOAD src/ASF/sam0/utils/syscalls/gcc/syscalls.o
START GROUP
LOAD ../src/ASF/thirdparty/CMSIS/Lib/GCC\libarm_cortexM0l_math.a
LOAD c:/program files (x86)/atmel/studio/7.0/toolchain/arm/arm-gnu-toolchain/bin/../lib/gcc/arm-none-eabi/6.3.1/../../../../arm-none-eabi/lib/thumb/v6-m\libm.a
END GROUP
START GROUP
LOAD c:/program files (x86)/atmel/studio/7.0/toolchain/arm/arm-gnu-toolchain/bin/../lib/gcc/arm-none-eabi/6.3.1/thumb/v6-m\libgcc.a
LOAD c:/program files (x86)/atmel/studio/7.0/toolchain/arm/arm-gnu-toolchain/bin/../lib/gcc/arm-none-eabi/6.3.1/../../../../arm-none-eabi/lib/thumb/v6-m\libc_nano.a
END GROUP
START GROUP
LOAD c:/program files (x86)/atmel/studio/7.0/toolchain/arm/arm-gnu-toolchain/bin/../lib/gcc/arm-none-eabi/6.3.1/thumb/v6-m\libgcc.a
LOAD c:/program files (x86)/atmel/studio/7.0/toolchain/arm/arm-gnu-toolchain/bin/../lib/gcc/arm-none-eabi/6.3.1/../../../../arm-none-eabi/lib/thumb/v6-m\libc_nano.a
END GROUP
LOAD c:/program files (x86)/atmel/studio/7.0/toolchain/arm/arm-gnu-toolchain/bin/../lib/gcc/arm-none-eabi/6.3.1/thumb/v6-m/crtend.o
LOAD c:/program files (x86)/atmel/studio/7.0/toolchain/arm/arm-gnu-toolchain/bin/../lib/gcc/arm-none-eabi/6.3.1/thumb/v6-m/crtn.o
                0x00002000                STACK_SIZE = DEFINED (STACK_SIZE)?STACK_SIZE:DEFINED (__stack_size__)?__stack_size__:0x2000

.text           0x00000000     0x5f94
                0x00000000                . = ALIGN (0x4)
                0x00000000                _sfixed = .
 *(.vectors .vectors.*)
 .vectors       0x00000000       0xb4 src/ASF/sam0/utils/cmsis/samd21/source/gcc/startup_samd21.o
                0x00000000                exception_table
 *(.text .text.* .gnu.linkonce.t.*)
 .text          0x000000b4       0x60 c:/program files (x86)/atmel/studio/7.0/toolchain/arm/arm-gnu-toolchain/bin/../lib/gcc/arm-none-eabi/6.3.1/thumb/v6-m/crtbegin.o
 .text.sd_mmc_configure_slot
                0x00000114       0x2c src/ASF/common2/components/memory/sd_mmc/sd_mmc.o
 .text.sd_mmc_select_slot
                0x00000140      0x14c src/ASF/common2/components/memory/sd_mmc/sd_mmc.o
 .text.sd_mmc_cmd13
                0x0000028c       0x38 src/ASF/common2/components/memory/sd_mmc/sd_mmc.o
 .text.sd_mmc_cmd9_spi
                0x000002c4       0x4c src/ASF/common2/components/memory/sd_mmc/sd_mmc.o
 .text.sd_mmc_deselect_slot
                0x00000310       0x1c src/ASF/common2/components/memory/sd_mmc/sd_mmc.o
 .text.sd_mmc_init
                0x0000032c       0x20 src/ASF/common2/components/memory/sd_mmc/sd_mmc.o
                0x0000032c                sd_mmc_init
 .text.sd_mmc_check
                0x0000034c      0x4b0 src/ASF/common2/components/memory/sd_mmc/sd_mmc.o
                0x0000034c                sd_mmc_check
 .text.sd_mmc_get_type
                0x000007fc       0x28 src/ASF/common2/components/memory/sd_mmc/sd_mmc.o
                0x000007fc                sd_mmc_get_type
 .text.sd_mmc_get_capacity
                0x00000824       0x28 src/ASF/common2/components/memory/sd_mmc/sd_mmc.o
                0x00000824                sd_mmc_get_capacity
 .text.sd_mmc_is_write_protected
                0x0000084c        0x4 src/ASF/common2/components/memory/sd_mmc/sd_mmc.o
                0x0000084c                sd_mmc_is_write_protected
 .text.sd_mmc_init_read_blocks
                0x00000850       0x88 src/ASF/common2/components/memory/sd_mmc/sd_mmc.o
                0x00000850                sd_mmc_init_read_blocks
 .text.sd_mmc_start_read_blocks
                0x000008d8       0x2c src/ASF/common2/components/memory/sd_mmc/sd_mmc.o
                0x000008d8                sd_mmc_start_read_blocks
 .text.sd_mmc_wait_end_of_read_blocks
                0x00000904       0x70 src/ASF/common2/components/memory/sd_mmc/sd_mmc.o
                0x00000904                sd_mmc_wait_end_of_read_blocks
 .text.sd_mmc_init_write_blocks
                0x00000974       0x70 src/ASF/common2/components/memory/sd_mmc/sd_mmc.o
                0x00000974                sd_mmc_init_write_blocks
 .text.sd_mmc_start_write_blocks
                0x000009e4       0x2c src/ASF/common2/components/memory/sd_mmc/sd_mmc.o
                0x000009e4                sd_mmc_start_write_blocks
 .text.sd_mmc_wait_end_of_write_blocks
                0x00000a10       0x50 src/ASF/common2/components/memory/sd_mmc/sd_mmc.o
                0x00000a10                sd_mmc_wait_end_of_write_blocks
 .text.ui_init  0x00000a60       0x10 src/ASF/common/services/usb/class/msc/device/example/samd21j18a_samd21_xplained_pro/ui.o
                0x00000a60                ui_init
 .text.ui_powerdown
                0x00000a70       0x10 src/ASF/common/services/usb/class/msc/device/example/samd21j18a_samd21_xplained_pro/ui.o
                0x00000a70                ui_powerdown
 .text.ui_wakeup
                0x00000a80       0x10 src/ASF/common/services/usb/class/msc/device/example/samd21j18a_samd21_xplained_pro/ui.o
                0x00000a80                ui_wakeup
 .text.ui_start_read
                0x00000a90        0x2 src/ASF/common/services/usb/class/msc/device/example/samd21j18a_samd21_xplained_pro/ui.o
                0x00000a90                ui_start_read
 .text.ui_stop_read
                0x00000a92        0x2 src/ASF/common/services/usb/class/msc/device/example/samd21j18a_samd21_xplained_pro/ui.o
                0x00000a92                ui_stop_read
 .text.ui_start_write
                0x00000a94        0x2 src/ASF/common/services/usb/class/msc/device/example/samd21j18a_samd21_xplained_pro/ui.o
                0x00000a94                ui_start_write
 .text.ui_stop_write
                0x00000a96        0x2 src/ASF/common/services/usb/class/msc/device/example/samd21j18a_samd21_xplained_pro/ui.o
                0x00000a96                ui_stop_write
 .text.ui_process
                0x00000a98       0x24 src/ASF/common/services/usb/class/msc/device/example/samd21j18a_samd21_xplained_pro/ui.o
                0x00000a98                ui_process
 .text.udi_msc_getsetting
                0x00000abc        0x4 src/ASF/common/services/usb/class/msc/device/udi_msc.o
                0x00000abc                udi_msc_getsetting
 .text.udi_msc_trans_ack
                0x00000ac0       0x1c src/ASF/common/services/usb/class/msc/device/udi_msc.o
 .text.udi_msc_cbw_wait
                0x00000adc       0x3c src/ASF/common/services/usb/class/msc/device/udi_msc.o
 .text.udi_msc_enable
                0x00000b18       0x78 src/ASF/common/services/usb/class/msc/device/udi_msc.o
                0x00000b18                udi_msc_enable
 .text.udi_msc_csw_sent
                0x00000b90        0xc src/ASF/common/services/usb/class/msc/device/udi_msc.o
 .text.udi_msc_csw_send
                0x00000b9c       0x3c src/ASF/common/services/usb/class/msc/device/udi_msc.o
                0x00000b9c                udi_msc_csw_send
 .text.udi_msc_cbw_invalid
                0x00000bd8       0x2c src/ASF/common/services/usb/class/msc/device/udi_msc.o
 .text.udi_msc_csw_invalid
                0x00000c04       0x2c src/ASF/common/services/usb/class/msc/device/udi_msc.o
 .text.udi_msc_csw_process
                0x00000c30       0x40 src/ASF/common/services/usb/class/msc/device/udi_msc.o
 .text.udi_msc_clear_sense
                0x00000c70       0x20 src/ASF/common/services/usb/class/msc/device/udi_msc.o
 .text.udi_msc_sense_fail
                0x00000c90       0x38 src/ASF/common/services/usb/class/msc/device/udi_msc.o
 .text.udi_msc_sense_fail_cdb_invalid
                0x00000cc8       0x14 src/ASF/common/services/usb/class/msc/device/udi_msc.o
 .text.udi_msc_cbw_validate
                0x00000cdc       0x38 src/ASF/common/services/usb/class/msc/device/udi_msc.o
 .text.udi_msc_sense_fail_hardware
                0x00000d14       0x14 src/ASF/common/services/usb/class/msc/device/udi_msc.o
 .text.udi_msc_data_send
                0x00000d28       0x38 src/ASF/common/services/usb/class/msc/device/udi_msc.o
 .text.udi_msc_sense_fail_busy_or_change
                0x00000d60       0x14 src/ASF/common/services/usb/class/msc/device/udi_msc.o
 .text.udi_msc_sense_fail_not_present
                0x00000d74       0x14 src/ASF/common/services/usb/class/msc/device/udi_msc.o
 .text.udi_msc_sense_pass
                0x00000d88       0x18 src/ASF/common/services/usb/class/msc/device/udi_msc.o
 .text.udi_msc_data_sent
                0x00000da0       0x28 src/ASF/common/services/usb/class/msc/device/udi_msc.o
 .text.udi_msc_spc_mode_sense
                0x00000dc8       0xb0 src/ASF/common/services/usb/class/msc/device/udi_msc.o
 .text.udi_msc_sbc_trans
                0x00000e78       0x88 src/ASF/common/services/usb/class/msc/device/udi_msc.o
 .text.udi_msc_cbw_received
                0x00000f00      0x28c src/ASF/common/services/usb/class/msc/device/udi_msc.o
 .text.udi_msc_disable
                0x0000118c       0x28 src/ASF/common/services/usb/class/msc/device/udi_msc.o
                0x0000118c                udi_msc_disable
 .text.udi_msc_setup
                0x000011b4       0x9c src/ASF/common/services/usb/class/msc/device/udi_msc.o
                0x000011b4                udi_msc_setup
 .text.udi_msc_process_trans
                0x00001250       0xb0 src/ASF/common/services/usb/class/msc/device/udi_msc.o
                0x00001250                udi_msc_process_trans
 .text.udi_msc_trans_block
                0x00001300       0x94 src/ASF/common/services/usb/class/msc/device/udi_msc.o
                0x00001300                udi_msc_trans_block
 .text.udc_next_desc_in_iface
                0x00001394       0x4c src/ASF/common/services/usb/udc/udc.o
 .text.udc_valid_address
                0x000013e0       0x18 src/ASF/common/services/usb/udc/udc.o
 .text.udc_update_iface_desc
                0x000013f8       0x74 src/ASF/common/services/usb/udc/udc.o
 .text.udc_iface_disable
                0x0000146c       0x6c src/ASF/common/services/usb/udc/udc.o
 .text.udc_iface_enable
                0x000014d8       0x58 src/ASF/common/services/usb/udc/udc.o
 .text.udc_start
                0x00001530        0xc src/ASF/common/services/usb/udc/udc.o
                0x00001530                udc_start
 .text.udc_reset
                0x0000153c       0x4c src/ASF/common/services/usb/udc/udc.o
                0x0000153c                udc_reset
 .text.udc_sof_notify
                0x00001588       0x44 src/ASF/common/services/usb/udc/udc.o
                0x00001588                udc_sof_notify
 .text.udc_process_setup
                0x000015cc      0x454 src/ASF/common/services/usb/udc/udc.o
                0x000015cc                udc_process_setup
 .text._extint_enable
                0x00001a20       0x18 src/ASF/sam0/drivers/extint/extint_sam_d_r_h/extint.o
 .text._system_extint_init
                0x00001a38       0x6c src/ASF/sam0/drivers/extint/extint_sam_d_r_h/extint.o
                0x00001a38                _system_extint_init
 .text.extint_chan_get_config_defaults
                0x00001aa4       0x14 src/ASF/sam0/drivers/extint/extint_sam_d_r_h/extint.o
                0x00001aa4                extint_chan_get_config_defaults
 .text.extint_chan_set_config
                0x00001ab8       0x78 src/ASF/sam0/drivers/extint/extint_sam_d_r_h/extint.o
                0x00001ab8                extint_chan_set_config
 .text.system_clock_source_get_hz
                0x00001b30       0x9c src/ASF/sam0/drivers/system/clock/clock_samd21_r21_da_ha1/clock.o
                0x00001b30                system_clock_source_get_hz
 .text.system_clock_source_osc8m_set_config
                0x00001bcc       0x3c src/ASF/sam0/drivers/system/clock/clock_samd21_r21_da_ha1/clock.o
                0x00001bcc                system_clock_source_osc8m_set_config
 .text.system_clock_source_dfll_set_config
                0x00001c08       0x80 src/ASF/sam0/drivers/system/clock/clock_samd21_r21_da_ha1/clock.o
                0x00001c08                system_clock_source_dfll_set_config
 .text.system_clock_source_enable
                0x00001c88       0xa8 src/ASF/sam0/drivers/system/clock/clock_samd21_r21_da_ha1/clock.o
                0x00001c88                system_clock_source_enable
 .text.system_clock_init
                0x00001d30      0x100 src/ASF/sam0/drivers/system/clock/clock_samd21_r21_da_ha1/clock.o
                0x00001d30                system_clock_init
 .text.udd_sleep_mode
                0x00001e30       0xc0 src/ASF/sam0/drivers/usb/stack_interface/usb_device_udd.o
 .text.udd_ep_get_job
                0x00001ef0       0x24 src/ASF/sam0/drivers/usb/stack_interface/usb_device_udd.o
 .text.udd_ep_transfer_process
                0x00001f14      0x1b4 src/ASF/sam0/drivers/usb/stack_interface/usb_device_udd.o
 .text.udd_ctrl_stall_data
                0x000020c8       0x2c src/ASF/sam0/drivers/usb/stack_interface/usb_device_udd.o
 .text._usb_device_lpm_suspend
                0x000020f4       0x34 src/ASF/sam0/drivers/usb/stack_interface/usb_device_udd.o
 .text._usb_on_wakeup
                0x00002128       0x70 src/ASF/sam0/drivers/usb/stack_interface/usb_device_udd.o
 .text._usb_on_bus_reset
                0x00002198       0xb0 src/ASF/sam0/drivers/usb/stack_interface/usb_device_udd.o
 .text.udd_ctrl_send_zlp_in
                0x00002248       0x3c src/ASF/sam0/drivers/usb/stack_interface/usb_device_udd.o
 .text._usb_ep0_on_tansfer_fail
                0x00002284       0x54 src/ASF/sam0/drivers/usb/stack_interface/usb_device_udd.o
 .text.udd_ctrl_in_sent
                0x000022d8       0xa8 src/ASF/sam0/drivers/usb/stack_interface/usb_device_udd.o
 .text._usb_ep0_on_setup
                0x00002380       0xe4 src/ASF/sam0/drivers/usb/stack_interface/usb_device_udd.o
 .text._usb_on_sof_notify
                0x00002464       0x14 src/ASF/sam0/drivers/usb/stack_interface/usb_device_udd.o
 .text._usb_on_suspend
                0x00002478       0x34 src/ASF/sam0/drivers/usb/stack_interface/usb_device_udd.o
 .text.udd_ep_abort
                0x000024ac       0x3c src/ASF/sam0/drivers/usb/stack_interface/usb_device_udd.o
                0x000024ac                udd_ep_abort
 .text.udd_get_frame_number
                0x000024e8       0x10 src/ASF/sam0/drivers/usb/stack_interface/usb_device_udd.o
                0x000024e8                udd_get_frame_number
 .text.udd_ep_free
                0x000024f8       0x58 src/ASF/sam0/drivers/usb/stack_interface/usb_device_udd.o
                0x000024f8                udd_ep_free
 .text.udd_ep_alloc
                0x00002550      0x108 src/ASF/sam0/drivers/usb/stack_interface/usb_device_udd.o
                0x00002550                udd_ep_alloc
 .text.udd_ep_is_halted
                0x00002658       0x14 src/ASF/sam0/drivers/usb/stack_interface/usb_device_udd.o
                0x00002658                udd_ep_is_halted
 .text.udd_ep_set_halt
                0x0000266c       0x30 src/ASF/sam0/drivers/usb/stack_interface/usb_device_udd.o
                0x0000266c                udd_ep_set_halt
 .text._usb_ep0_on_tansfer_ok
                0x0000269c      0x100 src/ASF/sam0/drivers/usb/stack_interface/usb_device_udd.o
 .text.udd_ep_clear_halt
                0x0000279c       0x44 src/ASF/sam0/drivers/usb/stack_interface/usb_device_udd.o
                0x0000279c                udd_ep_clear_halt
 .text.udd_ep_wait_stall_clear
                0x000027e0       0x58 src/ASF/sam0/drivers/usb/stack_interface/usb_device_udd.o
                0x000027e0                udd_ep_wait_stall_clear
 .text.udd_ep_run
                0x00002838      0x1d8 src/ASF/sam0/drivers/usb/stack_interface/usb_device_udd.o
                0x00002838                udd_ep_run
 .text.udd_set_address
                0x00002a10       0x10 src/ASF/sam0/drivers/usb/stack_interface/usb_device_udd.o
                0x00002a10                udd_set_address
 .text.udd_getaddress
                0x00002a20       0x10 src/ASF/sam0/drivers/usb/stack_interface/usb_device_udd.o
                0x00002a20                udd_getaddress
 .text.udd_set_setup_payload
                0x00002a30        0xc src/ASF/sam0/drivers/usb/stack_interface/usb_device_udd.o
                0x00002a30                udd_set_setup_payload
 .text.udd_detach
                0x00002a3c       0x20 src/ASF/sam0/drivers/usb/stack_interface/usb_device_udd.o
                0x00002a3c                udd_detach
 .text.udd_attach
                0x00002a5c       0x84 src/ASF/sam0/drivers/usb/stack_interface/usb_device_udd.o
                0x00002a5c                udd_attach
 .text._uhd_vbus_handler
                0x00002ae0       0x3c src/ASF/sam0/drivers/usb/stack_interface/usb_device_udd.o
 .text.udd_enable
                0x00002b1c       0xf8 src/ASF/sam0/drivers/usb/stack_interface/usb_device_udd.o
                0x00002b1c                udd_enable
 .text.main     0x00002c14      0x1a8 src/main.o
                0x00002c14                main
 .text.main_suspend_action
                0x00002dbc        0xc src/main.o
                0x00002dbc                main_suspend_action
 .text.main_resume_action
                0x00002dc8        0xc src/main.o
                0x00002dc8                main_resume_action
 .text.main_sof_action
                0x00002dd4       0x24 src/main.o
                0x00002dd4                main_sof_action
 .text.main_msc_enable
                0x00002df8       0x10 src/main.o
                0x00002df8                main_msc_enable
 .text.main_msc_disable
                0x00002e08        0xc src/main.o
                0x00002e08                main_msc_disable
 .text.memories_initialization
                0x00002e14        0x2 src/memories_initialization_samd.o
                0x00002e14                memories_initialization
 *fill*         0x00002e16        0x2 
 .text.usb_device_register_callback
                0x00002e18       0x24 src/ASF/sam0/drivers/usb/usb_sam_d_r/usb.o
                0x00002e18                usb_device_register_callback
 .text.usb_device_enable_callback
                0x00002e3c       0x20 src/ASF/sam0/drivers/usb/usb_sam_d_r/usb.o
                0x00002e3c                usb_device_enable_callback
 .text.usb_device_disable_callback
                0x00002e5c       0x1c src/ASF/sam0/drivers/usb/usb_sam_d_r/usb.o
                0x00002e5c                usb_device_disable_callback
 .text.usb_device_endpoint_register_callback
                0x00002e78       0x28 src/ASF/sam0/drivers/usb/usb_sam_d_r/usb.o
                0x00002e78                usb_device_endpoint_register_callback
 .text.usb_device_endpoint_unregister_callback
                0x00002ea0       0x28 src/ASF/sam0/drivers/usb/usb_sam_d_r/usb.o
                0x00002ea0                usb_device_endpoint_unregister_callback
 .text.usb_device_endpoint_enable_callback
                0x00002ec8       0xd0 src/ASF/sam0/drivers/usb/usb_sam_d_r/usb.o
                0x00002ec8                usb_device_endpoint_enable_callback
 .text.usb_device_endpoint_disable_callback
                0x00002f98       0xd0 src/ASF/sam0/drivers/usb/usb_sam_d_r/usb.o
                0x00002f98                usb_device_endpoint_disable_callback
 .text.usb_device_endpoint_get_config_defaults
                0x00003068        0xe src/ASF/sam0/drivers/usb/usb_sam_d_r/usb.o
                0x00003068                usb_device_endpoint_get_config_defaults
 *fill*         0x00003076        0x2 
 .text.usb_device_endpoint_set_config
                0x00003078      0x244 src/ASF/sam0/drivers/usb/usb_sam_d_r/usb.o
                0x00003078                usb_device_endpoint_set_config
 .text.usb_device_endpoint_is_configured
                0x000032bc       0x2c src/ASF/sam0/drivers/usb/usb_sam_d_r/usb.o
                0x000032bc                usb_device_endpoint_is_configured
 .text.usb_device_endpoint_abort_job
                0x000032e8       0x36 src/ASF/sam0/drivers/usb/usb_sam_d_r/usb.o
                0x000032e8                usb_device_endpoint_abort_job
 .text.usb_device_endpoint_is_halted
                0x0000331e       0x2a src/ASF/sam0/drivers/usb/usb_sam_d_r/usb.o
                0x0000331e                usb_device_endpoint_is_halted
 .text.usb_device_endpoint_set_halt
                0x00003348       0x26 src/ASF/sam0/drivers/usb/usb_sam_d_r/usb.o
                0x00003348                usb_device_endpoint_set_halt
 .text.usb_device_endpoint_clear_halt
                0x0000336e       0x84 src/ASF/sam0/drivers/usb/usb_sam_d_r/usb.o
                0x0000336e                usb_device_endpoint_clear_halt
 *fill*         0x000033f2        0x2 
 .text.usb_device_endpoint_write_buffer_job
                0x000033f4       0x54 src/ASF/sam0/drivers/usb/usb_sam_d_r/usb.o
                0x000033f4                usb_device_endpoint_write_buffer_job
 .text.usb_device_endpoint_read_buffer_job
                0x00003448       0x50 src/ASF/sam0/drivers/usb/usb_sam_d_r/usb.o
                0x00003448                usb_device_endpoint_read_buffer_job
 .text.usb_device_endpoint_setup_buffer_job
                0x00003498       0x30 src/ASF/sam0/drivers/usb/usb_sam_d_r/usb.o
                0x00003498                usb_device_endpoint_setup_buffer_job
 .text.usb_enable
                0x000034c8       0x14 src/ASF/sam0/drivers/usb/usb_sam_d_r/usb.o
                0x000034c8                usb_enable
 .text.USB_Handler
                0x000034dc      0x5c8 src/ASF/sam0/drivers/usb/usb_sam_d_r/usb.o
                0x000034dc                USB_Handler
 .text.usb_get_config_defaults
                0x00003aa4        0xe src/ASF/sam0/drivers/usb/usb_sam_d_r/usb.o
                0x00003aa4                usb_get_config_defaults
 *fill*         0x00003ab2        0x2 
 .text.usb_init
                0x00003ab4      0x200 src/ASF/sam0/drivers/usb/usb_sam_d_r/usb.o
                0x00003ab4                usb_init
 .text.extint_register_callback
                0x00003cb4       0x2c src/ASF/sam0/drivers/extint/extint_callback.o
                0x00003cb4                extint_register_callback
 .text.extint_chan_enable_callback
                0x00003ce0       0x20 src/ASF/sam0/drivers/extint/extint_callback.o
                0x00003ce0                extint_chan_enable_callback
 .text.extint_chan_disable_callback
                0x00003d00       0x20 src/ASF/sam0/drivers/extint/extint_callback.o
                0x00003d00                extint_chan_disable_callback
 .text.EIC_Handler
                0x00003d20       0x54 src/ASF/sam0/drivers/extint/extint_callback.o
                0x00003d20                EIC_Handler
 .text._sercom_get_sync_baud_val
                0x00003d74       0x28 src/ASF/sam0/drivers/sercom/sercom.o
                0x00003d74                _sercom_get_sync_baud_val
 .text.sercom_set_gclk_generator
                0x00003d9c       0x4c src/ASF/sam0/drivers/sercom/sercom.o
                0x00003d9c                sercom_set_gclk_generator
 .text._sercom_get_default_pad
                0x00003de8      0x178 src/ASF/sam0/drivers/sercom/sercom.o
                0x00003de8                _sercom_get_default_pad
 .text._sercom_get_sercom_inst_index
                0x00003f60       0x38 src/ASF/sam0/drivers/sercom/sercom.o
                0x00003f60                _sercom_get_sercom_inst_index
 .text.spi_set_baudrate
                0x00003f98       0x84 src/ASF/sam0/drivers/sercom/spi/spi.o
                0x00003f98                spi_set_baudrate
 .text.spi_init
                0x0000401c      0x334 src/ASF/sam0/drivers/sercom/spi/spi.o
                0x0000401c                spi_init
 .text.spi_read_buffer_wait
                0x00004350      0x118 src/ASF/sam0/drivers/sercom/spi/spi.o
                0x00004350                spi_read_buffer_wait
 .text.spi_select_slave
                0x00004468       0xf4 src/ASF/sam0/drivers/sercom/spi/spi.o
                0x00004468                spi_select_slave
 .text.spi_write_buffer_wait
                0x0000455c      0x204 src/ASF/sam0/drivers/sercom/spi/spi.o
                0x0000455c                spi_write_buffer_wait
 .text.sd_mmc_test_unit_ready
                0x00004760       0x50 src/ASF/common2/components/memory/sd_mmc/sd_mmc_mem.o
                0x00004760                sd_mmc_test_unit_ready
 .text.sd_mmc_test_unit_ready_0
                0x000047b0       0x10 src/ASF/common2/components/memory/sd_mmc/sd_mmc_mem.o
                0x000047b0                sd_mmc_test_unit_ready_0
 .text.sd_mmc_read_capacity
                0x000047c0       0x20 src/ASF/common2/components/memory/sd_mmc/sd_mmc_mem.o
                0x000047c0                sd_mmc_read_capacity
 .text.sd_mmc_read_capacity_0
                0x000047e0       0x10 src/ASF/common2/components/memory/sd_mmc/sd_mmc_mem.o
                0x000047e0                sd_mmc_read_capacity_0
 .text.sd_mmc_wr_protect_0
                0x000047f0       0x10 src/ASF/common2/components/memory/sd_mmc/sd_mmc_mem.o
                0x000047f0                sd_mmc_wr_protect_0
 .text.sd_mmc_removal_0
                0x00004800        0x4 src/ASF/common2/components/memory/sd_mmc/sd_mmc_mem.o
                0x00004800                sd_mmc_removal_0
 .text.sd_mmc_usb_read_10
                0x00004804       0xb0 src/ASF/common2/components/memory/sd_mmc/sd_mmc_mem.o
                0x00004804                sd_mmc_usb_read_10
 .text.sd_mmc_usb_read_10_0
                0x000048b4       0x14 src/ASF/common2/components/memory/sd_mmc/sd_mmc_mem.o
                0x000048b4                sd_mmc_usb_read_10_0
 .text.sd_mmc_usb_write_10
                0x000048c8       0xa4 src/ASF/common2/components/memory/sd_mmc/sd_mmc_mem.o
                0x000048c8                sd_mmc_usb_write_10
 .text.sd_mmc_usb_write_10_0
                0x0000496c       0x14 src/ASF/common2/components/memory/sd_mmc/sd_mmc_mem.o
                0x0000496c                sd_mmc_usb_write_10_0
 .text.sd_mmc_spi_start_write_block
                0x00004980       0x48 src/ASF/common2/components/memory/sd_mmc/sd_mmc_spi.o
 .text.sd_mmc_spi_wait_busy
                0x000049c8       0x64 src/ASF/common2/components/memory/sd_mmc/sd_mmc_spi.o
 .text.sd_mmc_spi_stop_multiwrite_block
                0x00004a2c       0x78 src/ASF/common2/components/memory/sd_mmc/sd_mmc_spi.o
 .text.sd_mmc_spi_start_read_block
                0x00004aa4       0x6c src/ASF/common2/components/memory/sd_mmc/sd_mmc_spi.o
 .text.sd_mmc_spi_stop_write_block
                0x00004b10       0x70 src/ASF/common2/components/memory/sd_mmc/sd_mmc_spi.o
 .text.sd_mmc_spi_init
                0x00004b80       0xf4 src/ASF/common2/components/memory/sd_mmc/sd_mmc_spi.o
                0x00004b80                sd_mmc_spi_init
 .text.sd_mmc_spi_select_device
                0x00004c74       0x54 src/ASF/common2/components/memory/sd_mmc/sd_mmc_spi.o
                0x00004c74                sd_mmc_spi_select_device
 .text.sd_mmc_spi_deselect_device
                0x00004cc8       0x28 src/ASF/common2/components/memory/sd_mmc/sd_mmc_spi.o
                0x00004cc8                sd_mmc_spi_deselect_device
 .text.sd_mmc_spi_send_clock
                0x00004cf0       0x38 src/ASF/common2/components/memory/sd_mmc/sd_mmc_spi.o
                0x00004cf0                sd_mmc_spi_send_clock
 .text.sd_mmc_spi_adtc_start
                0x00004d28      0x190 src/ASF/common2/components/memory/sd_mmc/sd_mmc_spi.o
                0x00004d28                sd_mmc_spi_adtc_start
 .text.sd_mmc_spi_send_cmd
                0x00004eb8       0x18 src/ASF/common2/components/memory/sd_mmc/sd_mmc_spi.o
                0x00004eb8                sd_mmc_spi_send_cmd
 .text.sd_mmc_spi_get_response
                0x00004ed0        0xc src/ASF/common2/components/memory/sd_mmc/sd_mmc_spi.o
                0x00004ed0                sd_mmc_spi_get_response
 .text.sd_mmc_spi_read_word
                0x00004edc       0x78 src/ASF/common2/components/memory/sd_mmc/sd_mmc_spi.o
                0x00004edc                sd_mmc_spi_read_word
 .text.sd_mmc_spi_start_read_blocks
                0x00004f54       0x8c src/ASF/common2/components/memory/sd_mmc/sd_mmc_spi.o
                0x00004f54                sd_mmc_spi_start_read_blocks
 .text.sd_mmc_spi_wait_end_of_read_blocks
                0x00004fe0        0x4 src/ASF/common2/components/memory/sd_mmc/sd_mmc_spi.o
                0x00004fe0                sd_mmc_spi_wait_end_of_read_blocks
 .text.sd_mmc_spi_start_write_blocks
                0x00004fe4       0x80 src/ASF/common2/components/memory/sd_mmc/sd_mmc_spi.o
                0x00004fe4                sd_mmc_spi_start_write_blocks
 .text.sd_mmc_spi_wait_end_of_write_blocks
                0x00005064       0x24 src/ASF/common2/components/memory/sd_mmc/sd_mmc_spi.o
                0x00005064                sd_mmc_spi_wait_end_of_write_blocks
 .text.get_nb_lun
                0x00005088        0x4 src/ASF/common/services/storage/ctrl_access/ctrl_access.o
                0x00005088                get_nb_lun
 .text.mem_test_unit_ready
                0x0000508c       0x18 src/ASF/common/services/storage/ctrl_access/ctrl_access.o
                0x0000508c                mem_test_unit_ready
 .text.mem_read_capacity
                0x000050a4       0x1c src/ASF/common/services/storage/ctrl_access/ctrl_access.o
                0x000050a4                mem_read_capacity
 .text.mem_unload
                0x000050c0        0xe src/ASF/common/services/storage/ctrl_access/ctrl_access.o
                0x000050c0                mem_unload
 *fill*         0x000050ce        0x2 
 .text.mem_wr_protect
                0x000050d0       0x18 src/ASF/common/services/storage/ctrl_access/ctrl_access.o
                0x000050d0                mem_wr_protect
 .text.mem_removal
                0x000050e8       0x18 src/ASF/common/services/storage/ctrl_access/ctrl_access.o
                0x000050e8                mem_removal
 .text.mem_name
                0x00005100       0x10 src/ASF/common/services/storage/ctrl_access/ctrl_access.o
                0x00005100                mem_name
 .text.memory_2_usb
                0x00005110       0x34 src/ASF/common/services/storage/ctrl_access/ctrl_access.o
                0x00005110                memory_2_usb
 .text.usb_2_memory
                0x00005144       0x34 src/ASF/common/services/storage/ctrl_access/ctrl_access.o
                0x00005144                usb_2_memory
 .text.cpu_irq_enter_critical
                0x00005178       0x40 src/ASF/common/utils/interrupt/interrupt_sam_nvic.o
                0x00005178                cpu_irq_enter_critical
 .text.cpu_irq_leave_critical
                0x000051b8       0x30 src/ASF/common/utils/interrupt/interrupt_sam_nvic.o
                0x000051b8                cpu_irq_leave_critical
 .text.system_board_init
                0x000051e8       0x38 src/ASF/sam0/boards/samd21_xplained_pro/board_init.o
                0x000051e8                board_init
                0x000051e8                system_board_init
 .text.port_pin_set_config
                0x00005220       0x24 src/ASF/sam0/drivers/port/port.o
                0x00005220                port_pin_set_config
 .text.system_gclk_init
                0x00005244       0x24 src/ASF/sam0/drivers/system/clock/clock_samd21_r21_da_ha1/gclk.o
                0x00005244                system_gclk_init
 .text.system_gclk_gen_set_config
                0x00005268       0xb8 src/ASF/sam0/drivers/system/clock/clock_samd21_r21_da_ha1/gclk.o
                0x00005268                system_gclk_gen_set_config
 .text.system_gclk_gen_enable
                0x00005320       0x44 src/ASF/sam0/drivers/system/clock/clock_samd21_r21_da_ha1/gclk.o
                0x00005320                system_gclk_gen_enable
 .text.system_gclk_gen_get_hz
                0x00005364       0x8c src/ASF/sam0/drivers/system/clock/clock_samd21_r21_da_ha1/gclk.o
                0x00005364                system_gclk_gen_get_hz
 .text.system_gclk_chan_enable
                0x000053f0       0x30 src/ASF/sam0/drivers/system/clock/clock_samd21_r21_da_ha1/gclk.o
                0x000053f0                system_gclk_chan_enable
 .text.system_gclk_chan_disable
                0x00005420       0x5c src/ASF/sam0/drivers/system/clock/clock_samd21_r21_da_ha1/gclk.o
                0x00005420                system_gclk_chan_disable
 .text.system_gclk_chan_set_config
                0x0000547c       0x1c src/ASF/sam0/drivers/system/clock/clock_samd21_r21_da_ha1/gclk.o
                0x0000547c                system_gclk_chan_set_config
 .text.system_gclk_chan_get_hz
                0x00005498       0x34 src/ASF/sam0/drivers/system/clock/clock_samd21_r21_da_ha1/gclk.o
                0x00005498                system_gclk_chan_get_hz
 .text._system_pinmux_config
                0x000054cc       0xa8 src/ASF/sam0/drivers/system/pinmux/pinmux.o
 .text.system_pinmux_pin_set_config
                0x00005574       0x30 src/ASF/sam0/drivers/system/pinmux/pinmux.o
                0x00005574                system_pinmux_pin_set_config
 .text._system_dummy_init
                0x000055a4        0x2 src/ASF/sam0/drivers/system/system.o
                0x000055a4                _system_events_init
                0x000055a4                _system_dummy_init
                0x000055a4                _system_divas_init
 *fill*         0x000055a6        0x2 
 .text.system_init
                0x000055a8       0x2c src/ASF/sam0/drivers/system/system.o
                0x000055a8                system_init
 .text.Dummy_Handler
                0x000055d4        0x2 src/ASF/sam0/utils/cmsis/samd21/source/gcc/startup_samd21.o
                0x000055d4                DMAC_Handler
                0x000055d4                HardFault_Handler
                0x000055d4                AC_Handler
                0x000055d4                SysTick_Handler
                0x000055d4                PendSV_Handler
                0x000055d4                NMI_Handler
                0x000055d4                TC7_Handler
                0x000055d4                SERCOM1_Handler
                0x000055d4                ADC_Handler
                0x000055d4                TCC1_Handler
                0x000055d4                SERCOM2_Handler
                0x000055d4                TCC0_Handler
                0x000055d4                RTC_Handler
                0x000055d4                TC6_Handler
                0x000055d4                WDT_Handler
                0x000055d4                TC4_Handler
                0x000055d4                TC3_Handler
                0x000055d4                Dummy_Handler
                0x000055d4                PM_Handler
                0x000055d4                SERCOM5_Handler
                0x000055d4                SVC_Handler
                0x000055d4                TCC2_Handler
                0x000055d4                EVSYS_Handler
                0x000055d4                SERCOM3_Handler
                0x000055d4                SERCOM4_Handler
                0x000055d4                I2S_Handler
                0x000055d4                NVMCTRL_Handler
                0x000055d4                SERCOM0_Handler
                0x000055d4                DAC_Handler
                0x000055d4                PTC_Handler
                0x000055d4                TC5_Handler
                0x000055d4                SYSCTRL_Handler
 *fill*         0x000055d6        0x2 
 .text.Reset_Handler
                0x000055d8       0xe4 src/ASF/sam0/utils/cmsis/samd21/source/gcc/startup_samd21.o
                0x000055d8                Reset_Handler
 .text          0x000056bc      0x114 c:/program files (x86)/atmel/studio/7.0/toolchain/arm/arm-gnu-toolchain/bin/../lib/gcc/arm-none-eabi/6.3.1/thumb/v6-m\libgcc.a(_udivsi3.o)
                0x000056bc                __aeabi_uidiv
                0x000056bc                __udivsi3
                0x000057c8                __aeabi_uidivmod
 .text          0x000057d0      0x1d4 c:/program files (x86)/atmel/studio/7.0/toolchain/arm/arm-gnu-toolchain/bin/../lib/gcc/arm-none-eabi/6.3.1/thumb/v6-m\libgcc.a(_divsi3.o)
                0x000057d0                __divsi3
                0x000057d0                __aeabi_idiv
                0x0000599c                __aeabi_idivmod
 .text          0x000059a4        0x4 c:/program files (x86)/atmel/studio/7.0/toolchain/arm/arm-gnu-toolchain/bin/../lib/gcc/arm-none-eabi/6.3.1/thumb/v6-m\libgcc.a(_dvmd_tls.o)
                0x000059a4                __aeabi_idiv0
                0x000059a4                __aeabi_ldiv0
 .text          0x000059a8       0x3c c:/program files (x86)/atmel/studio/7.0/toolchain/arm/arm-gnu-toolchain/bin/../lib/gcc/arm-none-eabi/6.3.1/thumb/v6-m\libgcc.a(_clzsi2.o)
                0x000059a8                __clzsi2
 .text          0x000059e4       0x40 c:/program files (x86)/atmel/studio/7.0/toolchain/arm/arm-gnu-toolchain/bin/../lib/gcc/arm-none-eabi/6.3.1/thumb/v6-m\libgcc.a(_ctzsi2.o)
                0x000059e4                __ctzsi2
 .text          0x00005a24       0x40 c:/program files (x86)/atmel/studio/7.0/toolchain/arm/arm-gnu-toolchain/bin/../lib/gcc/arm-none-eabi/6.3.1/thumb/v6-m\libgcc.a(_aeabi_uldivmod.o)
                0x00005a24                __aeabi_uldivmod
 .text          0x00005a64       0x54 c:/program files (x86)/atmel/studio/7.0/toolchain/arm/arm-gnu-toolchain/bin/../lib/gcc/arm-none-eabi/6.3.1/thumb/v6-m\libgcc.a(_muldi3.o)
                0x00005a64                __muldi3
                0x00005a64                __aeabi_lmul
 .text          0x00005ab8      0x180 c:/program files (x86)/atmel/studio/7.0/toolchain/arm/arm-gnu-toolchain/bin/../lib/gcc/arm-none-eabi/6.3.1/thumb/v6-m\libgcc.a(_udivmoddi4.o)
                0x00005ab8                __udivmoddi4
 .text          0x00005c38       0x18 c:/program files (x86)/atmel/studio/7.0/toolchain/arm/arm-gnu-toolchain/bin/../lib/gcc/arm-none-eabi/6.3.1/thumb/v6-m\libgcc.a(_clzdi2.o)
                0x00005c38                __clzdi2
 .text.__libc_init_array
                0x00005c50       0x48 c:/program files (x86)/atmel/studio/7.0/toolchain/arm/arm-gnu-toolchain/bin/../lib/gcc/arm-none-eabi/6.3.1/../../../../arm-none-eabi/lib/thumb/v6-m\libc_nano.a(lib_a-init.o)
                0x00005c50                __libc_init_array
 .text.memcpy   0x00005c98       0x12 c:/program files (x86)/atmel/studio/7.0/toolchain/arm/arm-gnu-toolchain/bin/../lib/gcc/arm-none-eabi/6.3.1/../../../../arm-none-eabi/lib/thumb/v6-m\libc_nano.a(lib_a-memcpy-stub.o)
                0x00005c98                memcpy
 .text.memset   0x00005caa       0x10 c:/program files (x86)/atmel/studio/7.0/toolchain/arm/arm-gnu-toolchain/bin/../lib/gcc/arm-none-eabi/6.3.1/../../../../arm-none-eabi/lib/thumb/v6-m\libc_nano.a(lib_a-memset.o)
                0x00005caa                memset
 *(.glue_7t)
 .glue_7t       0x00005cba        0x0 linker stubs
 *(.glue_7)
 .glue_7        0x00005cba        0x0 linker stubs
 *(.rodata .rodata* .gnu.linkonce.r.*)
 *fill*         0x00005cba        0x2 
 .rodata.mmc_trans_multipliers
                0x00005cbc       0x40 src/ASF/common2/components/memory/sd_mmc/sd_mmc.o
                0x00005cbc                mmc_trans_multipliers
 .rodata.sd_mmc_trans_units
                0x00005cfc       0x1c src/ASF/common2/components/memory/sd_mmc/sd_mmc.o
                0x00005cfc                sd_mmc_trans_units
 .rodata.sd_trans_multipliers
                0x00005d18       0x40 src/ASF/common2/components/memory/sd_mmc/sd_mmc.o
                0x00005d18                sd_trans_multipliers
 .rodata.udi_msc_cbw_received
                0x00005d58      0x16c src/ASF/common/services/usb/class/msc/device/udi_msc.o
 .rodata.udc_process_setup.str1.4
                0x00005ec4        0xd src/ASF/common/services/usb/udc/udc.o
 *fill*         0x00005ed1        0x3 
 .rodata.system_clock_source_get_hz
                0x00005ed4       0x24 src/ASF/sam0/drivers/system/clock/clock_samd21_r21_da_ha1/clock.o
 .rodata.system_clock_source_enable
                0x00005ef8       0x24 src/ASF/sam0/drivers/system/clock/clock_samd21_r21_da_ha1/clock.o
 .rodata.usb_device_endpoint_set_config
                0x00005f1c       0x14 src/ASF/sam0/drivers/usb/usb_sam_d_r/usb.o
 .rodata._usb_device_irq_bits
                0x00005f30        0xe src/ASF/sam0/drivers/usb/usb_sam_d_r/usb.o
 *fill*         0x00005f3e        0x2 
 .rodata._usb_endpoint_irq_bits
                0x00005f40        0x4 src/ASF/sam0/drivers/usb/usb_sam_d_r/usb.o
 .rodata        0x00005f44       0x18 src/ASF/sam0/drivers/sercom/sercom.o
 .rodata.mem_name.str1.4
                0x00005f5c       0x18 src/ASF/common/services/storage/ctrl_access/ctrl_access.o
                                 0x17 (size before relaxing)
 *(.ARM.extab* .gnu.linkonce.armextab.*)
                0x00005f74                . = ALIGN (0x4)
 *(.init)
 .init          0x00005f74        0x4 c:/program files (x86)/atmel/studio/7.0/toolchain/arm/arm-gnu-toolchain/bin/../lib/gcc/arm-none-eabi/6.3.1/thumb/v6-m/crti.o
                0x00005f74                _init
 .init          0x00005f78        0x8 c:/program files (x86)/atmel/studio/7.0/toolchain/arm/arm-gnu-toolchain/bin/../lib/gcc/arm-none-eabi/6.3.1/thumb/v6-m/crtn.o
                0x00005f80                . = ALIGN (0x4)
                0x00005f80                __preinit_array_start = .
 *(.preinit_array)
                0x00005f80                __preinit_array_end = .
                0x00005f80                . = ALIGN (0x4)
                0x00005f80                __init_array_start = .
 *(SORT(.init_array.*))
 *(.init_array)
 .init_array    0x00005f80        0x4 c:/program files (x86)/atmel/studio/7.0/toolchain/arm/arm-gnu-toolchain/bin/../lib/gcc/arm-none-eabi/6.3.1/thumb/v6-m/crtbegin.o
                0x00005f84                __init_array_end = .
                0x00005f84                . = ALIGN (0x4)
 *crtbegin.o(.ctors)
 *(EXCLUDE_FILE(*crtend.o) .ctors)
 *(SORT(.ctors.*))
 *crtend.o(.ctors)
                0x00005f84                . = ALIGN (0x4)
 *(.fini)
 .fini          0x00005f84        0x4 c:/program files (x86)/atmel/studio/7.0/toolchain/arm/arm-gnu-toolchain/bin/../lib/gcc/arm-none-eabi/6.3.1/thumb/v6-m/crti.o
                0x00005f84                _fini
 .fini          0x00005f88        0x8 c:/program files (x86)/atmel/studio/7.0/toolchain/arm/arm-gnu-toolchain/bin/../lib/gcc/arm-none-eabi/6.3.1/thumb/v6-m/crtn.o
                0x00005f90                . = ALIGN (0x4)
                0x00005f90                __fini_array_start = .
 *(.fini_array)
 .fini_array    0x00005f90        0x4 c:/program files (x86)/atmel/studio/7.0/toolchain/arm/arm-gnu-toolchain/bin/../lib/gcc/arm-none-eabi/6.3.1/thumb/v6-m/crtbegin.o
 *(SORT(.fini_array.*))
                0x00005f94                __fini_array_end = .
 *crtbegin.o(.dtors)
 *(EXCLUDE_FILE(*crtend.o) .dtors)
 *(SORT(.dtors.*))
 *crtend.o(.dtors)
                0x00005f94                . = ALIGN (0x4)
                0x00005f94                _efixed = .
                [!provide]                PROVIDE (__exidx_start, .)

.vfp11_veneer   0x00005f94        0x0
 .vfp11_veneer  0x00005f94        0x0 linker stubs

.v4_bx          0x00005f94        0x0
 .v4_bx         0x00005f94        0x0 linker stubs

.iplt           0x00005f94        0x0
 .iplt          0x00005f94        0x0 c:/program files (x86)/atmel/studio/7.0/toolchain/arm/arm-gnu-toolchain/bin/../lib/gcc/arm-none-eabi/6.3.1/thumb/v6-m/crtbegin.o

.ARM.exidx      0x00005f94        0x8
 *(.ARM.exidx* .gnu.linkonce.armexidx.*)
 .ARM.exidx     0x00005f94        0x8 c:/program files (x86)/atmel/studio/7.0/toolchain/arm/arm-gnu-toolchain/bin/../lib/gcc/arm-none-eabi/6.3.1/thumb/v6-m\libgcc.a(_udivmoddi4.o)
                [!provide]                PROVIDE (__exidx_end, .)

.eh_frame       0x00005f9c        0x0
 .eh_frame      0x00005f9c        0x0 c:/program files (x86)/atmel/studio/7.0/toolchain/arm/arm-gnu-toolchain/bin/../lib/gcc/arm-none-eabi/6.3.1/thumb/v6-m/crtbegin.o

.rel.dyn        0x00005f9c        0x0
 .rel.iplt      0x00005f9c        0x0 c:/program files (x86)/atmel/studio/7.0/toolchain/arm/arm-gnu-toolchain/bin/../lib/gcc/arm-none-eabi/6.3.1/thumb/v6-m/crtbegin.o

.jcr            0x00005f9c        0x0
 .jcr           0x00005f9c        0x0 c:/program files (x86)/atmel/studio/7.0/toolchain/arm/arm-gnu-toolchain/bin/../lib/gcc/arm-none-eabi/6.3.1/thumb/v6-m/crtbegin.o

.igot.plt       0x00005f9c        0x0
 .igot.plt      0x00005f9c        0x0 c:/program files (x86)/atmel/studio/7.0/toolchain/arm/arm-gnu-toolchain/bin/../lib/gcc/arm-none-eabi/6.3.1/thumb/v6-m/crtbegin.o
                0x00005f9c                . = ALIGN (0x4)
                0x00005f9c                _etext = .

.relocate       0x20000000       0xfc load address 0x00005f9c
                0x20000000                . = ALIGN (0x4)
                0x20000000                _srelocate = .
 *(.ramfunc .ramfunc.*)
 .ramfunc       0x20000000        0xc src/ASF/common2/services/delay/sam0/cycle_counter.o
                0x20000000                portable_delay_cycles
 *(.data .data.*)
 .data.sd_mmc_cards
                0x2000000c       0x24 src/ASF/common2/components/memory/sd_mmc/sd_mmc.o
 .data.udi_api_msc
                0x20000030       0x14 src/ASF/common/services/usb/class/msc/device/udi_msc.o
                0x20000030                udi_api_msc
 .data.udi_msc_b_ack_trans
                0x20000044        0x1 src/ASF/common/services/usb/class/msc/device/udi_msc.o
                0x20000044                udi_msc_b_ack_trans
 .data.udi_msc_b_reset_trans
                0x20000045        0x1 src/ASF/common/services/usb/class/msc/device/udi_msc.o
                0x20000045                udi_msc_b_reset_trans
 *fill*         0x20000046        0x2 
 .data.udi_msc_csw
                0x20000048        0xd src/ASF/common/services/usb/class/msc/device/udi_msc.o
 *fill*         0x20000055        0x3 
 .data.udi_msc_inquiry_data.12568
                0x20000058       0x24 src/ASF/common/services/usb/class/msc/device/udi_msc.o
 .data.udc_string_desc
                0x2000007c       0x1a src/ASF/common/services/usb/udc/udc.o
 *fill*         0x20000096        0x2 
 .data.udc_string_desc_languageid
                0x20000098        0x4 src/ASF/common/services/usb/udc/udc.o
 .data.udc_string_manufacturer_name
                0x2000009c        0xa src/ASF/common/services/usb/udc/udc.o
 *fill*         0x200000a6        0x2 
 .data.udc_string_product_name
                0x200000a8        0x4 src/ASF/common/services/usb/udc/udc.o
 .data.udc_config
                0x200000ac        0xc src/ASF/common/services/usb/class/msc/device/udi_msc_desc.o
                0x200000ac                udc_config
 .data.udc_config_lsfs
                0x200000b8        0x8 src/ASF/common/services/usb/class/msc/device/udi_msc_desc.o
                0x200000b8                udc_config_lsfs
 .data.udc_desc_fs
                0x200000c0       0x20 src/ASF/common/services/usb/class/msc/device/udi_msc_desc.o
                0x200000c0                udc_desc_fs
 .data.udc_device_desc
                0x200000e0       0x12 src/ASF/common/services/usb/class/msc/device/udi_msc_desc.o
                0x200000e0                udc_device_desc
 *fill*         0x200000f2        0x2 
 .data.udi_apis
                0x200000f4        0x4 src/ASF/common/services/usb/class/msc/device/udi_msc_desc.o
                0x200000f4                udi_apis
 .data.ss_pins  0x200000f8        0x1 src/ASF/common2/components/memory/sd_mmc/sd_mmc_spi.o
                0x200000f8                ss_pins
 .data.g_interrupt_enabled
                0x200000f9        0x1 src/ASF/common/utils/interrupt/interrupt_sam_nvic.o
                0x200000f9                g_interrupt_enabled
                0x200000fc                . = ALIGN (0x4)
 *fill*         0x200000fa        0x2 
                0x200000fc                _erelocate = .

.bss            0x200000fc      0x8ec load address 0x00006098
                0x200000fc                . = ALIGN (0x4)
                0x200000fc                _sbss = .
                0x200000fc                _szero = .
 *(.bss .bss.*)
 .bss           0x200000fc       0x1c c:/program files (x86)/atmel/studio/7.0/toolchain/arm/arm-gnu-toolchain/bin/../lib/gcc/arm-none-eabi/6.3.1/thumb/v6-m/crtbegin.o
 .bss.sd_mmc_card
                0x20000118        0x4 src/ASF/common2/components/memory/sd_mmc/sd_mmc.o
 .bss.sd_mmc_nb_block_remaining
                0x2000011c        0x2 src/ASF/common2/components/memory/sd_mmc/sd_mmc.o
 .bss.sd_mmc_nb_block_to_tranfer
                0x2000011e        0x2 src/ASF/common2/components/memory/sd_mmc/sd_mmc.o
 .bss.sd_mmc_sam_systick_used
                0x20000120        0x1 src/ASF/common2/components/memory/sd_mmc/sd_mmc.o
 .bss.sd_mmc_slot_sel
                0x20000121        0x1 src/ASF/common2/components/memory/sd_mmc/sd_mmc.o
 *fill*         0x20000122        0x2 
 .bss.sense.12604
                0x20000124       0x14 src/ASF/common/services/usb/class/msc/device/udi_msc.o
 .bss.udi_msc_addr
                0x20000138        0x4 src/ASF/common/services/usb/class/msc/device/udi_msc.o
 .bss.udi_msc_b_cbw_invalid
                0x2000013c        0x1 src/ASF/common/services/usb/class/msc/device/udi_msc.o
 .bss.udi_msc_b_read
                0x2000013d        0x1 src/ASF/common/services/usb/class/msc/device/udi_msc.o
 .bss.udi_msc_b_trans_req
                0x2000013e        0x1 src/ASF/common/services/usb/class/msc/device/udi_msc.o
 *fill*         0x2000013f        0x1 
 .bss.udi_msc_capacity.12617
                0x20000140        0x8 src/ASF/common/services/usb/class/msc/device/udi_msc.o
 .bss.udi_msc_cbw
                0x20000148       0x1f src/ASF/common/services/usb/class/msc/device/udi_msc.o
 *fill*         0x20000167        0x1 
 .bss.udi_msc_nb_block
                0x20000168        0x2 src/ASF/common/services/usb/class/msc/device/udi_msc.o
 *fill*         0x2000016a        0x2 
 .bss.udi_msc_nb_lun
                0x2000016c        0x1 src/ASF/common/services/usb/class/msc/device/udi_msc.o
 *fill*         0x2000016d        0x3 
 .bss.udi_msc_sense
                0x20000170       0x12 src/ASF/common/services/usb/class/msc/device/udi_msc.o
 .bss.udc_device_status
                0x20000182        0x2 src/ASF/common/services/usb/udc/udc.o
 .bss.udc_ep_status.12036
                0x20000184        0x2 src/ASF/common/services/usb/udc/udc.o
 *fill*         0x20000186        0x2 
 .bss.udc_iface_setting
                0x20000188        0x1 src/ASF/common/services/usb/udc/udc.o
 *fill*         0x20000189        0x3 
 .bss.udc_num_configuration
                0x2000018c        0x1 src/ASF/common/services/usb/udc/udc.o
 *fill*         0x2000018d        0x3 
 .bss.udc_ptr_conf
                0x20000190        0x4 src/ASF/common/services/usb/udc/udc.o
 .bss.udc_ptr_iface
                0x20000194        0x4 src/ASF/common/services/usb/udc/udc.o
 .bss._system_clock_inst
                0x20000198       0x18 src/ASF/sam0/drivers/system/clock/clock_samd21_r21_da_ha1/clock.o
 .bss.b_shortpacket.13317
                0x200001b0        0x1 src/ASF/sam0/drivers/usb/stack_interface/usb_device_udd.o
 *fill*         0x200001b1        0x1 
 .bss.udd_ctrl_payload_nb_trans
                0x200001b2        0x2 src/ASF/sam0/drivers/usb/stack_interface/usb_device_udd.o
 .bss.udd_ctrl_prev_payload_nb_trans
                0x200001b4        0x2 src/ASF/sam0/drivers/usb/stack_interface/usb_device_udd.o
 .bss.udd_ep_control_state
                0x200001b6        0x1 src/ASF/sam0/drivers/usb/stack_interface/usb_device_udd.o
 *fill*         0x200001b7        0x1 
 .bss.udd_ep_job
                0x200001b8       0x50 src/ASF/sam0/drivers/usb/stack_interface/usb_device_udd.o
 .bss.udd_state.13174
                0x20000208        0x1 src/ASF/sam0/drivers/usb/stack_interface/usb_device_udd.o
 .bss.main_b_msc_enable
                0x20000209        0x1 src/main.o
 *fill*         0x2000020a        0x2 
 .bss._usb_instances
                0x2000020c        0x4 src/ASF/sam0/drivers/usb/usb_sam_d_r/usb.o
 .bss.device_callback_lpm_wakeup_enable
                0x20000210        0x4 src/ASF/sam0/drivers/usb/usb_sam_d_r/usb.o
 .bss.ep_callback_para
                0x20000214        0x8 src/ASF/sam0/drivers/usb/usb_sam_d_r/usb.o
 .bss.host_pipe_job_busy_status
                0x2000021c        0x4 src/ASF/sam0/drivers/usb/usb_sam_d_r/usb.o
                0x2000021c                host_pipe_job_busy_status
 .bss.pipe_callback_para
                0x20000220        0x6 src/ASF/sam0/drivers/usb/usb_sam_d_r/usb.o
 *fill*         0x20000226        0x2 
 .bss._sercom_config
                0x20000228        0x2 src/ASF/sam0/drivers/sercom/sercom.o
 *fill*         0x2000022a        0x2 
 .bss.sd_mmc_ejected
                0x2000022c        0x2 src/ASF/common2/components/memory/sd_mmc/sd_mmc_mem.o
 *fill*         0x2000022e        0x2 
 .bss.sd_mmc_master
                0x20000230        0xc src/ASF/common2/components/memory/sd_mmc/sd_mmc_spi.o
 .bss.sd_mmc_spi_block_size
                0x2000023c        0x2 src/ASF/common2/components/memory/sd_mmc/sd_mmc_spi.o
 *fill*         0x2000023e        0x2 
 .bss.sd_mmc_spi_devices
                0x20000240        0x3 src/ASF/common2/components/memory/sd_mmc/sd_mmc_spi.o
 .bss.sd_mmc_spi_err
                0x20000243        0x1 src/ASF/common2/components/memory/sd_mmc/sd_mmc_spi.o
 .bss.sd_mmc_spi_nb_block
                0x20000244        0x2 src/ASF/common2/components/memory/sd_mmc/sd_mmc_spi.o
 *fill*         0x20000246        0x2 
 .bss.sd_mmc_spi_response_32
                0x20000248        0x4 src/ASF/common2/components/memory/sd_mmc/sd_mmc_spi.o
 .bss.sd_mmc_spi_transfert_pos
                0x2000024c        0x4 src/ASF/common2/components/memory/sd_mmc/sd_mmc_spi.o
 .bss.slave_configs
                0x20000250        0x3 src/ASF/common2/components/memory/sd_mmc/sd_mmc_spi.o
 *fill*         0x20000253        0x1 
 .bss.cpu_irq_critical_section_counter
                0x20000254        0x4 src/ASF/common/utils/interrupt/interrupt_sam_nvic.o
 .bss.cpu_irq_prev_interrupt_state
                0x20000258        0x1 src/ASF/common/utils/interrupt/interrupt_sam_nvic.o
 *(COMMON)
 COMMON         0x20000259        0x1 src/ASF/common/services/usb/class/msc/device/udi_msc.o
                0x20000259                udi_msc_b_abort_trans
 *fill*         0x2000025a        0x2 
 COMMON         0x2000025c       0x40 src/ASF/sam0/drivers/extint/extint_sam_d_r_h/extint.o
                0x2000025c                _extint_dev
 COMMON         0x2000029c      0x240 src/ASF/sam0/drivers/usb/stack_interface/usb_device_udd.o
                0x2000029c                udd_ep_out_cache_buffer
                0x2000031c                usb_device
                0x20000484                udd_g_ctrlreq
                0x2000049c                udd_ctrl_buffer
 COMMON         0x200004dc      0x100 src/ASF/sam0/drivers/usb/usb_sam_d_r/usb.o
                0x200004dc                usb_descriptor_table
 COMMON         0x200005dc        0x1 src/ASF/sam0/drivers/extint/extint_callback.o
                0x200005dc                _current_channel
 *fill*         0x200005dd        0x3 
 COMMON         0x200005e0      0x400 src/ASF/common2/components/memory/sd_mmc/sd_mmc_mem.o
                0x200005e0                sector_buf_1
                0x200007e0                sector_buf_0
 COMMON         0x200009e0        0x5 src/ASF/common/services/sleepmgr/samd/sleepmgr.o
                0x200009e0                sleepmgr_locks
                0x200009e8                . = ALIGN (0x4)
 *fill*         0x200009e5        0x3 
                0x200009e8                _ebss = .
                0x200009e8                _ezero = .

.stack          0x200009e8     0x2000 load address 0x00006984
                0x200009e8                . = ALIGN (0x8)
                0x200009e8                _sstack = .
                0x200029e8                . = (. + STACK_SIZE)
 *fill*         0x200009e8     0x2000 
                0x200029e8                . = ALIGN (0x8)
                0x200029e8                _estack = .
                0x200029e8                . = ALIGN (0x4)
                0x200029e8                _end = .
OUTPUT(SoundingSoil_1.elf elf32-littlearm)

.ARM.attributes
                0x00000000       0x28
 .ARM.attributes
                0x00000000       0x1e c:/program files (x86)/atmel/studio/7.0/toolchain/arm/arm-gnu-toolchain/bin/../lib/gcc/arm-none-eabi/6.3.1/thumb/v6-m/crti.o
 .ARM.attributes
                0x0000001e       0x2c c:/program files (x86)/atmel/studio/7.0/toolchain/arm/arm-gnu-toolchain/bin/../lib/gcc/arm-none-eabi/6.3.1/thumb/v6-m/crtbegin.o
 .ARM.attributes
                0x0000004a       0x32 src/ASF/common2/components/memory/sd_mmc/sd_mmc.o
 .ARM.attributes
                0x0000007c       0x32 src/ASF/common/services/usb/class/msc/device/example/samd21j18a_samd21_xplained_pro/ui.o
 .ARM.attributes
                0x000000ae       0x32 src/ASF/common/services/usb/class/msc/device/udi_msc.o
 .ARM.attributes
                0x000000e0       0x32 src/ASF/common/services/usb/udc/udc.o
 .ARM.attributes
                0x00000112       0x32 src/ASF/sam0/drivers/extint/extint_sam_d_r_h/extint.o
 .ARM.attributes
                0x00000144       0x32 src/ASF/sam0/drivers/system/clock/clock_samd21_r21_da_ha1/clock.o
 .ARM.attributes
                0x00000176       0x32 src/ASF/sam0/drivers/usb/stack_interface/usb_device_udd.o
 .ARM.attributes
                0x000001a8       0x32 src/main.o
 .ARM.attributes
                0x000001da       0x32 src/memories_initialization_samd.o
 .ARM.attributes
                0x0000020c       0x32 src/ASF/sam0/drivers/usb/usb_sam_d_r/usb.o
 .ARM.attributes
                0x0000023e       0x32 src/ASF/sam0/drivers/extint/extint_callback.o
 .ARM.attributes
                0x00000270       0x32 src/ASF/common/services/usb/class/msc/device/udi_msc_desc.o
 .ARM.attributes
                0x000002a2       0x32 src/ASF/sam0/drivers/sercom/sercom.o
 .ARM.attributes
                0x000002d4       0x32 src/ASF/sam0/drivers/sercom/spi/spi.o
 .ARM.attributes
                0x00000306       0x32 src/ASF/common2/services/delay/sam0/cycle_counter.o
 .ARM.attributes
                0x00000338       0x32 src/ASF/common2/components/memory/sd_mmc/sd_mmc_mem.o
 .ARM.attributes
                0x0000036a       0x32 src/ASF/common2/components/memory/sd_mmc/sd_mmc_spi.o
 .ARM.attributes
                0x0000039c       0x32 src/ASF/common/services/sleepmgr/samd/sleepmgr.o
 .ARM.attributes
                0x000003ce       0x32 src/ASF/common/services/storage/ctrl_access/ctrl_access.o
 .ARM.attributes
                0x00000400       0x32 src/ASF/common/utils/interrupt/interrupt_sam_nvic.o
 .ARM.attributes
                0x00000432       0x32 src/ASF/sam0/boards/samd21_xplained_pro/board_init.o
 .ARM.attributes
                0x00000464       0x32 src/ASF/sam0/drivers/port/port.o
 .ARM.attributes
                0x00000496       0x32 src/ASF/sam0/drivers/system/clock/clock_samd21_r21_da_ha1/gclk.o
 .ARM.attributes
                0x000004c8       0x32 src/ASF/sam0/drivers/system/pinmux/pinmux.o
 .ARM.attributes
                0x000004fa       0x32 src/ASF/sam0/drivers/system/system.o
 .ARM.attributes
                0x0000052c       0x32 src/ASF/sam0/utils/cmsis/samd21/source/gcc/startup_samd21.o
 .ARM.attributes
                0x0000055e       0x1e c:/program files (x86)/atmel/studio/7.0/toolchain/arm/arm-gnu-toolchain/bin/../lib/gcc/arm-none-eabi/6.3.1/thumb/v6-m\libgcc.a(_udivsi3.o)
 .ARM.attributes
                0x0000057c       0x1e c:/program files (x86)/atmel/studio/7.0/toolchain/arm/arm-gnu-toolchain/bin/../lib/gcc/arm-none-eabi/6.3.1/thumb/v6-m\libgcc.a(_divsi3.o)
 .ARM.attributes
                0x0000059a       0x1e c:/program files (x86)/atmel/studio/7.0/toolchain/arm/arm-gnu-toolchain/bin/../lib/gcc/arm-none-eabi/6.3.1/thumb/v6-m\libgcc.a(_dvmd_tls.o)
 .ARM.attributes
                0x000005b8       0x1e c:/program files (x86)/atmel/studio/7.0/toolchain/arm/arm-gnu-toolchain/bin/../lib/gcc/arm-none-eabi/6.3.1/thumb/v6-m\libgcc.a(_clzsi2.o)
 .ARM.attributes
                0x000005d6       0x1e c:/program files (x86)/atmel/studio/7.0/toolchain/arm/arm-gnu-toolchain/bin/../lib/gcc/arm-none-eabi/6.3.1/thumb/v6-m\libgcc.a(_ctzsi2.o)
 .ARM.attributes
                0x000005f4       0x1e c:/program files (x86)/atmel/studio/7.0/toolchain/arm/arm-gnu-toolchain/bin/../lib/gcc/arm-none-eabi/6.3.1/thumb/v6-m\libgcc.a(_aeabi_uldivmod.o)
 .ARM.attributes
                0x00000612       0x2c c:/program files (x86)/atmel/studio/7.0/toolchain/arm/arm-gnu-toolchain/bin/../lib/gcc/arm-none-eabi/6.3.1/thumb/v6-m\libgcc.a(_muldi3.o)
 .ARM.attributes
                0x0000063e       0x2c c:/program files (x86)/atmel/studio/7.0/toolchain/arm/arm-gnu-toolchain/bin/../lib/gcc/arm-none-eabi/6.3.1/thumb/v6-m\libgcc.a(_udivmoddi4.o)
 .ARM.attributes
                0x0000066a       0x1e c:/program files (x86)/atmel/studio/7.0/toolchain/arm/arm-gnu-toolchain/bin/../lib/gcc/arm-none-eabi/6.3.1/thumb/v6-m\libgcc.a(_clzdi2.o)
 .ARM.attributes
                0x00000688       0x2c c:/program files (x86)/atmel/studio/7.0/toolchain/arm/arm-gnu-toolchain/bin/../lib/gcc/arm-none-eabi/6.3.1/../../../../arm-none-eabi/lib/thumb/v6-m\libc_nano.a(lib_a-init.o)
 .ARM.attributes
                0x000006b4       0x2c c:/program files (x86)/atmel/studio/7.0/toolchain/arm/arm-gnu-toolchain/bin/../lib/gcc/arm-none-eabi/6.3.1/../../../../arm-none-eabi/lib/thumb/v6-m\libc_nano.a(lib_a-memcpy-stub.o)
 .ARM.attributes
                0x000006e0       0x2c c:/program files (x86)/atmel/studio/7.0/toolchain/arm/arm-gnu-toolchain/bin/../lib/gcc/arm-none-eabi/6.3.1/../../../../arm-none-eabi/lib/thumb/v6-m\libc_nano.a(lib_a-memset.o)
 .ARM.attributes
                0x0000070c       0x1e c:/program files (x86)/atmel/studio/7.0/toolchain/arm/arm-gnu-toolchain/bin/../lib/gcc/arm-none-eabi/6.3.1/thumb/v6-m/crtn.o

.comment        0x00000000       0x59
 .comment       0x00000000       0x59 src/ASF/common2/components/memory/sd_mmc/sd_mmc.o
                                 0x5a (size before relaxing)
 .comment       0x00000059       0x5a src/ASF/common/services/usb/class/msc/device/example/samd21j18a_samd21_xplained_pro/ui.o
 .comment       0x00000059       0x5a src/ASF/common/services/usb/class/msc/device/udi_msc.o
 .comment       0x00000059       0x5a src/ASF/common/services/usb/udc/udc.o
 .comment       0x00000059       0x5a src/ASF/sam0/drivers/extint/extint_sam_d_r_h/extint.o
 .comment       0x00000059       0x5a src/ASF/sam0/drivers/system/clock/clock_samd21_r21_da_ha1/clock.o
 .comment       0x00000059       0x5a src/ASF/sam0/drivers/usb/stack_interface/usb_device_udd.o
 .comment       0x00000059       0x5a src/main.o
 .comment       0x00000059       0x5a src/memories_initialization_samd.o
 .comment       0x00000059       0x5a src/ASF/sam0/drivers/usb/usb_sam_d_r/usb.o
 .comment       0x00000059       0x5a src/ASF/sam0/drivers/extint/extint_callback.o
 .comment       0x00000059       0x5a src/ASF/common/services/usb/class/msc/device/udi_msc_desc.o
 .comment       0x00000059       0x5a src/ASF/sam0/drivers/sercom/sercom.o
 .comment       0x00000059       0x5a src/ASF/sam0/drivers/sercom/spi/spi.o
 .comment       0x00000059       0x5a src/ASF/common2/services/delay/sam0/cycle_counter.o
 .comment       0x00000059       0x5a src/ASF/common2/components/memory/sd_mmc/sd_mmc_mem.o
 .comment       0x00000059       0x5a src/ASF/common2/components/memory/sd_mmc/sd_mmc_spi.o
 .comment       0x00000059       0x5a src/ASF/common/services/sleepmgr/samd/sleepmgr.o
 .comment       0x00000059       0x5a src/ASF/common/services/storage/ctrl_access/ctrl_access.o
 .comment       0x00000059       0x5a src/ASF/common/utils/interrupt/interrupt_sam_nvic.o
 .comment       0x00000059       0x5a src/ASF/sam0/boards/samd21_xplained_pro/board_init.o
 .comment       0x00000059       0x5a src/ASF/sam0/drivers/port/port.o
 .comment       0x00000059       0x5a src/ASF/sam0/drivers/system/clock/clock_samd21_r21_da_ha1/gclk.o
 .comment       0x00000059       0x5a src/ASF/sam0/drivers/system/pinmux/pinmux.o
 .comment       0x00000059       0x5a src/ASF/sam0/drivers/system/system.o
 .comment       0x00000059       0x5a src/ASF/sam0/utils/cmsis/samd21/source/gcc/startup_samd21.o

.debug_info     0x00000000    0x3c97e
 .debug_info    0x00000000     0x2b29 src/ASF/common2/components/memory/sd_mmc/sd_mmc.o
 .debug_info    0x00002b29     0x171b src/ASF/common/services/usb/class/msc/device/example/samd21j18a_samd21_xplained_pro/ui.o
 .debug_info    0x00004244     0x224c src/ASF/common/services/usb/class/msc/device/udi_msc.o
 .debug_info    0x00006490     0x1a8b src/ASF/common/services/usb/udc/udc.o
 .debug_info    0x00007f1b     0x2b26 src/ASF/sam0/drivers/extint/extint_sam_d_r_h/extint.o
 .debug_info    0x0000aa41     0x388c src/ASF/sam0/drivers/system/clock/clock_samd21_r21_da_ha1/clock.o
 .debug_info    0x0000e2cd     0x6db5 src/ASF/sam0/drivers/usb/stack_interface/usb_device_udd.o
 .debug_info    0x00015082     0x2f37 src/main.o
 .debug_info    0x00017fb9      0xe42 src/memories_initialization_samd.o
 .debug_info    0x00018dfb     0x5279 src/ASF/sam0/drivers/usb/usb_sam_d_r/usb.o
 .debug_info    0x0001e074     0x19a7 src/ASF/sam0/drivers/extint/extint_callback.o
 .debug_info    0x0001fa1b     0x1082 src/ASF/common/services/usb/class/msc/device/udi_msc_desc.o
 .debug_info    0x00020a9d     0x2de4 src/ASF/sam0/drivers/sercom/sercom.o
 .debug_info    0x00023881     0x6619 src/ASF/sam0/drivers/sercom/spi/spi.o
 .debug_info    0x00029e9a      0xa64 src/ASF/common2/services/delay/sam0/cycle_counter.o
 .debug_info    0x0002a8fe     0x161a src/ASF/common2/components/memory/sd_mmc/sd_mmc_mem.o
 .debug_info    0x0002bf18     0x4885 src/ASF/common2/components/memory/sd_mmc/sd_mmc_spi.o
 .debug_info    0x0003079d      0xa8e src/ASF/common/services/sleepmgr/samd/sleepmgr.o
 .debug_info    0x0003122b      0xf67 src/ASF/common/services/storage/ctrl_access/ctrl_access.o
 .debug_info    0x00032192      0xb07 src/ASF/common/utils/interrupt/interrupt_sam_nvic.o
 .debug_info    0x00032c99     0x12ad src/ASF/sam0/boards/samd21_xplained_pro/board_init.o
 .debug_info    0x00033f46     0x12b6 src/ASF/sam0/drivers/port/port.o
 .debug_info    0x000351fc     0x1ed1 src/ASF/sam0/drivers/system/clock/clock_samd21_r21_da_ha1/gclk.o
 .debug_info    0x000370cd     0x13f5 src/ASF/sam0/drivers/system/pinmux/pinmux.o
 .debug_info    0x000384c2      0xa73 src/ASF/sam0/drivers/system/system.o
 .debug_info    0x00038f35     0x3a49 src/ASF/sam0/utils/cmsis/samd21/source/gcc/startup_samd21.o

.debug_abbrev   0x00000000     0x58cd
 .debug_abbrev  0x00000000      0x4b4 src/ASF/common2/components/memory/sd_mmc/sd_mmc.o
 .debug_abbrev  0x000004b4      0x2fc src/ASF/common/services/usb/class/msc/device/example/samd21j18a_samd21_xplained_pro/ui.o
 .debug_abbrev  0x000007b0      0x3f2 src/ASF/common/services/usb/class/msc/device/udi_msc.o
 .debug_abbrev  0x00000ba2      0x3f5 src/ASF/common/services/usb/udc/udc.o
 .debug_abbrev  0x00000f97      0x4a7 src/ASF/sam0/drivers/extint/extint_sam_d_r_h/extint.o
 .debug_abbrev  0x0000143e      0x493 src/ASF/sam0/drivers/system/clock/clock_samd21_r21_da_ha1/clock.o
 .debug_abbrev  0x000018d1      0x61c src/ASF/sam0/drivers/usb/stack_interface/usb_device_udd.o
 .debug_abbrev  0x00001eed      0x3f5 src/main.o
 .debug_abbrev  0x000022e2      0x1cc src/memories_initialization_samd.o
 .debug_abbrev  0x000024ae      0x4e9 src/ASF/sam0/drivers/usb/usb_sam_d_r/usb.o
 .debug_abbrev  0x00002997      0x333 src/ASF/sam0/drivers/extint/extint_callback.o
 .debug_abbrev  0x00002cca      0x1d8 src/ASF/common/services/usb/class/msc/device/udi_msc_desc.o
 .debug_abbrev  0x00002ea2      0x378 src/ASF/sam0/drivers/sercom/sercom.o
 .debug_abbrev  0x0000321a      0x532 src/ASF/sam0/drivers/sercom/spi/spi.o
 .debug_abbrev  0x0000374c      0x1e7 src/ASF/common2/services/delay/sam0/cycle_counter.o
 .debug_abbrev  0x00003933      0x31b src/ASF/common2/components/memory/sd_mmc/sd_mmc_mem.o
 .debug_abbrev  0x00003c4e      0x503 src/ASF/common2/components/memory/sd_mmc/sd_mmc_spi.o
 .debug_abbrev  0x00004151      0x1b2 src/ASF/common/services/sleepmgr/samd/sleepmgr.o
 .debug_abbrev  0x00004303      0x2a9 src/ASF/common/services/storage/ctrl_access/ctrl_access.o
 .debug_abbrev  0x000045ac      0x22c src/ASF/common/utils/interrupt/interrupt_sam_nvic.o
 .debug_abbrev  0x000047d8      0x2dc src/ASF/sam0/boards/samd21_xplained_pro/board_init.o
 .debug_abbrev  0x00004ab4      0x298 src/ASF/sam0/drivers/port/port.o
 .debug_abbrev  0x00004d4c      0x3f1 src/ASF/sam0/drivers/system/clock/clock_samd21_r21_da_ha1/gclk.o
 .debug_abbrev  0x0000513d      0x37b src/ASF/sam0/drivers/system/pinmux/pinmux.o
 .debug_abbrev  0x000054b8      0x1e1 src/ASF/sam0/drivers/system/system.o
 .debug_abbrev  0x00005699      0x234 src/ASF/sam0/utils/cmsis/samd21/source/gcc/startup_samd21.o

.debug_loc      0x00000000     0xbc59
 .debug_loc     0x00000000     0x1000 src/ASF/common2/components/memory/sd_mmc/sd_mmc.o
 .debug_loc     0x00001000       0xfc src/ASF/common/services/usb/class/msc/device/example/samd21j18a_samd21_xplained_pro/ui.o
 .debug_loc     0x000010fc      0xa53 src/ASF/common/services/usb/class/msc/device/udi_msc.o
 .debug_loc     0x00001b4f      0x4f9 src/ASF/common/services/usb/udc/udc.o
 .debug_loc     0x00002048      0x43d src/ASF/sam0/drivers/extint/extint_sam_d_r_h/extint.o
 .debug_loc     0x00002485      0xf61 src/ASF/sam0/drivers/system/clock/clock_samd21_r21_da_ha1/clock.o
 .debug_loc     0x000033e6     0x135b src/ASF/sam0/drivers/usb/stack_interface/usb_device_udd.o
 .debug_loc     0x00004741      0x21c src/main.o
 .debug_loc     0x0000495d     0x1aff src/ASF/sam0/drivers/usb/usb_sam_d_r/usb.o
 .debug_loc     0x0000645c      0x2ac src/ASF/sam0/drivers/extint/extint_callback.o
 .debug_loc     0x00006708      0x9d5 src/ASF/sam0/drivers/sercom/sercom.o
 .debug_loc     0x000070dd     0x2d19 src/ASF/sam0/drivers/sercom/spi/spi.o
 .debug_loc     0x00009df6      0x686 src/ASF/common2/components/memory/sd_mmc/sd_mmc_mem.o
 .debug_loc     0x0000a47c      0x957 src/ASF/common2/components/memory/sd_mmc/sd_mmc_spi.o
 .debug_loc     0x0000add3      0x3ed src/ASF/common/services/storage/ctrl_access/ctrl_access.o
 .debug_loc     0x0000b1c0       0x8b src/ASF/sam0/boards/samd21_xplained_pro/board_init.o
 .debug_loc     0x0000b24b      0x13d src/ASF/sam0/drivers/port/port.o
 .debug_loc     0x0000b388      0x504 src/ASF/sam0/drivers/system/clock/clock_samd21_r21_da_ha1/gclk.o
 .debug_loc     0x0000b88c      0x36d src/ASF/sam0/drivers/system/pinmux/pinmux.o
 .debug_loc     0x0000bbf9       0x20 src/ASF/sam0/drivers/system/system.o
 .debug_loc     0x0000bc19       0x40 src/ASF/sam0/utils/cmsis/samd21/source/gcc/startup_samd21.o

.debug_aranges  0x00000000      0xab0
 .debug_aranges
                0x00000000       0xa8 src/ASF/common2/components/memory/sd_mmc/sd_mmc.o
 .debug_aranges
                0x000000a8       0x58 src/ASF/common/services/usb/class/msc/device/example/samd21j18a_samd21_xplained_pro/ui.o
 .debug_aranges
                0x00000100       0xe8 src/ASF/common/services/usb/class/msc/device/udi_msc.o
 .debug_aranges
                0x000001e8       0x70 src/ASF/common/services/usb/udc/udc.o
 .debug_aranges
                0x00000258       0x50 src/ASF/sam0/drivers/extint/extint_sam_d_r_h/extint.o
 .debug_aranges
                0x000002a8       0x78 src/ASF/sam0/drivers/system/clock/clock_samd21_r21_da_ha1/clock.o
 .debug_aranges
                0x00000320      0x130 src/ASF/sam0/drivers/usb/stack_interface/usb_device_udd.o
 .debug_aranges
                0x00000450       0x48 src/main.o
 .debug_aranges
                0x00000498       0x20 src/memories_initialization_samd.o
 .debug_aranges
                0x000004b8      0x158 src/ASF/sam0/drivers/usb/usb_sam_d_r/usb.o
 .debug_aranges
                0x00000610       0x48 src/ASF/sam0/drivers/extint/extint_callback.o
 .debug_aranges
                0x00000658       0x18 src/ASF/common/services/usb/class/msc/device/udi_msc_desc.o
 .debug_aranges
                0x00000670       0x48 src/ASF/sam0/drivers/sercom/sercom.o
 .debug_aranges
                0x000006b8       0x58 src/ASF/sam0/drivers/sercom/spi/spi.o
 .debug_aranges
                0x00000710       0x28 src/ASF/common2/services/delay/sam0/cycle_counter.o
 .debug_aranges
                0x00000738       0xc0 src/ASF/common2/components/memory/sd_mmc/sd_mmc_mem.o
 .debug_aranges
                0x000007f8       0xb0 src/ASF/common2/components/memory/sd_mmc/sd_mmc_spi.o
 .debug_aranges
                0x000008a8       0x18 src/ASF/common/services/sleepmgr/samd/sleepmgr.o
 .debug_aranges
                0x000008c0       0x70 src/ASF/common/services/storage/ctrl_access/ctrl_access.o
 .debug_aranges
                0x00000930       0x28 src/ASF/common/utils/interrupt/interrupt_sam_nvic.o
 .debug_aranges
                0x00000958       0x20 src/ASF/sam0/boards/samd21_xplained_pro/board_init.o
 .debug_aranges
                0x00000978       0x28 src/ASF/sam0/drivers/port/port.o
 .debug_aranges
                0x000009a0       0x80 src/ASF/sam0/drivers/system/clock/clock_samd21_r21_da_ha1/gclk.o
 .debug_aranges
                0x00000a20       0x40 src/ASF/sam0/drivers/system/pinmux/pinmux.o
 .debug_aranges
                0x00000a60       0x28 src/ASF/sam0/drivers/system/system.o
 .debug_aranges
                0x00000a88       0x28 src/ASF/sam0/utils/cmsis/samd21/source/gcc/startup_samd21.o

.debug_ranges   0x00000000     0x1158
 .debug_ranges  0x00000000      0x208 src/ASF/common2/components/memory/sd_mmc/sd_mmc.o
 .debug_ranges  0x00000208       0x48 src/ASF/common/services/usb/class/msc/device/example/samd21j18a_samd21_xplained_pro/ui.o
 .debug_ranges  0x00000250       0xf0 src/ASF/common/services/usb/class/msc/device/udi_msc.o
 .debug_ranges  0x00000340       0xf0 src/ASF/common/services/usb/udc/udc.o
 .debug_ranges  0x00000430       0x40 src/ASF/sam0/drivers/extint/extint_sam_d_r_h/extint.o
 .debug_ranges  0x00000470       0x68 src/ASF/sam0/drivers/system/clock/clock_samd21_r21_da_ha1/clock.o
 .debug_ranges  0x000004d8      0x1b0 src/ASF/sam0/drivers/usb/stack_interface/usb_device_udd.o
 .debug_ranges  0x00000688       0xd0 src/main.o
 .debug_ranges  0x00000758       0x10 src/memories_initialization_samd.o
 .debug_ranges  0x00000768      0x190 src/ASF/sam0/drivers/usb/usb_sam_d_r/usb.o
 .debug_ranges  0x000008f8       0x90 src/ASF/sam0/drivers/extint/extint_callback.o
 .debug_ranges  0x00000988       0x50 src/ASF/sam0/drivers/sercom/sercom.o
 .debug_ranges  0x000009d8      0x490 src/ASF/sam0/drivers/sercom/spi/spi.o
 .debug_ranges  0x00000e68       0x18 src/ASF/common2/services/delay/sam0/cycle_counter.o
 .debug_ranges  0x00000e80       0xb0 src/ASF/common2/components/memory/sd_mmc/sd_mmc_mem.o
 .debug_ranges  0x00000f30       0xa0 src/ASF/common2/components/memory/sd_mmc/sd_mmc_spi.o
 .debug_ranges  0x00000fd0       0x60 src/ASF/common/services/storage/ctrl_access/ctrl_access.o
 .debug_ranges  0x00001030       0x18 src/ASF/common/utils/interrupt/interrupt_sam_nvic.o
 .debug_ranges  0x00001048       0x10 src/ASF/sam0/boards/samd21_xplained_pro/board_init.o
 .debug_ranges  0x00001058       0x18 src/ASF/sam0/drivers/port/port.o
 .debug_ranges  0x00001070       0x88 src/ASF/sam0/drivers/system/clock/clock_samd21_r21_da_ha1/gclk.o
 .debug_ranges  0x000010f8       0x30 src/ASF/sam0/drivers/system/pinmux/pinmux.o
 .debug_ranges  0x00001128       0x18 src/ASF/sam0/drivers/system/system.o
 .debug_ranges  0x00001140       0x18 src/ASF/sam0/utils/cmsis/samd21/source/gcc/startup_samd21.o

.debug_macro    0x00000000    0x20f53
 .debug_macro   0x00000000      0x832 src/ASF/common2/components/memory/sd_mmc/sd_mmc.o
 .debug_macro   0x00000832      0x8da src/ASF/common2/components/memory/sd_mmc/sd_mmc.o
 .debug_macro   0x0000110c      0x16d src/ASF/common2/components/memory/sd_mmc/sd_mmc.o
 .debug_macro   0x00001279      0x64b src/ASF/common2/components/memory/sd_mmc/sd_mmc.o
 .debug_macro   0x000018c4       0x22 src/ASF/common2/components/memory/sd_mmc/sd_mmc.o
 .debug_macro   0x000018e6       0x87 src/ASF/common2/components/memory/sd_mmc/sd_mmc.o
 .debug_macro   0x0000196d       0x51 src/ASF/common2/components/memory/sd_mmc/sd_mmc.o
 .debug_macro   0x000019be       0xef src/ASF/common2/components/memory/sd_mmc/sd_mmc.o
 .debug_macro   0x00001aad       0x6a src/ASF/common2/components/memory/sd_mmc/sd_mmc.o
 .debug_macro   0x00001b17      0x1df src/ASF/common2/components/memory/sd_mmc/sd_mmc.o
 .debug_macro   0x00001cf6       0x10 src/ASF/common2/components/memory/sd_mmc/sd_mmc.o
 .debug_macro   0x00001d06       0x76 src/ASF/common2/components/memory/sd_mmc/sd_mmc.o
 .debug_macro   0x00001d7c       0x16 src/ASF/common2/components/memory/sd_mmc/sd_mmc.o
 .debug_macro   0x00001d92      0x6e5 src/ASF/common2/components/memory/sd_mmc/sd_mmc.o
 .debug_macro   0x00002477      0xde2 src/ASF/common2/components/memory/sd_mmc/sd_mmc.o
 .debug_macro   0x00003259       0x22 src/ASF/common2/components/memory/sd_mmc/sd_mmc.o
 .debug_macro   0x0000327b       0x40 src/ASF/common2/components/memory/sd_mmc/sd_mmc.o
 .debug_macro   0x000032bb       0x3a src/ASF/common2/components/memory/sd_mmc/sd_mmc.o
 .debug_macro   0x000032f5       0x1f src/ASF/common2/components/memory/sd_mmc/sd_mmc.o
 .debug_macro   0x00003314      0x250 src/ASF/common2/components/memory/sd_mmc/sd_mmc.o
 .debug_macro   0x00003564      0x682 src/ASF/common2/components/memory/sd_mmc/sd_mmc.o
 .debug_macro   0x00003be6      0x8bf src/ASF/common2/components/memory/sd_mmc/sd_mmc.o
 .debug_macro   0x000044a5      0x235 src/ASF/common2/components/memory/sd_mmc/sd_mmc.o
 .debug_macro   0x000046da      0xd6a src/ASF/common2/components/memory/sd_mmc/sd_mmc.o
 .debug_macro   0x00005444      0x4ce src/ASF/common2/components/memory/sd_mmc/sd_mmc.o
 .debug_macro   0x00005912      0x9f8 src/ASF/common2/components/memory/sd_mmc/sd_mmc.o
 .debug_macro   0x0000630a      0x82b src/ASF/common2/components/memory/sd_mmc/sd_mmc.o
 .debug_macro   0x00006b35      0x45f src/ASF/common2/components/memory/sd_mmc/sd_mmc.o
 .debug_macro   0x00006f94       0x5e src/ASF/common2/components/memory/sd_mmc/sd_mmc.o
 .debug_macro   0x00006ff2      0x906 src/ASF/common2/components/memory/sd_mmc/sd_mmc.o
 .debug_macro   0x000078f8      0x225 src/ASF/common2/components/memory/sd_mmc/sd_mmc.o
 .debug_macro   0x00007b1d      0x963 src/ASF/common2/components/memory/sd_mmc/sd_mmc.o
 .debug_macro   0x00008480       0x5e src/ASF/common2/components/memory/sd_mmc/sd_mmc.o
 .debug_macro   0x000084de      0x671 src/ASF/common2/components/memory/sd_mmc/sd_mmc.o
 .debug_macro   0x00008b4f      0x3af src/ASF/common2/components/memory/sd_mmc/sd_mmc.o
 .debug_macro   0x00008efe      0xc7f src/ASF/common2/components/memory/sd_mmc/sd_mmc.o
 .debug_macro   0x00009b7d     0x1092 src/ASF/common2/components/memory/sd_mmc/sd_mmc.o
 .debug_macro   0x0000ac0f      0xc4a src/ASF/common2/components/memory/sd_mmc/sd_mmc.o
 .debug_macro   0x0000b859      0x6bf src/ASF/common2/components/memory/sd_mmc/sd_mmc.o
 .debug_macro   0x0000bf18     0x1bc9 src/ASF/common2/components/memory/sd_mmc/sd_mmc.o
 .debug_macro   0x0000dae1     0x144a src/ASF/common2/components/memory/sd_mmc/sd_mmc.o
 .debug_macro   0x0000ef2b      0x34e src/ASF/common2/components/memory/sd_mmc/sd_mmc.o
 .debug_macro   0x0000f279       0x7c src/ASF/common2/components/memory/sd_mmc/sd_mmc.o
 .debug_macro   0x0000f2f5       0xa0 src/ASF/common2/components/memory/sd_mmc/sd_mmc.o
 .debug_macro   0x0000f395       0x4c src/ASF/common2/components/memory/sd_mmc/sd_mmc.o
 .debug_macro   0x0000f3e1       0xca src/ASF/common2/components/memory/sd_mmc/sd_mmc.o
 .debug_macro   0x0000f4ab       0x94 src/ASF/common2/components/memory/sd_mmc/sd_mmc.o
 .debug_macro   0x0000f53f       0x58 src/ASF/common2/components/memory/sd_mmc/sd_mmc.o
 .debug_macro   0x0000f597      0x387 src/ASF/common2/components/memory/sd_mmc/sd_mmc.o
 .debug_macro   0x0000f91e       0x82 src/ASF/common2/components/memory/sd_mmc/sd_mmc.o
 .debug_macro   0x0000f9a0      0x197 src/ASF/common2/components/memory/sd_mmc/sd_mmc.o
 .debug_macro   0x0000fb37       0xb8 src/ASF/common2/components/memory/sd_mmc/sd_mmc.o
 .debug_macro   0x0000fbef       0xa0 src/ASF/common2/components/memory/sd_mmc/sd_mmc.o
 .debug_macro   0x0000fc8f       0xb8 src/ASF/common2/components/memory/sd_mmc/sd_mmc.o
 .debug_macro   0x0000fd47       0x1c src/ASF/common2/components/memory/sd_mmc/sd_mmc.o
 .debug_macro   0x0000fd63       0x1c src/ASF/common2/components/memory/sd_mmc/sd_mmc.o
 .debug_macro   0x0000fd7f       0x1c src/ASF/common2/components/memory/sd_mmc/sd_mmc.o
 .debug_macro   0x0000fd9b       0x82 src/ASF/common2/components/memory/sd_mmc/sd_mmc.o
 .debug_macro   0x0000fe1d      0x161 src/ASF/common2/components/memory/sd_mmc/sd_mmc.o
 .debug_macro   0x0000ff7e       0xdc src/ASF/common2/components/memory/sd_mmc/sd_mmc.o
 .debug_macro   0x0001005a      0x12f src/ASF/common2/components/memory/sd_mmc/sd_mmc.o
 .debug_macro   0x00010189      0x12f src/ASF/common2/components/memory/sd_mmc/sd_mmc.o
 .debug_macro   0x000102b8      0x12f src/ASF/common2/components/memory/sd_mmc/sd_mmc.o
 .debug_macro   0x000103e7      0x12f src/ASF/common2/components/memory/sd_mmc/sd_mmc.o
 .debug_macro   0x00010516      0x12f src/ASF/common2/components/memory/sd_mmc/sd_mmc.o
 .debug_macro   0x00010645      0x12f src/ASF/common2/components/memory/sd_mmc/sd_mmc.o
 .debug_macro   0x00010774      0x124 src/ASF/common2/components/memory/sd_mmc/sd_mmc.o
 .debug_macro   0x00010898       0xe2 src/ASF/common2/components/memory/sd_mmc/sd_mmc.o
 .debug_macro   0x0001097a       0xe2 src/ASF/common2/components/memory/sd_mmc/sd_mmc.o
 .debug_macro   0x00010a5c       0xe2 src/ASF/common2/components/memory/sd_mmc/sd_mmc.o
 .debug_macro   0x00010b3e       0xe2 src/ASF/common2/components/memory/sd_mmc/sd_mmc.o
 .debug_macro   0x00010c20       0xe2 src/ASF/common2/components/memory/sd_mmc/sd_mmc.o
 .debug_macro   0x00010d02      0x133 src/ASF/common2/components/memory/sd_mmc/sd_mmc.o
 .debug_macro   0x00010e35      0x106 src/ASF/common2/components/memory/sd_mmc/sd_mmc.o
 .debug_macro   0x00010f3b       0xfa src/ASF/common2/components/memory/sd_mmc/sd_mmc.o
 .debug_macro   0x00011035      0x40f src/ASF/common2/components/memory/sd_mmc/sd_mmc.o
 .debug_macro   0x00011444       0x40 src/ASF/common2/components/memory/sd_mmc/sd_mmc.o
 .debug_macro   0x00011484      0x37d src/ASF/common2/components/memory/sd_mmc/sd_mmc.o
 .debug_macro   0x00011801     0x1e5c src/ASF/common2/components/memory/sd_mmc/sd_mmc.o
 .debug_macro   0x0001365d       0x6d src/ASF/common2/components/memory/sd_mmc/sd_mmc.o
 .debug_macro   0x000136ca       0x58 src/ASF/common2/components/memory/sd_mmc/sd_mmc.o
 .debug_macro   0x00013722       0x35 src/ASF/common2/components/memory/sd_mmc/sd_mmc.o
 .debug_macro   0x00013757       0x9c src/ASF/common2/components/memory/sd_mmc/sd_mmc.o
 .debug_macro   0x000137f3       0x16 src/ASF/common2/components/memory/sd_mmc/sd_mmc.o
 .debug_macro   0x00013809       0x35 src/ASF/common2/components/memory/sd_mmc/sd_mmc.o
 .debug_macro   0x0001383e      0x353 src/ASF/common2/components/memory/sd_mmc/sd_mmc.o
 .debug_macro   0x00013b91       0x10 src/ASF/common2/components/memory/sd_mmc/sd_mmc.o
 .debug_macro   0x00013ba1       0x58 src/ASF/common2/components/memory/sd_mmc/sd_mmc.o
 .debug_macro   0x00013bf9       0x1f src/ASF/common2/components/memory/sd_mmc/sd_mmc.o
 .debug_macro   0x00013c18       0x43 src/ASF/common2/components/memory/sd_mmc/sd_mmc.o
 .debug_macro   0x00013c5b       0x20 src/ASF/common2/components/memory/sd_mmc/sd_mmc.o
 .debug_macro   0x00013c7b      0x187 src/ASF/common2/components/memory/sd_mmc/sd_mmc.o
 .debug_macro   0x00013e02       0x10 src/ASF/common2/components/memory/sd_mmc/sd_mmc.o
 .debug_macro   0x00013e12       0x1c src/ASF/common2/components/memory/sd_mmc/sd_mmc.o
 .debug_macro   0x00013e2e       0x52 src/ASF/common2/components/memory/sd_mmc/sd_mmc.o
 .debug_macro   0x00013e80       0x40 src/ASF/common2/components/memory/sd_mmc/sd_mmc.o
 .debug_macro   0x00013ec0       0x10 src/ASF/common2/components/memory/sd_mmc/sd_mmc.o
 .debug_macro   0x00013ed0       0x40 src/ASF/common2/components/memory/sd_mmc/sd_mmc.o
 .debug_macro   0x00013f10       0xd7 src/ASF/common2/components/memory/sd_mmc/sd_mmc.o
 .debug_macro   0x00013fe7       0x16 src/ASF/common2/components/memory/sd_mmc/sd_mmc.o
 .debug_macro   0x00013ffd      0x18b src/ASF/common2/components/memory/sd_mmc/sd_mmc.o
 .debug_macro   0x00014188       0x16 src/ASF/common2/components/memory/sd_mmc/sd_mmc.o
 .debug_macro   0x0001419e       0x16 src/ASF/common2/components/memory/sd_mmc/sd_mmc.o
 .debug_macro   0x000141b4       0x29 src/ASF/common2/components/memory/sd_mmc/sd_mmc.o
 .debug_macro   0x000141dd       0x51 src/ASF/common2/components/memory/sd_mmc/sd_mmc.o
 .debug_macro   0x0001422e       0x3f src/ASF/common2/components/memory/sd_mmc/sd_mmc.o
 .debug_macro   0x0001426d      0x3df src/ASF/common2/components/memory/sd_mmc/sd_mmc.o
 .debug_macro   0x0001464c       0x11 src/ASF/common2/components/memory/sd_mmc/sd_mmc.o
 .debug_macro   0x0001465d       0x2e src/ASF/common2/components/memory/sd_mmc/sd_mmc.o
 .debug_macro   0x0001468b       0x16 src/ASF/common2/components/memory/sd_mmc/sd_mmc.o
 .debug_macro   0x000146a1       0x18 src/ASF/common2/components/memory/sd_mmc/sd_mmc.o
 .debug_macro   0x000146b9       0x19 src/ASF/common2/components/memory/sd_mmc/sd_mmc.o
 .debug_macro   0x000146d2      0x2c6 src/ASF/common2/components/memory/sd_mmc/sd_mmc.o
 .debug_macro   0x00014998       0x10 src/ASF/common2/components/memory/sd_mmc/sd_mmc.o
 .debug_macro   0x000149a8      0x9f7 src/ASF/common2/components/memory/sd_mmc/sd_mmc.o
 .debug_macro   0x0001539f      0x137 src/ASF/common2/components/memory/sd_mmc/sd_mmc.o
 .debug_macro   0x000154d6       0x35 src/ASF/common2/components/memory/sd_mmc/sd_mmc.o
 .debug_macro   0x0001550b       0x4f src/ASF/common2/components/memory/sd_mmc/sd_mmc.o
 .debug_macro   0x0001555a       0x18 src/ASF/common2/components/memory/sd_mmc/sd_mmc.o
 .debug_macro   0x00015572       0x22 src/ASF/common2/components/memory/sd_mmc/sd_mmc.o
 .debug_macro   0x00015594       0x58 src/ASF/common2/components/memory/sd_mmc/sd_mmc.o
 .debug_macro   0x000155ec       0x9a src/ASF/common2/components/memory/sd_mmc/sd_mmc.o
 .debug_macro   0x00015686       0x16 src/ASF/common2/components/memory/sd_mmc/sd_mmc.o
 .debug_macro   0x0001569c       0x2e src/ASF/common2/components/memory/sd_mmc/sd_mmc.o
 .debug_macro   0x000156ca       0xb2 src/ASF/common2/components/memory/sd_mmc/sd_mmc.o
 .debug_macro   0x0001577c       0x10 src/ASF/common2/components/memory/sd_mmc/sd_mmc.o
 .debug_macro   0x0001578c       0x16 src/ASF/common2/components/memory/sd_mmc/sd_mmc.o
 .debug_macro   0x000157a2       0x16 src/ASF/common2/components/memory/sd_mmc/sd_mmc.o
 .debug_macro   0x000157b8       0x35 src/ASF/common2/components/memory/sd_mmc/sd_mmc.o
 .debug_macro   0x000157ed       0x10 src/ASF/common2/components/memory/sd_mmc/sd_mmc.o
 .debug_macro   0x000157fd       0x71 src/ASF/common2/components/memory/sd_mmc/sd_mmc.o
 .debug_macro   0x0001586e       0x2e src/ASF/common2/components/memory/sd_mmc/sd_mmc.o
 .debug_macro   0x0001589c      0x24b src/ASF/common2/components/memory/sd_mmc/sd_mmc.o
 .debug_macro   0x00015ae7      0x162 src/ASF/common2/components/memory/sd_mmc/sd_mmc.o
 .debug_macro   0x00015c49       0x80 src/ASF/common2/components/memory/sd_mmc/sd_mmc.o
 .debug_macro   0x00015cc9       0x16 src/ASF/common2/components/memory/sd_mmc/sd_mmc.o
 .debug_macro   0x00015cdf       0x1c src/ASF/common2/components/memory/sd_mmc/sd_mmc.o
 .debug_macro   0x00015cfb       0x28 src/ASF/common2/components/memory/sd_mmc/sd_mmc.o
 .debug_macro   0x00015d23      0xd3f src/ASF/common2/components/memory/sd_mmc/sd_mmc.o
 .debug_macro   0x00016a62       0x52 src/ASF/common2/components/memory/sd_mmc/sd_mmc.o
 .debug_macro   0x00016ab4      0x771 src/ASF/common/services/usb/class/msc/device/example/samd21j18a_samd21_xplained_pro/ui.o
 .debug_macro   0x00017225      0x64c src/ASF/common/services/usb/class/msc/device/udi_msc.o
 .debug_macro   0x00017871       0x6b src/ASF/common/services/usb/class/msc/device/udi_msc.o
 .debug_macro   0x000178dc      0x222 src/ASF/common/services/usb/class/msc/device/udi_msc.o
 .debug_macro   0x00017afe       0xd6 src/ASF/common/services/usb/class/msc/device/udi_msc.o
 .debug_macro   0x00017bd4      0x131 src/ASF/common/services/usb/class/msc/device/udi_msc.o
 .debug_macro   0x00017d05      0x5bb src/ASF/common/services/usb/udc/udc.o
 .debug_macro   0x000182c0      0x591 src/ASF/sam0/drivers/extint/extint_sam_d_r_h/extint.o
 .debug_macro   0x00018851       0x1f src/ASF/sam0/drivers/extint/extint_sam_d_r_h/extint.o
 .debug_macro   0x00018870       0x10 src/ASF/sam0/drivers/extint/extint_sam_d_r_h/extint.o
 .debug_macro   0x00018880      0x591 src/ASF/sam0/drivers/system/clock/clock_samd21_r21_da_ha1/clock.o
 .debug_macro   0x00018e11      0x29d src/ASF/sam0/drivers/system/clock/clock_samd21_r21_da_ha1/clock.o
 .debug_macro   0x000190ae      0x6ce src/ASF/sam0/drivers/usb/stack_interface/usb_device_udd.o
 .debug_macro   0x0001977c       0x52 src/ASF/sam0/drivers/usb/stack_interface/usb_device_udd.o
 .debug_macro   0x000197ce       0x8d src/ASF/sam0/drivers/usb/stack_interface/usb_device_udd.o
 .debug_macro   0x0001985b       0x57 src/ASF/sam0/drivers/usb/stack_interface/usb_device_udd.o
 .debug_macro   0x000198b2       0x10 src/ASF/sam0/drivers/usb/stack_interface/usb_device_udd.o
 .debug_macro   0x000198c2       0x1c src/ASF/sam0/drivers/usb/stack_interface/usb_device_udd.o
 .debug_macro   0x000198de      0x9fd src/ASF/sam0/drivers/usb/stack_interface/usb_device_udd.o
 .debug_macro   0x0001a2db       0x1c src/ASF/sam0/drivers/usb/stack_interface/usb_device_udd.o
 .debug_macro   0x0001a2f7      0x76a src/main.o
 .debug_macro   0x0001aa61      0x76a src/memories_initialization_samd.o
 .debug_macro   0x0001b1cb      0x5dc src/ASF/sam0/drivers/usb/usb_sam_d_r/usb.o
 .debug_macro   0x0001b7a7      0x537 src/ASF/sam0/drivers/extint/extint_callback.o
 .debug_macro   0x0001bcde      0x5a0 src/ASF/common/services/usb/class/msc/device/udi_msc_desc.o
 .debug_macro   0x0001c27e      0x59f src/ASF/sam0/drivers/sercom/sercom.o
 .debug_macro   0x0001c81d      0x5d4 src/ASF/sam0/drivers/sercom/spi/spi.o
 .debug_macro   0x0001cdf1       0x12 src/ASF/sam0/drivers/sercom/spi/spi.o
 .debug_macro   0x0001ce03      0x54d src/ASF/common2/services/delay/sam0/cycle_counter.o
 .debug_macro   0x0001d350      0x602 src/ASF/common2/components/memory/sd_mmc/sd_mmc_mem.o
 .debug_macro   0x0001d952       0xa0 src/ASF/common2/components/memory/sd_mmc/sd_mmc_mem.o
 .debug_macro   0x0001d9f2       0x55 src/ASF/common2/components/memory/sd_mmc/sd_mmc_mem.o
 .debug_macro   0x0001da47      0x780 src/ASF/common2/components/memory/sd_mmc/sd_mmc_spi.o
 .debug_macro   0x0001e1c7      0x572 src/ASF/common/services/sleepmgr/samd/sleepmgr.o
 .debug_macro   0x0001e739      0x58b src/ASF/common/services/storage/ctrl_access/ctrl_access.o
 .debug_macro   0x0001ecc4      0x512 src/ASF/common/utils/interrupt/interrupt_sam_nvic.o
 .debug_macro   0x0001f1d6      0x54d src/ASF/sam0/boards/samd21_xplained_pro/board_init.o
 .debug_macro   0x0001f723      0x52c src/ASF/sam0/drivers/port/port.o
 .debug_macro   0x0001fc4f      0x548 src/ASF/sam0/drivers/system/clock/clock_samd21_r21_da_ha1/gclk.o
 .debug_macro   0x00020197      0x522 src/ASF/sam0/drivers/system/pinmux/pinmux.o
 .debug_macro   0x000206b9       0x12 src/ASF/sam0/drivers/system/pinmux/pinmux.o
 .debug_macro   0x000206cb      0x555 src/ASF/sam0/drivers/system/system.o
 .debug_macro   0x00020c20      0x2f9 src/ASF/sam0/utils/cmsis/samd21/source/gcc/startup_samd21.o
 .debug_macro   0x00020f19       0x3a src/ASF/sam0/utils/cmsis/samd21/source/gcc/startup_samd21.o

.debug_line     0x00000000    0x14c7a
 .debug_line    0x00000000     0x1310 src/ASF/common2/components/memory/sd_mmc/sd_mmc.o